Archive member included to satisfy reference by file (symbol)

/usr/lib/gcc/arm-none-eabi/15.2.0/../../../../arm-none-eabi/lib/thumb/v6-m/nofp/libc_nano.a(libc_a-atexit.o)
                              /usr/lib/gcc/arm-none-eabi/15.2.0/../../../../arm-none-eabi/lib/thumb/v6-m/nofp/crt0.o (atexit)
/usr/lib/gcc/arm-none-eabi/15.2.0/../../../../arm-none-eabi/lib/thumb/v6-m/nofp/libc_nano.a(libc_a-exit.o)
                              /usr/lib/gcc/arm-none-eabi/15.2.0/../../../../arm-none-eabi/lib/thumb/v6-m/nofp/crt0.o (exit)
/usr/lib/gcc/arm-none-eabi/15.2.0/../../../../arm-none-eabi/lib/thumb/v6-m/nofp/libc_nano.a(libc_a-malloc.o)
                              CMakeFiles/tp1.elf.dir/home/hernan/SDK_25_06_00_LPC845BREAKOUT/devices/LPC845/drivers/fsl_common.c.obj (malloc)
/usr/lib/gcc/arm-none-eabi/15.2.0/../../../../arm-none-eabi/lib/thumb/v6-m/nofp/libc_nano.a(libc_a-mallocr.o)
                              /usr/lib/gcc/arm-none-eabi/15.2.0/../../../../arm-none-eabi/lib/thumb/v6-m/nofp/libc_nano.a(libc_a-malloc.o) (_malloc_r)
/usr/lib/gcc/arm-none-eabi/15.2.0/../../../../arm-none-eabi/lib/thumb/v6-m/nofp/libc_nano.a(libc_a-mlock.o)
                              /usr/lib/gcc/arm-none-eabi/15.2.0/../../../../arm-none-eabi/lib/thumb/v6-m/nofp/libc_nano.a(libc_a-mallocr.o) (__malloc_lock)
/usr/lib/gcc/arm-none-eabi/15.2.0/../../../../arm-none-eabi/lib/thumb/v6-m/nofp/libc_nano.a(libc_a-strtoul.o)
                              CMakeFiles/tp1.elf.dir/home/hernan/SDK_25_06_00_LPC845BREAKOUT/devices/LPC845/utilities/str/fsl_str.c.obj (strtoul)
/usr/lib/gcc/arm-none-eabi/15.2.0/../../../../arm-none-eabi/lib/thumb/v6-m/nofp/libc_nano.a(libc_a-ctype_.o)
                              /usr/lib/gcc/arm-none-eabi/15.2.0/../../../../arm-none-eabi/lib/thumb/v6-m/nofp/libc_nano.a(libc_a-strtoul.o) (_ctype_)
/usr/lib/gcc/arm-none-eabi/15.2.0/../../../../arm-none-eabi/lib/thumb/v6-m/nofp/libc_nano.a(libc_a-findfp.o)
                              /usr/lib/gcc/arm-none-eabi/15.2.0/../../../../arm-none-eabi/lib/thumb/v6-m/nofp/libc_nano.a(libc_a-exit.o) (__stdio_exit_handler)
/usr/lib/gcc/arm-none-eabi/15.2.0/../../../../arm-none-eabi/lib/thumb/v6-m/nofp/libc_nano.a(libc_a-fwalk.o)
                              /usr/lib/gcc/arm-none-eabi/15.2.0/../../../../arm-none-eabi/lib/thumb/v6-m/nofp/libc_nano.a(libc_a-findfp.o) (_fwalk_sglue)
/usr/lib/gcc/arm-none-eabi/15.2.0/../../../../arm-none-eabi/lib/thumb/v6-m/nofp/libc_nano.a(libc_a-snprintf.o)
                              CMakeFiles/tp1.elf.dir/src/usart.c.obj (snprintf)
/usr/lib/gcc/arm-none-eabi/15.2.0/../../../../arm-none-eabi/lib/thumb/v6-m/nofp/libc_nano.a(libc_a-stdio.o)
                              /usr/lib/gcc/arm-none-eabi/15.2.0/../../../../arm-none-eabi/lib/thumb/v6-m/nofp/libc_nano.a(libc_a-findfp.o) (__sread)
/usr/lib/gcc/arm-none-eabi/15.2.0/../../../../arm-none-eabi/lib/thumb/v6-m/nofp/libc_nano.a(libc_a-memset.o)
                              /usr/lib/gcc/arm-none-eabi/15.2.0/../../../../arm-none-eabi/lib/thumb/v6-m/nofp/crt0.o (memset)
/usr/lib/gcc/arm-none-eabi/15.2.0/../../../../arm-none-eabi/lib/thumb/v6-m/nofp/libc_nano.a(libc_a-closer.o)
                              /usr/lib/gcc/arm-none-eabi/15.2.0/../../../../arm-none-eabi/lib/thumb/v6-m/nofp/libc_nano.a(libc_a-stdio.o) (_close_r)
/usr/lib/gcc/arm-none-eabi/15.2.0/../../../../arm-none-eabi/lib/thumb/v6-m/nofp/libc_nano.a(libc_a-reent.o)
                              /usr/lib/gcc/arm-none-eabi/15.2.0/../../../../arm-none-eabi/lib/thumb/v6-m/nofp/libc_nano.a(libc_a-closer.o) (errno)
/usr/lib/gcc/arm-none-eabi/15.2.0/../../../../arm-none-eabi/lib/thumb/v6-m/nofp/libc_nano.a(libc_a-impure.o)
                              /usr/lib/gcc/arm-none-eabi/15.2.0/../../../../arm-none-eabi/lib/thumb/v6-m/nofp/libc_nano.a(libc_a-malloc.o) (_impure_ptr)
/usr/lib/gcc/arm-none-eabi/15.2.0/../../../../arm-none-eabi/lib/thumb/v6-m/nofp/libc_nano.a(libc_a-lseekr.o)
                              /usr/lib/gcc/arm-none-eabi/15.2.0/../../../../arm-none-eabi/lib/thumb/v6-m/nofp/libc_nano.a(libc_a-stdio.o) (_lseek_r)
/usr/lib/gcc/arm-none-eabi/15.2.0/../../../../arm-none-eabi/lib/thumb/v6-m/nofp/libc_nano.a(libc_a-readr.o)
                              /usr/lib/gcc/arm-none-eabi/15.2.0/../../../../arm-none-eabi/lib/thumb/v6-m/nofp/libc_nano.a(libc_a-stdio.o) (_read_r)
/usr/lib/gcc/arm-none-eabi/15.2.0/../../../../arm-none-eabi/lib/thumb/v6-m/nofp/libc_nano.a(libc_a-sbrkr.o)
                              /usr/lib/gcc/arm-none-eabi/15.2.0/../../../../arm-none-eabi/lib/thumb/v6-m/nofp/libc_nano.a(libc_a-mallocr.o) (_sbrk_r)
/usr/lib/gcc/arm-none-eabi/15.2.0/../../../../arm-none-eabi/lib/thumb/v6-m/nofp/libc_nano.a(libc_a-writer.o)
                              /usr/lib/gcc/arm-none-eabi/15.2.0/../../../../arm-none-eabi/lib/thumb/v6-m/nofp/libc_nano.a(libc_a-stdio.o) (_write_r)
/usr/lib/gcc/arm-none-eabi/15.2.0/../../../../arm-none-eabi/lib/thumb/v6-m/nofp/libc_nano.a(libc_a-errno.o)
[...]
Memory Configuration

Name             Origin             Length             Attributes
m_interrupts     0x00000000         0x00000200         xr
m_crp            0x000002fc         0x00000004         xr
m_text           0x00000300         0x0000fd00         xr
m_data           0x10000000         0x00003fe0         rw
*default*        0x00000000         0xffffffff

Linker script and memory map

LOAD /usr/lib/gcc/arm-none-eabi/15.2.0/thumb/v6-m/nofp/crti.o
LOAD /usr/lib/gcc/arm-none-eabi/15.2.0/thumb/v6-m/nofp/crtbegin.o
LOAD /usr/lib/gcc/arm-none-eabi/15.2.0/../../../../arm-none-eabi/lib/thumb/v6-m/nofp/crt0.o
LOAD CMakeFiles/tp1.elf.dir/board.c.obj
LOAD CMakeFiles/tp1.elf.dir/clock_config.c.obj
LOAD CMakeFiles/tp1.elf.dir/peripherals.c.obj
LOAD CMakeFiles/tp1.elf.dir/pin_mux.c.obj
LOAD CMakeFiles/tp1.elf.dir/src/adc.c.obj
LOAD CMakeFiles/tp1.elf.dir/src/button.c.obj
LOAD CMakeFiles/tp1.elf.dir/src/led.c.obj
LOAD CMakeFiles/tp1.elf.dir/src/timer.c.obj
LOAD CMakeFiles/tp1.elf.dir/src/usart.c.obj
LOAD CMakeFiles/tp1.elf.dir/main.c.obj
LOAD CMakeFiles/tp1.elf.dir/home/hernan/SDK_25_06_00_LPC845BREAKOUT/components/uart/fsl_adapter_miniusart.c.obj
LOAD CMakeFiles/tp1.elf.dir/home/hernan/SDK_25_06_00_LPC845BREAKOUT/devices/LPC845/gcc/startup_LPC845.S.obj
LOAD CMakeFiles/tp1.elf.dir/home/hernan/SDK_25_06_00_LPC845BREAKOUT/devices/LPC845/system_LPC845.c.obj
LOAD CMakeFiles/tp1.elf.dir/home/hernan/SDK_25_06_00_LPC845BREAKOUT/devices/LPC845/drivers/fsl_clock.c.obj
LOAD CMakeFiles/tp1.elf.dir/home/hernan/SDK_25_06_00_LPC845BREAKOUT/devices/LPC845/drivers/fsl_common.c.obj
LOAD CMakeFiles/tp1.elf.dir/home/hernan/SDK_25_06_00_LPC845BREAKOUT/devices/LPC845/drivers/fsl_common_arm.c.obj
LOAD CMakeFiles/tp1.elf.dir/home/hernan/SDK_25_06_00_LPC845BREAKOUT/devices/LPC845/drivers/fsl_inputmux.c.obj
LOAD CMakeFiles/tp1.elf.dir/home/hernan/SDK_25_06_00_LPC845BREAKOUT/devices/LPC845/drivers/fsl_adc.c.obj
LOAD CMakeFiles/tp1.elf.dir/home/hernan/SDK_25_06_00_LPC845BREAKOUT/devices/LPC845/drivers/fsl_gpio.c.obj
LOAD CMakeFiles/tp1.elf.dir/home/hernan/SDK_25_06_00_LPC845BREAKOUT/devices/LPC845/drivers/fsl_usart.c.obj
LOAD CMakeFiles/tp1.elf.dir/home/hernan/SDK_25_06_00_LPC845BREAKOUT/devices/LPC845/drivers/fsl_pint.c.obj
LOAD CMakeFiles/tp1.elf.dir/home/hernan/SDK_25_06_00_LPC845BREAKOUT/devices/LPC845/drivers/fsl_power.c.obj
LOAD CMakeFiles/tp1.elf.dir/home/hernan/SDK_25_06_00_LPC845BREAKOUT/devices/LPC845/drivers/fsl_reset.c.obj
LOAD CMakeFiles/tp1.elf.dir/home/hernan/SDK_25_06_00_LPC845BREAKOUT/devices/LPC845/drivers/fsl_swm.c.obj
LOAD CMakeFiles/tp1.elf.dir/home/hernan/SDK_25_06_00_LPC845BREAKOUT/devices/LPC845/drivers/fsl_syscon.c.obj
LOAD CMakeFiles/tp1.elf.dir/home/hernan/SDK_25_06_00_LPC845BREAKOUT/devices/LPC845/utilities/fsl_syscall_stub.c.obj
LOAD CMakeFiles/tp1.elf.dir/home/hernan/SDK_25_06_00_LPC845BREAKOUT/devices/LPC845/utilities/fsl_sbrk.c.obj
LOAD CMakeFiles/tp1.elf.dir/home/hernan/SDK_25_06_00_LPC845BREAKOUT/devices/LPC845/utilities/debug_console_lite/fsl_assert.c.obj
LOAD CMakeFiles/tp1.elf.dir/home/hernan/SDK_25_06_00_LPC845BREAKOUT/devices/LPC845/utilities/debug_console_lite/fsl_debug_console.c.obj
LOAD CMakeFiles/tp1.elf.dir/home/hernan/SDK_25_06_00_LPC845BREAKOUT/devices/LPC845/utilities/str/fsl_str.c.obj
START GROUP
LOAD /usr/lib/gcc/arm-none-eabi/15.2.0/../../../../arm-none-eabi/lib/thumb/v6-m/nofp/libm.a
LOAD /usr/lib/gcc/arm-none-eabi/15.2.0/../../../../arm-none-eabi/lib/thumb/v6-m/nofp/libc_nano.a
LOAD /usr/lib/gcc/arm-none-eabi/15.2.0/thumb/v6-m/nofp/libgcc.a
LOAD /usr/lib/gcc/arm-none-eabi/15.2.0/../../../../arm-none-eabi/lib/thumb/v6-m/nofp/libnosys.a
END GROUP
START GROUP
LOAD /usr/lib/gcc/arm-none-eabi/15.2.0/thumb/v6-m/nofp/libgcc.a
LOAD /usr/lib/gcc/arm-none-eabi/15.2.0/../../../../arm-none-eabi/lib/thumb/v6-m/nofp/libg_nano.a
LOAD /usr/lib/gcc/arm-none-eabi/15.2.0/../../../../arm-none-eabi/lib/thumb/v6-m/nofp/libc_nano.a
END GROUP
START GROUP
LOAD /usr/lib/gcc/arm-none-eabi/15.2.0/thumb/v6-m/nofp/libgcc.a
LOAD /usr/lib/gcc/arm-none-eabi/15.2.0/../../../../arm-none-eabi/lib/thumb/v6-m/nofp/libc_nano.a
LOAD /usr/lib/gcc/arm-none-eabi/15.2.0/../../../../arm-none-eabi/lib/thumb/v6-m/nofp/libnosys.a
END GROUP
START GROUP
LOAD /usr/lib/gcc/arm-none-eabi/15.2.0/thumb/v6-m/nofp/libgcc.a
LOAD /usr/lib/gcc/arm-none-eabi/15.2.0/../../../../arm-none-eabi/lib/thumb/v6-m/nofp/libc_nano.a
LOAD /usr/lib/gcc/arm-none-eabi/15.2.0/../../../../arm-none-eabi/lib/thumb/v6-m/nofp/libnosys.a
END GROUP
LOAD /usr/lib/gcc/arm-none-eabi/15.2.0/thumb/v6-m/nofp/crtend.o
LOAD /usr/lib/gcc/arm-none-eabi/15.2.0/thumb/v6-m/nofp/crtn.o
                0x00000400                        HEAP_SIZE = DEFINED (__heap_size__)?__heap_size__:0x400
                0x00000800                        STACK_SIZE = DEFINED (__stack_size__)?__stack_size__:0x800
                0xefffb355                        __valid_user_code_checksum = (0x0 - ((((__StackTop + Reset_Handler) + NMI_Handler) + HardFault_Handler) + 0x3))

.interrupts     0x00000000       0xc0
                0x00000000                        . = ALIGN (0x4)
 *(.isr_vector)
 .isr_vector    0x00000000       0xc0 CMakeFiles/tp1.elf.dir/home/hernan/SDK_25_06_00_LPC845BREAKOUT/devices/LPC845/gcc/startup_LPC845.S.obj
                0x00000000                __Vectors
                0x000000c0                        . = ALIGN (0x4)

.crp            0x000002fc        0x4
                0x000002fc                        . = ALIGN (0x4)
 *(.crp)
 .crp           0x000002fc        0x4 CMakeFiles/tp1.elf.dir/home/hernan/SDK_25_06_00_LPC845BREAKOUT/devices/LPC845/gcc/startup_LPC845.S.obj
                0x00000300                        . = ALIGN (0x4)

.text           0x00000300     0x52b4
                0x00000300                        . = ALIGN (0x4)
 *(.text)
 .text          0x00000300       0x98 /usr/lib/gcc/arm-none-eabi/15.2.0/thumb/v6-m/nofp/crtbegin.o
 .text          0x00000398       0x74 /usr/lib/gcc/arm-none-eabi/15.2.0/../../../../arm-none-eabi/lib/thumb/v6-m/nofp/crt0.o
                0x00000398                _stack_init
                0x000003a4                _mainCRTStartup
                0x000003a4                _start
 .text          0x0000040c      0x17c CMakeFiles/tp1.elf.dir/home/hernan/SDK_25_06_00_LPC845BREAKOUT/devices/LPC845/gcc/startup_LPC845.S.obj
                0x0000040c                Reset_Handler
                0x00000458                ADC0_OVR_DriverIRQHandler
                0x00000458                DMA0_DriverIRQHandler
                0x00000458                SPI1_DriverIRQHandler
                0x00000458                I2C3_DriverIRQHandler
                0x00000458                PIN_INT5_DAC1_DriverIRQHandler
                0x00000458                I2C2_DriverIRQHandler
                0x00000458                DefaultISR
                0x00000458                WKT_DriverIRQHandler
                0x00000458                DAC0_DriverIRQHandler
                0x00000458                MRT0_DriverIRQHandler
                0x00000458                CMP_CAPT_DriverIRQHandler
                0x00000458                ADC0_THCMP_DriverIRQHandler
                0x00000458                Reserved22_DriverIRQHandler
                0x00000458                FLASH_DriverIRQHandler
                0x00000458                ADC0_SEQB_DriverIRQHandler
                0x00000458                CTIMER0_DriverIRQHandler
                0x00000458                WDT_DriverIRQHandler
                0x00000458                BOD_DriverIRQHandler
                0x00000458                I2C1_DriverIRQHandler
                0x00000458                ADC0_SEQA_DriverIRQHandler
                0x00000458                SPI0_DriverIRQHandler
                0x00000458                I2C0_DriverIRQHandler
                0x00000458                SCT0_DriverIRQHandler
                0x0000045c                NMI_Handler
                0x00000460                HardFault_Handler
                0x00000464                SVC_Handler
                0x00000468                PendSV_Handler
                0x00000470                SPI0_IRQHandler
                0x00000474                SPI1_IRQHandler
                0x00000478                DAC0_IRQHandler
                0x0000047c                USART0_IRQHandler
                0x00000480                USART1_IRQHandler
                0x00000484                USART2_IRQHandler
                0x00000488                Reserved22_IRQHandler
                0x0000048c                I2C1_IRQHandler
                0x00000490                I2C0_IRQHandler
                0x00000494                SCT0_IRQHandler
                0x00000498                MRT0_IRQHandler
                0x0000049c                CMP_CAPT_IRQHandler
                0x000004a0                WDT_IRQHandler
                0x000004a4                BOD_IRQHandler
                0x000004a8                FLASH_IRQHandler
                0x000004ac                WKT_IRQHandler
                0x000004b4                ADC0_SEQB_IRQHandler
                0x000004b8                ADC0_THCMP_IRQHandler
                0x000004bc                ADC0_OVR_IRQHandler
                0x000004c0                DMA0_IRQHandler
                0x000004c4                I2C2_IRQHandler
                0x000004c8                I2C3_IRQHandler
                0x000004cc                CTIMER0_IRQHandler
                0x000004d0                PIN_INT0_IRQHandler
                0x000004d4                PIN_INT1_IRQHandler
                0x000004d8                PIN_INT2_IRQHandler
                0x000004dc                PIN_INT3_IRQHandler
                0x000004e0                PIN_INT4_IRQHandler
 .text          0x00000588       0x14 /usr/lib/gcc/arm-none-eabi/15.2.0/../../../../arm-none-eabi/lib/thumb/v6-m/nofp/libc_nano.a(libc_a-strcmp.o)
                0x00000588                strcmp
 .text          0x0000059c        0xe /usr/lib/gcc/arm-none-eabi/15.2.0/../../../../arm-none-eabi/lib/thumb/v6-m/nofp/libc_nano.a(libc_a-strlen.o)
                0x0000059c                strlen
 *fill*         0x000005aa        0x2 
 .text          0x000005ac       0x14 /usr/lib/gcc/arm-none-eabi/15.2.0/thumb/v6-m/nofp/libgcc.a(_thumb1_case_shi.o)
                0x000005ac                __gnu_thumb1_case_shi
 .text          0x000005c0      0x114 /usr/lib/gcc/arm-none-eabi/15.2.0/thumb/v6-m/nofp/libgcc.a(_udivsi3.o)
                0x000005c0                __udivsi3
                0x000005c0                __aeabi_uidiv
                0x000006cc                __aeabi_uidivmod
 .text          0x000006d4        0x4 /usr/lib/gcc/arm-none-eabi/15.2.0/thumb/v6-m/nofp/libgcc.a(_dvmd_tls.o)
                0x000006d4                __aeabi_ldiv0
                0x000006d4                __aeabi_idiv0
 .text          0x000006d8       0x74 /usr/lib/gcc/arm-none-eabi/15.2.0/thumb/v6-m/nofp/libgcc.a(_arm_cmpsf2.o)
                0x000006d8                __aeabi_cfrcmple
                0x000006e0                __aeabi_cfcmple
                0x000006e0                __aeabi_cfcmpeq
                0x000006f0                __aeabi_fcmpeq
                0x000006fc                __aeabi_fcmplt
                0x00000710                __aeabi_fcmple
                0x00000724                __aeabi_fcmpgt
                0x00000738                __aeabi_fcmpge
 .text          0x0000074c       0x40 /usr/lib/gcc/arm-none-eabi/15.2.0/thumb/v6-m/nofp/libgcc.a(_aeabi_uldivmod.o)
                0x0000074c                __aeabi_uldivmod
 .text          0x0000078c      0x190 /usr/lib/gcc/arm-none-eabi/15.2.0/thumb/v6-m/nofp/libgcc.a(_udivmoddi4.o)
                0x0000078c                __udivmoddi4
 .text          0x0000091c      0x22c /usr/lib/gcc/arm-none-eabi/15.2.0/thumb/v6-m/nofp/libgcc.a(divsf3.o)
                0x0000091c                __aeabi_fdiv
 .text          0x00000b48       0x58 /usr/lib/gcc/arm-none-eabi/15.2.0/thumb/v6-m/nofp/libgcc.a(eqsf2.o)
                0x00000b48                __nesf2
                0x00000b48                __eqsf2
 .text          0x00000ba0       0xa0 /usr/lib/gcc/arm-none-eabi/15.2.0/thumb/v6-m/nofp/libgcc.a(gesf2.o)
                0x00000ba0                __gtsf2
                0x00000ba0                __gesf2
 .text          0x00000c40       0xa0 /usr/lib/gcc/arm-none-eabi/15.2.0/thumb/v6-m/nofp/libgcc.a(lesf2.o)
                0x00000c40                __lesf2
                0x00000c40                __ltsf2
 .text          0x00000ce0      0x294 /usr/lib/gcc/arm-none-eabi/15.2.0/thumb/v6-m/nofp/libgcc.a(mulsf3.o)
                0x00000ce0                __aeabi_fmul
 .text          0x00000f74       0x84 /usr/lib/gcc/arm-none-eabi/15.2.0/thumb/v6-m/nofp/libgcc.a(floatunsisf.o)
                0x00000f74                __aeabi_ui2f
 .text          0x00000ff8       0x8c /usr/lib/gcc/arm-none-eabi/15.2.0/thumb/v6-m/nofp/libgcc.a(extendsfdf2.o)
                0x00000ff8                __aeabi_f2d
 .text          0x00001084       0x3c /usr/lib/gcc/arm-none-eabi/15.2.0/thumb/v6-m/nofp/libgcc.a(_clzsi2.o)
                0x00001084                __clzsi2
 .text          0x000010c0       0x18 /usr/lib/gcc/arm-none-eabi/15.2.0/thumb/v6-m/nofp/libgcc.a(_clzdi2.o)
                0x000010c0                __clzdi2
 *(.text*)
 .text.CLOCK_Select
                0x000010d8       0x38 CMakeFiles/tp1.elf.dir/clock_config.c.obj
 .text.CLOCK_SetCoreSysClkDiv
                0x00001110       0x4c CMakeFiles/tp1.elf.dir/clock_config.c.obj
 .text.CLOCK_SetFroOscFreq
                0x0000115c       0x24 CMakeFiles/tp1.elf.dir/clock_config.c.obj
 .text.POWER_DisablePD
                0x00001180       0x2c CMakeFiles/tp1.elf.dir/clock_config.c.obj
 .text.BOARD_BootClockFRO30M
                0x000011ac       0x58 CMakeFiles/tp1.elf.dir/clock_config.c.obj
                0x000011ac                BOARD_BootClockFRO30M
 .text.CLOCK_EnableClock
                0x00001204       0x54 CMakeFiles/tp1.elf.dir/pin_mux.c.obj
 .text.CLOCK_DisableClock
                0x00001258       0x58 CMakeFiles/tp1.elf.dir/pin_mux.c.obj
 .text.IOCON_PinMuxSet
                0x000012b0       0x26 CMakeFiles/tp1.elf.dir/pin_mux.c.obj
 .text.BOARD_InitBootPins
                0x000012d6       0x22 CMakeFiles/tp1.elf.dir/pin_mux.c.obj
                0x000012d6                BOARD_InitBootPins
 .text.BOARD_InitPins
                0x000012f8        0xa CMakeFiles/tp1.elf.dir/pin_mux.c.obj
                0x000012f8                BOARD_InitPins
 *fill*         0x00001302        0x2 
 .text.BOARD_InitLEDsPins
                0x00001304       0x98 CMakeFiles/tp1.elf.dir/pin_mux.c.obj
                0x00001304                BOARD_InitLEDsPins
 .text.BOARD_InitDEBUG_UARTPins
                0x0000139c       0x60 CMakeFiles/tp1.elf.dir/pin_mux.c.obj
                0x0000139c                BOARD_InitDEBUG_UARTPins
 .text.BOARD_InitSWD_DEBUGPins
                0x000013fc       0x80 CMakeFiles/tp1.elf.dir/pin_mux.c.obj
                0x000013fc                BOARD_InitSWD_DEBUGPins
 .text.BOARD_InitBUTTONsPins
                0x0000147c       0x50 CMakeFiles/tp1.elf.dir/pin_mux.c.obj
                0x0000147c                BOARD_InitBUTTONsPins
 .text.BOARD_InitCAPTPins
                0x000014cc       0xa4 CMakeFiles/tp1.elf.dir/pin_mux.c.obj
                0x000014cc                BOARD_InitCAPTPins
 .text.ADC_EnableInterrupts
                0x00001570       0x22 CMakeFiles/tp1.elf.dir/src/adc.c.obj
 .text.ADC_GetStatusFlags
                0x00001592       0x14 CMakeFiles/tp1.elf.dir/src/adc.c.obj
 .text.ADC_ClearStatusFlags
                0x000015a6       0x18 CMakeFiles/tp1.elf.dir/src/adc.c.obj
 *fill*         0x000015be        0x2 
 .text.adc_config
                0x000015c0       0x40 CMakeFiles/tp1.elf.dir/src/adc.c.obj
                0x000015c0                adc_config
 .text.ADC0_SEQA_IRQHandler
                0x00001600       0x48 CMakeFiles/tp1.elf.dir/src/adc.c.obj
                0x00001600                ADC0_SEQA_IRQHandler
 .text.adc_volts_to_amps
                0x00001648       0x28 CMakeFiles/tp1.elf.dir/src/adc.c.obj
                0x00001648                adc_volts_to_amps
 .text.Pint_Initialize
                0x00001670       0x40 CMakeFiles/tp1.elf.dir/src/button.c.obj
                0x00001670                Pint_Initialize
 .text.Change_Format
                0x000016b0       0x20 CMakeFiles/tp1.elf.dir/src/button.c.obj
                0x000016b0                Change_Format
 .text.GPIO_PinWrite
                0x000016d0       0x2c CMakeFiles/tp1.elf.dir/src/led.c.obj
 .text.leds_initialize
                0x000016fc       0x50 CMakeFiles/tp1.elf.dir/src/led.c.obj
                0x000016fc                leds_initialize
 .text.leds_on_off
                0x0000174c       0xd8 CMakeFiles/tp1.elf.dir/src/led.c.obj
 .text.select_led_on
                0x00001824       0x78 CMakeFiles/tp1.elf.dir/src/led.c.obj
                0x00001824                select_led_on
 .text.SysTick_Handler
                0x0000189c       0x20 CMakeFiles/tp1.elf.dir/src/timer.c.obj
                0x0000189c                SysTick_Handler
 .text.SysDelay
                0x000018bc       0x28 CMakeFiles/tp1.elf.dir/src/timer.c.obj
                0x000018bc                SysDelay
 .text.usart_callback_func
                0x000018e4       0x38 CMakeFiles/tp1.elf.dir/src/usart.c.obj
 .text.USART_Inititalization
                0x0000191c       0x74 CMakeFiles/tp1.elf.dir/src/usart.c.obj
                0x0000191c                USART_Inititalization
 .text.Rcv_Command
                0x00001990      0x118 CMakeFiles/tp1.elf.dir/src/usart.c.obj
                0x00001990                Rcv_Command
 .text.Send_Output
                0x00001aa8      0x13c CMakeFiles/tp1.elf.dir/src/usart.c.obj
                0x00001aa8                Send_Output
 .text.__NVIC_SetPriority
                0x00001be4       0xdc CMakeFiles/tp1.elf.dir/main.c.obj
 .text.SysTick_Config
                0x00001cc0       0x48 CMakeFiles/tp1.elf.dir/main.c.obj
 .text.CLOCK_Select
                0x00001d08       0x38 CMakeFiles/tp1.elf.dir/main.c.obj
 .text.ADC_DoSoftwareTriggerConvSeqA
                0x00001d40       0x1e CMakeFiles/tp1.elf.dir/main.c.obj
 *fill*         0x00001d5e        0x2 
 .text.BOARD_InitHardware
                0x00001d60       0x20 CMakeFiles/tp1.elf.dir/main.c.obj
                0x00001d60                BOARD_InitHardware
 .text.main     0x00001d80       0xd4 CMakeFiles/tp1.elf.dir/main.c.obj
                0x00001d80                main
 .text.SystemInit
                0x00001e54       0x2c CMakeFiles/tp1.elf.dir/home/hernan/SDK_25_06_00_LPC845BREAKOUT/devices/LPC845/system_LPC845.c.obj
                0x00001e54                SystemInit
 .text.SystemInitHook
                0x00001e80        0xa CMakeFiles/tp1.elf.dir/home/hernan/SDK_25_06_00_LPC845BREAKOUT/devices/LPC845/system_LPC845.c.obj
                0x00001e80                SystemInitHook
 *fill*         0x00001e8a        0x2 
 .text.CLOCK_GetCoreSysClkFreq
                0x00001e8c       0x24 CMakeFiles/tp1.elf.dir/home/hernan/SDK_25_06_00_LPC845BREAKOUT/devices/LPC845/drivers/fsl_clock.c.obj
 .text.CLOCK_GetSystemPLLFreq
                0x00001eb0       0x20 CMakeFiles/tp1.elf.dir/home/hernan/SDK_25_06_00_LPC845BREAKOUT/devices/LPC845/drivers/fsl_clock.c.obj
 .text.CLOCK_GetWdtOscFreq
                0x00001ed0       0x14 CMakeFiles/tp1.elf.dir/home/hernan/SDK_25_06_00_LPC845BREAKOUT/devices/LPC845/drivers/fsl_clock.c.obj
 .text.CLOCK_GetExtClkFreq
                0x00001ee4       0x14 CMakeFiles/tp1.elf.dir/home/hernan/SDK_25_06_00_LPC845BREAKOUT/devices/LPC845/drivers/fsl_clock.c.obj
 .text.CLOCK_GetFRGInputClkFreq
                0x00001ef8       0x3e CMakeFiles/tp1.elf.dir/home/hernan/SDK_25_06_00_LPC845BREAKOUT/devices/LPC845/drivers/fsl_clock.c.obj
 *fill*         0x00001f36        0x2 
 .text.CLOCK_UpdateClkSrc
                0x00001f38       0x58 CMakeFiles/tp1.elf.dir/home/hernan/SDK_25_06_00_LPC845BREAKOUT/devices/LPC845/drivers/fsl_clock.c.obj
 .text.CLOCK_GetFRG0ClkFreq
                0x00001f90       0x64 CMakeFiles/tp1.elf.dir/home/hernan/SDK_25_06_00_LPC845BREAKOUT/devices/LPC845/drivers/fsl_clock.c.obj
                0x00001f90                CLOCK_GetFRG0ClkFreq
 .text.CLOCK_GetFRG1ClkFreq
                0x00001ff4       0x64 CMakeFiles/tp1.elf.dir/home/hernan/SDK_25_06_00_LPC845BREAKOUT/devices/LPC845/drivers/fsl_clock.c.obj
                0x00001ff4                CLOCK_GetFRG1ClkFreq
 .text.CLOCK_GetMainClkFreq
                0x00002058       0x78 CMakeFiles/tp1.elf.dir/home/hernan/SDK_25_06_00_LPC845BREAKOUT/devices/LPC845/drivers/fsl_clock.c.obj
                0x00002058                CLOCK_GetMainClkFreq
 .text.CLOCK_GetFroFreq
                0x000020d0       0x78 CMakeFiles/tp1.elf.dir/home/hernan/SDK_25_06_00_LPC845BREAKOUT/devices/LPC845/drivers/fsl_clock.c.obj
                0x000020d0                CLOCK_GetFroFreq
 .text.CLOCK_GetFreq
                0x00002148       0xb0 CMakeFiles/tp1.elf.dir/home/hernan/SDK_25_06_00_LPC845BREAKOUT/devices/LPC845/drivers/fsl_clock.c.obj
                0x00002148                CLOCK_GetFreq
 .text.CLOCK_GetSystemPLLInClockRate
                0x000021f8       0x64 CMakeFiles/tp1.elf.dir/home/hernan/SDK_25_06_00_LPC845BREAKOUT/devices/LPC845/drivers/fsl_clock.c.obj
                0x000021f8                CLOCK_GetSystemPLLInClockRate
 .text.CLOCK_SetMainClkSrc
                0x0000225c       0x9c CMakeFiles/tp1.elf.dir/home/hernan/SDK_25_06_00_LPC845BREAKOUT/devices/LPC845/drivers/fsl_clock.c.obj
                0x0000225c                CLOCK_SetMainClkSrc
 .text.CLOCK_SetFroOutClkSrc
                0x000022f8       0x48 CMakeFiles/tp1.elf.dir/home/hernan/SDK_25_06_00_LPC845BREAKOUT/devices/LPC845/drivers/fsl_clock.c.obj
                0x000022f8                CLOCK_SetFroOutClkSrc
 .text.ADC_GetDefaultConfig
                0x00002340       0x34 CMakeFiles/tp1.elf.dir/home/hernan/SDK_25_06_00_LPC845BREAKOUT/devices/LPC845/drivers/fsl_adc.c.obj
                0x00002340                ADC_GetDefaultConfig
 .text.ADC_SetConvSeqAConfig
                0x00002374       0xa0 CMakeFiles/tp1.elf.dir/home/hernan/SDK_25_06_00_LPC845BREAKOUT/devices/LPC845/drivers/fsl_adc.c.obj
                0x00002374                ADC_SetConvSeqAConfig
 .text.ADC_GetChannelConversionResult
                0x00002414       0xbc CMakeFiles/tp1.elf.dir/home/hernan/SDK_25_06_00_LPC845BREAKOUT/devices/LPC845/drivers/fsl_adc.c.obj
                0x00002414                ADC_GetChannelConversionResult
 .text.CLOCK_EnableClock
                0x000024d0       0x54 CMakeFiles/tp1.elf.dir/home/hernan/SDK_25_06_00_LPC845BREAKOUT/devices/LPC845/drivers/fsl_gpio.c.obj
 .text.GPIO_EnablePortClock
                0x00002524       0x44 CMakeFiles/tp1.elf.dir/home/hernan/SDK_25_06_00_LPC845BREAKOUT/devices/LPC845/drivers/fsl_gpio.c.obj
 .text.GPIO_PortInit
                0x00002568       0x30 CMakeFiles/tp1.elf.dir/home/hernan/SDK_25_06_00_LPC845BREAKOUT/devices/LPC845/drivers/fsl_gpio.c.obj
                0x00002568                GPIO_PortInit
 .text.GPIO_PinInit
                0x00002598       0xc0 CMakeFiles/tp1.elf.dir/home/hernan/SDK_25_06_00_LPC845BREAKOUT/devices/LPC845/drivers/fsl_gpio.c.obj
                0x00002598                GPIO_PinInit
 .text.__NVIC_EnableIRQ
                0x00002658       0x34 CMakeFiles/tp1.elf.dir/home/hernan/SDK_25_06_00_LPC845BREAKOUT/devices/LPC845/drivers/fsl_usart.c.obj
 .text.CLOCK_EnableClock
                0x0000268c       0x54 CMakeFiles/tp1.elf.dir/home/hernan/SDK_25_06_00_LPC845BREAKOUT/devices/LPC845/drivers/fsl_usart.c.obj
 .text.EnableIRQ
                0x000026e0       0x36 CMakeFiles/tp1.elf.dir/home/hernan/SDK_25_06_00_LPC845BREAKOUT/devices/LPC845/drivers/fsl_usart.c.obj
 .text.USART_GetStatusFlags
                0x00002716       0x14 CMakeFiles/tp1.elf.dir/home/hernan/SDK_25_06_00_LPC845BREAKOUT/devices/LPC845/drivers/fsl_usart.c.obj
 .text.USART_EnableInterrupts
                0x0000272a       0x1c CMakeFiles/tp1.elf.dir/home/hernan/SDK_25_06_00_LPC845BREAKOUT/devices/LPC845/drivers/fsl_usart.c.obj
 .text.USART_DisableInterrupts
                0x00002746       0x1c CMakeFiles/tp1.elf.dir/home/hernan/SDK_25_06_00_LPC845BREAKOUT/devices/LPC845/drivers/fsl_usart.c.obj
 *fill*         0x00002762        0x2 
 .text.USART_EnableContinuousSCLK
                0x00002764       0x40 CMakeFiles/tp1.elf.dir/home/hernan/SDK_25_06_00_LPC845BREAKOUT/devices/LPC845/drivers/fsl_usart.c.obj
 .text.USART_EnableTx
                0x000027a4       0x46 CMakeFiles/tp1.elf.dir/home/hernan/SDK_25_06_00_LPC845BREAKOUT/devices/LPC845/drivers/fsl_usart.c.obj
 .text.USART_EnableRx
                0x000027ea       0x44 CMakeFiles/tp1.elf.dir/home/hernan/SDK_25_06_00_LPC845BREAKOUT/devices/LPC845/drivers/fsl_usart.c.obj
 *fill*         0x0000282e        0x2 
 .text.USART_GetInstance
                0x00002830       0x58 CMakeFiles/tp1.elf.dir/home/hernan/SDK_25_06_00_LPC845BREAKOUT/devices/LPC845/drivers/fsl_usart.c.obj
                0x00002830                USART_GetInstance
 .text.USART_TransferGetRxRingBufferLength
                0x00002888       0x78 CMakeFiles/tp1.elf.dir/home/hernan/SDK_25_06_00_LPC845BREAKOUT/devices/LPC845/drivers/fsl_usart.c.obj
                0x00002888                USART_TransferGetRxRingBufferLength
 .text.USART_TransferIsRxRingBufferFull
                0x00002900       0x64 CMakeFiles/tp1.elf.dir/home/hernan/SDK_25_06_00_LPC845BREAKOUT/devices/LPC845/drivers/fsl_usart.c.obj
 .text.USART_Init
                0x00002964      0x144 CMakeFiles/tp1.elf.dir/home/hernan/SDK_25_06_00_LPC845BREAKOUT/devices/LPC845/drivers/fsl_usart.c.obj
                0x00002964                USART_Init
 .text.USART_SetBaudRate
                0x00002aa8      0x15c CMakeFiles/tp1.elf.dir/home/hernan/SDK_25_06_00_LPC845BREAKOUT/devices/LPC845/drivers/fsl_usart.c.obj
                0x00002aa8                USART_SetBaudRate
 .text.USART_WriteBlocking
                0x00002c04       0x70 CMakeFiles/tp1.elf.dir/home/hernan/SDK_25_06_00_LPC845BREAKOUT/devices/LPC845/drivers/fsl_usart.c.obj
                0x00002c04                USART_WriteBlocking
 .text.USART_TransferCreateHandle
                0x00002c74       0xa8 CMakeFiles/tp1.elf.dir/home/hernan/SDK_25_06_00_LPC845BREAKOUT/devices/LPC845/drivers/fsl_usart.c.obj
                0x00002c74                USART_TransferCreateHandle
 .text.USART_TransferReceiveNonBlocking
                0x00002d1c      0x1b0 CMakeFiles/tp1.elf.dir/home/hernan/SDK_25_06_00_LPC845BREAKOUT/devices/LPC845/drivers/fsl_usart.c.obj
                0x00002d1c                USART_TransferReceiveNonBlocking
 .text.USART_TransferHandleIRQ
                0x00002ecc      0x240 CMakeFiles/tp1.elf.dir/home/hernan/SDK_25_06_00_LPC845BREAKOUT/devices/LPC845/drivers/fsl_usart.c.obj
                0x00002ecc                USART_TransferHandleIRQ
 .text.USART0_DriverIRQHandler
                0x0000310c       0x24 CMakeFiles/tp1.elf.dir/home/hernan/SDK_25_06_00_LPC845BREAKOUT/devices/LPC845/drivers/fsl_usart.c.obj
                0x0000310c                USART0_DriverIRQHandler
 .text.USART1_DriverIRQHandler
                0x00003130       0x24 CMakeFiles/tp1.elf.dir/home/hernan/SDK_25_06_00_LPC845BREAKOUT/devices/LPC845/drivers/fsl_usart.c.obj
                0x00003130                USART1_DriverIRQHandler
 .text.USART2_DriverIRQHandler
                0x00003154       0x24 CMakeFiles/tp1.elf.dir/home/hernan/SDK_25_06_00_LPC845BREAKOUT/devices/LPC845/drivers/fsl_usart.c.obj
                0x00003154                USART2_DriverIRQHandler
 .text.PIN_INT6_USART3_DriverIRQHandler
                0x00003178       0x24 CMakeFiles/tp1.elf.dir/home/hernan/SDK_25_06_00_LPC845BREAKOUT/devices/LPC845/drivers/fsl_usart.c.obj
                0x00003178                PIN_INT6_USART3_DriverIRQHandler
 .text.PIN_INT7_USART4_DriverIRQHandler
                0x0000319c       0x24 CMakeFiles/tp1.elf.dir/home/hernan/SDK_25_06_00_LPC845BREAKOUT/devices/LPC845/drivers/fsl_usart.c.obj
                0x0000319c                PIN_INT7_USART4_DriverIRQHandler
 .text.__NVIC_EnableIRQ
                0x000031c0       0x34 CMakeFiles/tp1.elf.dir/home/hernan/SDK_25_06_00_LPC845BREAKOUT/devices/LPC845/drivers/fsl_pint.c.obj
 .text.__NVIC_ClearPendingIRQ
                0x000031f4       0x38 CMakeFiles/tp1.elf.dir/home/hernan/SDK_25_06_00_LPC845BREAKOUT/devices/LPC845/drivers/fsl_pint.c.obj
 .text.CLOCK_EnableClock
                0x0000322c       0x54 CMakeFiles/tp1.elf.dir/home/hernan/SDK_25_06_00_LPC845BREAKOUT/devices/LPC845/drivers/fsl_pint.c.obj
 .text.RESET_ReleasePeripheralReset
                0x00003280       0x18 CMakeFiles/tp1.elf.dir/home/hernan/SDK_25_06_00_LPC845BREAKOUT/devices/LPC845/drivers/fsl_pint.c.obj
 .text.EnableIRQ
                0x00003298       0x36 CMakeFiles/tp1.elf.dir/home/hernan/SDK_25_06_00_LPC845BREAKOUT/devices/LPC845/drivers/fsl_pint.c.obj
 .text.PINT_PinInterruptGetStatus
                0x000032ce       0x26 CMakeFiles/tp1.elf.dir/home/hernan/SDK_25_06_00_LPC845BREAKOUT/devices/LPC845/drivers/fsl_pint.c.obj
 .text.PINT_PinInterruptClrFallFlag
                0x000032f4       0x22 CMakeFiles/tp1.elf.dir/home/hernan/SDK_25_06_00_LPC845BREAKOUT/devices/LPC845/drivers/fsl_pint.c.obj
 .text.PINT_PinInterruptGetFallFlag
                0x00003316       0x26 CMakeFiles/tp1.elf.dir/home/hernan/SDK_25_06_00_LPC845BREAKOUT/devices/LPC845/drivers/fsl_pint.c.obj
 .text.PINT_PinInterruptClrRiseFlag
                0x0000333c       0x22 CMakeFiles/tp1.elf.dir/home/hernan/SDK_25_06_00_LPC845BREAKOUT/devices/LPC845/drivers/fsl_pint.c.obj
 .text.PINT_PinInterruptGetRiseFlag
                0x0000335e       0x26 CMakeFiles/tp1.elf.dir/home/hernan/SDK_25_06_00_LPC845BREAKOUT/devices/LPC845/drivers/fsl_pint.c.obj
 .text.PINT_GetInstance
                0x00003384       0x54 CMakeFiles/tp1.elf.dir/home/hernan/SDK_25_06_00_LPC845BREAKOUT/devices/LPC845/drivers/fsl_pint.c.obj
 .text.PINT_Init
                0x000033d8       0xa4 CMakeFiles/tp1.elf.dir/home/hernan/SDK_25_06_00_LPC845BREAKOUT/devices/LPC845/drivers/fsl_pint.c.obj
                0x000033d8                PINT_Init
 .text.PINT_PinInterruptConfig
                0x0000347c       0xd4 CMakeFiles/tp1.elf.dir/home/hernan/SDK_25_06_00_LPC845BREAKOUT/devices/LPC845/drivers/fsl_pint.c.obj
                0x0000347c                PINT_PinInterruptConfig
 .text.PINT_PatternMatchResetDetectLogic
                0x00003550       0x30 CMakeFiles/tp1.elf.dir/home/hernan/SDK_25_06_00_LPC845BREAKOUT/devices/LPC845/drivers/fsl_pint.c.obj
                0x00003550                PINT_PatternMatchResetDetectLogic
 .text.PINT_PinInterruptClrStatus
                0x00003580       0x52 CMakeFiles/tp1.elf.dir/home/hernan/SDK_25_06_00_LPC845BREAKOUT/devices/LPC845/drivers/fsl_pint.c.obj
                0x00003580                PINT_PinInterruptClrStatus
 *fill*         0x000035d2        0x2 
 .text.PINT_EnableCallbackByIndex
                0x000035d4       0x68 CMakeFiles/tp1.elf.dir/home/hernan/SDK_25_06_00_LPC845BREAKOUT/devices/LPC845/drivers/fsl_pint.c.obj
                0x000035d4                PINT_EnableCallbackByIndex
 .text.PINT_CommonIRQHanlder
                0x0000363c       0xdc CMakeFiles/tp1.elf.dir/home/hernan/SDK_25_06_00_LPC845BREAKOUT/devices/LPC845/drivers/fsl_pint.c.obj
 .text.PIN_INT0_DriverIRQHandler
                0x00003718       0x12 CMakeFiles/tp1.elf.dir/home/hernan/SDK_25_06_00_LPC845BREAKOUT/devices/LPC845/drivers/fsl_pint.c.obj
                0x00003718                PIN_INT0_DriverIRQHandler
 .text.PIN_INT1_DriverIRQHandler
                0x0000372a       0x12 CMakeFiles/tp1.elf.dir/home/hernan/SDK_25_06_00_LPC845BREAKOUT/devices/LPC845/drivers/fsl_pint.c.obj
                0x0000372a                PIN_INT1_DriverIRQHandler
 .text.PIN_INT2_DriverIRQHandler
                0x0000373c       0x12 CMakeFiles/tp1.elf.dir/home/hernan/SDK_25_06_00_LPC845BREAKOUT/devices/LPC845/drivers/fsl_pint.c.obj
                0x0000373c                PIN_INT2_DriverIRQHandler
 .text.PIN_INT3_DriverIRQHandler
                0x0000374e       0x12 CMakeFiles/tp1.elf.dir/home/hernan/SDK_25_06_00_LPC845BREAKOUT/devices/LPC845/drivers/fsl_pint.c.obj
                0x0000374e                PIN_INT3_DriverIRQHandler
 .text.PIN_INT4_DriverIRQHandler
                0x00003760       0x12 CMakeFiles/tp1.elf.dir/home/hernan/SDK_25_06_00_LPC845BREAKOUT/devices/LPC845/drivers/fsl_pint.c.obj
                0x00003760                PIN_INT4_DriverIRQHandler
 .text.PIN_INT5_DAC1_IRQHandler
                0x00003772       0x12 CMakeFiles/tp1.elf.dir/home/hernan/SDK_25_06_00_LPC845BREAKOUT/devices/LPC845/drivers/fsl_pint.c.obj
                0x00003772                PIN_INT5_DAC1_IRQHandler
 .text.PIN_INT6_USART3_IRQHandler
                0x00003784       0x12 CMakeFiles/tp1.elf.dir/home/hernan/SDK_25_06_00_LPC845BREAKOUT/devices/LPC845/drivers/fsl_pint.c.obj
                0x00003784                PIN_INT6_USART3_IRQHandler
 .text.PIN_INT7_USART4_IRQHandler
                0x00003796       0x12 CMakeFiles/tp1.elf.dir/home/hernan/SDK_25_06_00_LPC845BREAKOUT/devices/LPC845/drivers/fsl_pint.c.obj
                0x00003796                PIN_INT7_USART4_IRQHandler
 .text.RESET_SetPeripheralReset
                0x000037a8       0x7c CMakeFiles/tp1.elf.dir/home/hernan/SDK_25_06_00_LPC845BREAKOUT/devices/LPC845/drivers/fsl_reset.c.obj
                0x000037a8                RESET_SetPeripheralReset
 .text.RESET_ClearPeripheralReset
                0x00003824       0x78 CMakeFiles/tp1.elf.dir/home/hernan/SDK_25_06_00_LPC845BREAKOUT/devices/LPC845/drivers/fsl_reset.c.obj
                0x00003824                RESET_ClearPeripheralReset
 .text.RESET_PeripheralReset
                0x0000389c       0x20 CMakeFiles/tp1.elf.dir/home/hernan/SDK_25_06_00_LPC845BREAKOUT/devices/LPC845/drivers/fsl_reset.c.obj
                0x0000389c                RESET_PeripheralReset
 .text.SWM_SetMovablePinSelect
                0x000038bc       0xa8 CMakeFiles/tp1.elf.dir/home/hernan/SDK_25_06_00_LPC845BREAKOUT/devices/LPC845/drivers/fsl_swm.c.obj
                0x000038bc                SWM_SetMovablePinSelect
 .text.SWM_SetFixedPinSelect
                0x00003964       0xac CMakeFiles/tp1.elf.dir/home/hernan/SDK_25_06_00_LPC845BREAKOUT/devices/LPC845/drivers/fsl_swm.c.obj
                0x00003964                SWM_SetFixedPinSelect
 .text.SYSCON_AttachSignal
                0x00003a10       0x32 CMakeFiles/tp1.elf.dir/home/hernan/SDK_25_06_00_LPC845BREAKOUT/devices/LPC845/drivers/fsl_syscon.c.obj
                0x00003a10                SYSCON_AttachSignal
 *fill*         0x00003a42        0x2 
 .text._sbrk    0x00003a44       0x68 CMakeFiles/tp1.elf.dir/home/hernan/SDK_25_06_00_LPC845BREAKOUT/devices/LPC845/utilities/fsl_sbrk.c.obj
                0x00003a44                _sbrk
 .text.fsl_assert_hook
                0x00003aac       0x16 CMakeFiles/tp1.elf.dir/home/hernan/SDK_25_06_00_LPC845BREAKOUT/devices/LPC845/utilities/debug_console_lite/fsl_assert.c.obj
                0x00003aac                fsl_assert_hook
 *fill*         0x00003ac2        0x2 
 .text.__assert_func
                0x00003ac4       0x34 CMakeFiles/tp1.elf.dir/home/hernan/SDK_25_06_00_LPC845BREAKOUT/devices/LPC845/utilities/debug_console_lite/fsl_assert.c.obj
                0x00003ac4                __assert_func
 .text.DbgConsole_Printf
                0x00003af8       0x32 CMakeFiles/tp1.elf.dir/home/hernan/SDK_25_06_00_LPC845BREAKOUT/devices/LPC845/utilities/debug_console_lite/fsl_debug_console.c.obj
                0x00003af8                DbgConsole_Printf
 *fill*         0x00003b2a        0x2 
 .text.DbgConsole_Vprintf
                0x00003b2c       0x40 CMakeFiles/tp1.elf.dir/home/hernan/SDK_25_06_00_LPC845BREAKOUT/devices/LPC845/utilities/debug_console_lite/fsl_debug_console.c.obj
                0x00003b2c                DbgConsole_Vprintf
 .text.DbgConsole_Putchar
                0x00003b6c       0x30 CMakeFiles/tp1.elf.dir/home/hernan/SDK_25_06_00_LPC845BREAKOUT/devices/LPC845/utilities/debug_console_lite/fsl_debug_console.c.obj
                0x00003b6c                DbgConsole_Putchar
 .text.DbgConsole_PrintfPaddingCharacter
                0x00003b9c       0x48 CMakeFiles/tp1.elf.dir/home/hernan/SDK_25_06_00_LPC845BREAKOUT/devices/LPC845/utilities/debug_console_lite/fsl_debug_console.c.obj
 .text.DbgConsole_ConvertRadixNumToString
                0x00003be4       0xc2 CMakeFiles/tp1.elf.dir/home/hernan/SDK_25_06_00_LPC845BREAKOUT/devices/LPC845/utilities/debug_console_lite/fsl_debug_console.c.obj
 .text.DbgConsole_PrintfFormattedData
                0x00003ca6      0x3da CMakeFiles/tp1.elf.dir/home/hernan/SDK_25_06_00_LPC845BREAKOUT/devices/LPC845/utilities/debug_console_lite/fsl_debug_console.c.obj
 .text.atexit   0x00004080       0x10 /usr/lib/gcc/arm-none-eabi/15.2.0/../../../../arm-none-eabi/lib/thumb/v6-m/nofp/libc_nano.a(libc_a-atexit.o)
                0x00004080                atexit
 .text.exit     0x00004090       0x28 /usr/lib/gcc/arm-none-eabi/15.2.0/../../../../arm-none-eabi/lib/thumb/v6-m/nofp/libc_nano.a(libc_a-exit.o)
                0x00004090                exit
 .text.malloc   0x000040b8       0x14 /usr/lib/gcc/arm-none-eabi/15.2.0/../../../../arm-none-eabi/lib/thumb/v6-m/nofp/libc_nano.a(libc_a-malloc.o)
                0x000040b8                malloc
 .text.sbrk_aligned
                0x000040cc       0x44 /usr/lib/gcc/arm-none-eabi/15.2.0/../../../../arm-none-eabi/lib/thumb/v6-m/nofp/libc_nano.a(libc_a-mallocr.o)
 .text._malloc_r
                0x00004110      0x100 /usr/lib/gcc/arm-none-eabi/15.2.0/../../../../arm-none-eabi/lib/thumb/v6-m/nofp/libc_nano.a(libc_a-mallocr.o)
                0x00004110                _malloc_r
 .text.__malloc_lock
                0x00004210       0x10 /usr/lib/gcc/arm-none-eabi/15.2.0/../../../../arm-none-eabi/lib/thumb/v6-m/nofp/libc_nano.a(libc_a-mlock.o)
                0x00004210                __malloc_lock
 .text.__malloc_unlock
                0x00004220       0x10 /usr/lib/gcc/arm-none-eabi/15.2.0/../../../../arm-none-eabi/lib/thumb/v6-m/nofp/libc_nano.a(libc_a-mlock.o)
                0x00004220                __malloc_unlock
 .text.snprintf
                0x00004230       0x64 /usr/lib/gcc/arm-none-eabi/15.2.0/../../../../arm-none-eabi/lib/thumb/v6-m/nofp/libc_nano.a(libc_a-snprintf.o)
                0x00004230                snprintf
                0x00004230                sniprintf
 .text.memset   0x00004294       0x10 /usr/lib/gcc/arm-none-eabi/15.2.0/../../../../arm-none-eabi/lib/thumb/v6-m/nofp/libc_nano.a(libc_a-memset.o)
                0x00004294                memset
 .text._sbrk_r  0x000042a4       0x24 /usr/lib/gcc/arm-none-eabi/15.2.0/../../../../arm-none-eabi/lib/thumb/v6-m/nofp/libc_nano.a(libc_a-sbrkr.o)
                0x000042a4                _sbrk_r
 .text.__errno  0x000042c8        0xc /usr/lib/gcc/arm-none-eabi/15.2.0/../../../../arm-none-eabi/lib/thumb/v6-m/nofp/libc_nano.a(libc_a-errno.o)
                0x000042c8                __errno
 .text.__libc_init_array
                0x000042d4       0x48 /usr/lib/gcc/arm-none-eabi/15.2.0/../../../../arm-none-eabi/lib/thumb/v6-m/nofp/libc_nano.a(libc_a-init.o)
                0x000042d4                __libc_init_array
 .text.__libc_fini_array
                0x0000431c       0x28 /usr/lib/gcc/arm-none-eabi/15.2.0/../../../../arm-none-eabi/lib/thumb/v6-m/nofp/libc_nano.a(libc_a-fini.o)
                0x0000431c                __libc_fini_array
 .text.__retarget_lock_acquire_recursive
                0x00004344        0x2 /usr/lib/gcc/arm-none-eabi/15.2.0/../../../../arm-none-eabi/lib/thumb/v6-m/nofp/libc_nano.a(libc_a-lock.o)
                0x00004344                __retarget_lock_acquire_recursive
 .text.__retarget_lock_release_recursive
                0x00004346        0x2 /usr/lib/gcc/arm-none-eabi/15.2.0/../../../../arm-none-eabi/lib/thumb/v6-m/nofp/libc_nano.a(libc_a-lock.o)
                0x00004346                __retarget_lock_release_recursive
 .text.memcpy   0x00004348       0x12 /usr/lib/gcc/arm-none-eabi/15.2.0/../../../../arm-none-eabi/lib/thumb/v6-m/nofp/libc_nano.a(libc_a-memcpy-stub.o)
                0x00004348                memcpy
 *fill*         0x0000435a        0x2 
 .text.__register_exitproc
                0x0000435c       0xc0 /usr/lib/gcc/arm-none-eabi/15.2.0/../../../../arm-none-eabi/lib/thumb/v6-m/nofp/libc_nano.a(libc_a-__atexit.o)
                0x0000435c                __register_exitproc
 .text.__call_exitprocs
                0x0000441c       0xb4 /usr/lib/gcc/arm-none-eabi/15.2.0/../../../../arm-none-eabi/lib/thumb/v6-m/nofp/libc_nano.a(libc_a-__call_atexit.o)
                0x0000441c                __call_exitprocs
 .text._free_r  0x000044d0       0x94 /usr/lib/gcc/arm-none-eabi/15.2.0/../../../../arm-none-eabi/lib/thumb/v6-m/nofp/libc_nano.a(libc_a-freer.o)
                0x000044d0                _free_r
 .text.__ssputs_r
                0x00004564       0xc8 /usr/lib/gcc/arm-none-eabi/15.2.0/../../../../arm-none-eabi/lib/thumb/v6-m/nofp/libc_nano.a(libc_a-nano-svfprintf.o)
                0x00004564                __ssputs_r
 .text._svfprintf_r
                0x0000462c      0x1f8 /usr/lib/gcc/arm-none-eabi/15.2.0/../../../../arm-none-eabi/lib/thumb/v6-m/nofp/libc_nano.a(libc_a-nano-svfprintf.o)
                0x0000462c                _svfprintf_r
                0x0000462c                _svfiprintf_r
 .text._printf_common
                0x00004824       0xde /usr/lib/gcc/arm-none-eabi/15.2.0/../../../../arm-none-eabi/lib/thumb/v6-m/nofp/libc_nano.a(libc_a-nano-vfprintf_i.o)
                0x00004824                _printf_common
 *fill*         0x00004902        0x2 
 .text._printf_i
                0x00004904      0x214 /usr/lib/gcc/arm-none-eabi/15.2.0/../../../../arm-none-eabi/lib/thumb/v6-m/nofp/libc_nano.a(libc_a-nano-vfprintf_i.o)
                0x00004904                _printf_i
 .text.memmove  0x00004b18       0x26 /usr/lib/gcc/arm-none-eabi/15.2.0/../../../../arm-none-eabi/lib/thumb/v6-m/nofp/libc_nano.a(libc_a-memmove.o)
                0x00004b18                memmove
 .text.memchr   0x00004b3e       0x16 /usr/lib/gcc/arm-none-eabi/15.2.0/../../../../arm-none-eabi/lib/thumb/v6-m/nofp/libc_nano.a(libc_a-memchr-stub.o)
                0x00004b3e                memchr
 .text._realloc_r
                0x00004b54       0x60 /usr/lib/gcc/arm-none-eabi/15.2.0/../../../../arm-none-eabi/lib/thumb/v6-m/nofp/libc_nano.a(libc_a-reallocr.o)
                0x00004b54                _realloc_r
 .text._malloc_usable_size_r
                0x00004bb4       0x10 /usr/lib/gcc/arm-none-eabi/15.2.0/../../../../arm-none-eabi/lib/thumb/v6-m/nofp/libc_nano.a(libc_a-msizer.o)
                0x00004bb4                _malloc_usable_size_r
 .text._exit    0x00004bc4        0x4 /usr/lib/gcc/arm-none-eabi/15.2.0/../../../../arm-none-eabi/lib/thumb/v6-m/nofp/libnosys.a(_exit.o)
                0x00004bc4                _exit
 *(.rodata)
 .rodata        0x00004bc8       0x5a CMakeFiles/tp1.elf.dir/clock_config.c.obj
 *fill*         0x00004c22        0x2 
 .rodata        0x00004c24        0x2 CMakeFiles/tp1.elf.dir/pin_mux.c.obj
 *fill*         0x00004c26        0x2 
 .rodata        0x00004c28        0xc CMakeFiles/tp1.elf.dir/src/adc.c.obj
 .rodata        0x00004c34        0x2 CMakeFiles/tp1.elf.dir/src/led.c.obj
 *fill*         0x00004c36        0x2 
 .rodata        0x00004c38       0x49 CMakeFiles/tp1.elf.dir/src/usart.c.obj
 *fill*         0x00004c81        0x3 
 .rodata        0x00004c84       0xac CMakeFiles/tp1.elf.dir/home/hernan/SDK_25_06_00_LPC845BREAKOUT/devices/LPC845/drivers/fsl_clock.c.obj
 .rodata        0x00004d30       0xb8 CMakeFiles/tp1.elf.dir/home/hernan/SDK_25_06_00_LPC845BREAKOUT/devices/LPC845/drivers/fsl_adc.c.obj
 .rodata        0x00004de8       0x6f CMakeFiles/tp1.elf.dir/home/hernan/SDK_25_06_00_LPC845BREAKOUT/devices/LPC845/drivers/fsl_gpio.c.obj
 *fill*         0x00004e57        0x1 
 .rodata        0x00004e58      0x28b CMakeFiles/tp1.elf.dir/home/hernan/SDK_25_06_00_LPC845BREAKOUT/devices/LPC845/drivers/fsl_usart.c.obj
 *fill*         0x000050e3        0x1 
 .rodata        0x000050e4       0x7d CMakeFiles/tp1.elf.dir/home/hernan/SDK_25_06_00_LPC845BREAKOUT/devices/LPC845/drivers/fsl_pint.c.obj
 *fill*         0x00005161        0x3 
 .rodata        0x00005164       0x5c CMakeFiles/tp1.elf.dir/home/hernan/SDK_25_06_00_LPC845BREAKOUT/devices/LPC845/drivers/fsl_reset.c.obj
 .rodata        0x000051c0       0x7a CMakeFiles/tp1.elf.dir/home/hernan/SDK_25_06_00_LPC845BREAKOUT/devices/LPC845/drivers/fsl_swm.c.obj
 *fill*         0x0000523a        0x2 
 .rodata        0x0000523c       0x3e CMakeFiles/tp1.elf.dir/home/hernan/SDK_25_06_00_LPC845BREAKOUT/devices/LPC845/utilities/debug_console_lite/fsl_assert.c.obj
 *fill*         0x0000527a        0x2 
 .rodata        0x0000527c       0x7c /usr/lib/gcc/arm-none-eabi/15.2.0/thumb/v6-m/nofp/libgcc.a(divsf3.o)
 *(.rodata*)
 .rodata.__func__.0
                0x000052f8       0x17 CMakeFiles/tp1.elf.dir/clock_config.c.obj
 *fill*         0x0000530f        0x1 
 .rodata.__func__.2
                0x00005310       0x13 CMakeFiles/tp1.elf.dir/home/hernan/SDK_25_06_00_LPC845BREAKOUT/devices/LPC845/drivers/fsl_clock.c.obj
 *fill*         0x00005323        0x1 
 .rodata.__func__.4
                0x00005324       0x16 CMakeFiles/tp1.elf.dir/home/hernan/SDK_25_06_00_LPC845BREAKOUT/devices/LPC845/drivers/fsl_adc.c.obj
 *fill*         0x0000533a        0x2 
 .rodata.__func__.0
                0x0000533c       0x1f CMakeFiles/tp1.elf.dir/home/hernan/SDK_25_06_00_LPC845BREAKOUT/devices/LPC845/drivers/fsl_adc.c.obj
 *fill*         0x0000535b        0x1 
 .rodata.s_gpioClockName
                0x0000535c        0x4 CMakeFiles/tp1.elf.dir/home/hernan/SDK_25_06_00_LPC845BREAKOUT/devices/LPC845/drivers/fsl_gpio.c.obj
 .rodata.s_gpioResets
                0x00005360        0x8 CMakeFiles/tp1.elf.dir/home/hernan/SDK_25_06_00_LPC845BREAKOUT/devices/LPC845/drivers/fsl_gpio.c.obj
 .rodata.__func__.0
                0x00005368       0x15 CMakeFiles/tp1.elf.dir/home/hernan/SDK_25_06_00_LPC845BREAKOUT/devices/LPC845/drivers/fsl_gpio.c.obj
 *fill*         0x0000537d        0x3 
 .rodata.s_usartIRQ
                0x00005380        0x5 CMakeFiles/tp1.elf.dir/home/hernan/SDK_25_06_00_LPC845BREAKOUT/devices/LPC845/drivers/fsl_usart.c.obj
 *fill*         0x00005385        0x3 
 .rodata.s_usartBaseAddrs
                0x00005388       0x14 CMakeFiles/tp1.elf.dir/home/hernan/SDK_25_06_00_LPC845BREAKOUT/devices/LPC845/drivers/fsl_usart.c.obj
 .rodata.s_usartClock
                0x0000539c        0xa CMakeFiles/tp1.elf.dir/home/hernan/SDK_25_06_00_LPC845BREAKOUT/devices/LPC845/drivers/fsl_usart.c.obj
 *fill*         0x000053a6        0x2 
 .rodata.s_usartRest
                0x000053a8       0x14 CMakeFiles/tp1.elf.dir/home/hernan/SDK_25_06_00_LPC845BREAKOUT/devices/LPC845/drivers/fsl_usart.c.obj
 .rodata.__func__.18
                0x000053bc       0x12 CMakeFiles/tp1.elf.dir/home/hernan/SDK_25_06_00_LPC845BREAKOUT/devices/LPC845/drivers/fsl_usart.c.obj
 *fill*         0x000053ce        0x2 
 .rodata.__func__.17
                0x000053d0       0x24 CMakeFiles/tp1.elf.dir/home/hernan/SDK_25_06_00_LPC845BREAKOUT/devices/LPC845/drivers/fsl_usart.c.obj
 .rodata.__func__.16
                0x000053f4       0x21 CMakeFiles/tp1.elf.dir/home/hernan/SDK_25_06_00_LPC845BREAKOUT/devices/LPC845/drivers/fsl_usart.c.obj
 *fill*         0x00005415        0x3 
 .rodata.__func__.13
                0x00005418        0xb CMakeFiles/tp1.elf.dir/home/hernan/SDK_25_06_00_LPC845BREAKOUT/devices/LPC845/drivers/fsl_usart.c.obj
 *fill*         0x00005423        0x1 
 .rodata.__func__.10
                0x00005424       0x12 CMakeFiles/tp1.elf.dir/home/hernan/SDK_25_06_00_LPC845BREAKOUT/devices/LPC845/drivers/fsl_usart.c.obj
 *fill*         0x00005436        0x2 
 .rodata.__func__.9
                0x00005438       0x14 CMakeFiles/tp1.elf.dir/home/hernan/SDK_25_06_00_LPC845BREAKOUT/devices/LPC845/drivers/fsl_usart.c.obj
 .rodata.__func__.7
                0x0000544c       0x1b CMakeFiles/tp1.elf.dir/home/hernan/SDK_25_06_00_LPC845BREAKOUT/devices/LPC845/drivers/fsl_usart.c.obj
 *fill*         0x00005467        0x1 
 .rodata.__func__.3
                0x00005468       0x21 CMakeFiles/tp1.elf.dir/home/hernan/SDK_25_06_00_LPC845BREAKOUT/devices/LPC845/drivers/fsl_usart.c.obj
 *fill*         0x00005489        0x3 
 .rodata.__func__.0
                0x0000548c       0x18 CMakeFiles/tp1.elf.dir/home/hernan/SDK_25_06_00_LPC845BREAKOUT/devices/LPC845/drivers/fsl_usart.c.obj
 .rodata.s_pintIRQ
                0x000054a4        0x8 CMakeFiles/tp1.elf.dir/home/hernan/SDK_25_06_00_LPC845BREAKOUT/devices/LPC845/drivers/fsl_pint.c.obj
 .rodata.__func__.10
                0x000054ac       0x11 CMakeFiles/tp1.elf.dir/home/hernan/SDK_25_06_00_LPC845BREAKOUT/devices/LPC845/drivers/fsl_pint.c.obj
 *fill*         0x000054bd        0x3 
 .rodata.__func__.9
                0x000054c0        0xa CMakeFiles/tp1.elf.dir/home/hernan/SDK_25_06_00_LPC845BREAKOUT/devices/LPC845/drivers/fsl_pint.c.obj
 *fill*         0x000054ca        0x2 
 .rodata.__func__.8
                0x000054cc       0x18 CMakeFiles/tp1.elf.dir/home/hernan/SDK_25_06_00_LPC845BREAKOUT/devices/LPC845/drivers/fsl_pint.c.obj
 .rodata.__func__.3
                0x000054e4       0x1b CMakeFiles/tp1.elf.dir/home/hernan/SDK_25_06_00_LPC845BREAKOUT/devices/LPC845/drivers/fsl_pint.c.obj
 *fill*         0x000054ff        0x1 
 .rodata.__func__.1
                0x00005500       0x19 CMakeFiles/tp1.elf.dir/home/hernan/SDK_25_06_00_LPC845BREAKOUT/devices/LPC845/drivers/fsl_reset.c.obj
 *fill*         0x00005519        0x3 
 .rodata.__func__.0
                0x0000551c       0x1b CMakeFiles/tp1.elf.dir/home/hernan/SDK_25_06_00_LPC845BREAKOUT/devices/LPC845/drivers/fsl_reset.c.obj
 *fill*         0x00005537        0x1 
 .rodata.__func__.1
                0x00005538       0x18 CMakeFiles/tp1.elf.dir/home/hernan/SDK_25_06_00_LPC845BREAKOUT/devices/LPC845/drivers/fsl_swm.c.obj
 .rodata.__func__.0
                0x00005550       0x16 CMakeFiles/tp1.elf.dir/home/hernan/SDK_25_06_00_LPC845BREAKOUT/devices/LPC845/drivers/fsl_swm.c.obj
 .rodata._svfprintf_r.str1.1
                0x00005566       0x33 /usr/lib/gcc/arm-none-eabi/15.2.0/../../../../arm-none-eabi/lib/thumb/v6-m/nofp/libc_nano.a(libc_a-nano-svfprintf.o)
                                 0x11 (size before relaxing)
 .rodata._printf_i.str1.1
                0x00005599        0x0 /usr/lib/gcc/arm-none-eabi/15.2.0/../../../../arm-none-eabi/lib/thumb/v6-m/nofp/libc_nano.a(libc_a-nano-vfprintf_i.o)
                                 0x22 (size before relaxing)
 *(.glue_7)
 .glue_7        0x00005599        0x0 linker stubs
 *(.glue_7t)
 .glue_7t       0x00005599        0x0 linker stubs
 *(.eh_frame)
 *fill*         0x00005599        0x3 
 .eh_frame      0x0000559c        0x0 /usr/lib/gcc/arm-none-eabi/15.2.0/thumb/v6-m/nofp/crtbegin.o
 *(.init)
 .init          0x0000559c        0x4 /usr/lib/gcc/arm-none-eabi/15.2.0/thumb/v6-m/nofp/crti.o
                0x0000559c                _init
 .init          0x000055a0        0x8 /usr/lib/gcc/arm-none-eabi/15.2.0/thumb/v6-m/nofp/crtn.o
 *(.fini)
 .fini          0x000055a8        0x4 /usr/lib/gcc/arm-none-eabi/15.2.0/thumb/v6-m/nofp/crti.o
                0x000055a8                _fini
 .fini          0x000055ac        0x8 /usr/lib/gcc/arm-none-eabi/15.2.0/thumb/v6-m/nofp/crtn.o
                0x000055b4                        . = ALIGN (0x4)

.vfp11_veneer   0x000055b4        0x0
 .vfp11_veneer  0x000055b4        0x0 linker stubs

.v4_bx          0x000055b4        0x0
 .v4_bx         0x000055b4        0x0 linker stubs

.iplt           0x000055b4        0x0
 .iplt          0x000055b4        0x0 /usr/lib/gcc/arm-none-eabi/15.2.0/thumb/v6-m/nofp/crtbegin.o

.ARM.extab
 *(.ARM.extab* .gnu.linkonce.armextab.*)

.ARM            0x000055b4        0x8
                0x000055b4                        __exidx_start = .
 *(.ARM.exidx*)
 .ARM.exidx     0x000055b4        0x8 /usr/lib/gcc/arm-none-eabi/15.2.0/../../../../arm-none-eabi/lib/thumb/v6-m/nofp/crt0.o
                                 0x10 (size before relaxing)
 .ARM.exidx     0x000055bc        0x0 /usr/lib/gcc/arm-none-eabi/15.2.0/thumb/v6-m/nofp/libgcc.a(_udivmoddi4.o)
                                  0x8 (size before relaxing)
                0x000055bc                        __exidx_end = .

.rel.dyn        0x000055bc        0x0
 .rel.iplt      0x000055bc        0x0 /usr/lib/gcc/arm-none-eabi/15.2.0/thumb/v6-m/nofp/crtbegin.o

.ctors          0x000055bc        0x0
                0x000055bc                        __CTOR_LIST__ = .
 *crtbegin.o(.ctors)
 *crtbegin?.o(.ctors)
 *(EXCLUDE_FILE(*crtend.o *crtend?.o) .ctors)
 *(SORT_BY_NAME(.ctors.*))
 *(.ctors)
                0x000055bc                        __CTOR_END__ = .

.dtors          0x000055bc        0x0
                0x000055bc                        __DTOR_LIST__ = .
 *crtbegin.o(.dtors)
 *crtbegin?.o(.dtors)
 *(EXCLUDE_FILE(*crtend.o *crtend?.o) .dtors)
 *(SORT_BY_NAME(.dtors.*))
 *(.dtors)
                0x000055bc                        __DTOR_END__ = .

.preinit_array  0x000055bc        0x0
                0x000055bc                        PROVIDE (__preinit_array_start = .)
 *(.preinit_array*)
                0x000055bc                        PROVIDE (__preinit_array_end = .)

.init_array     0x000055bc        0x4
                0x000055bc                        PROVIDE (__init_array_start = .)
 *(SORT_BY_NAME(.init_array.*))
 *(.init_array*)
 .init_array    0x000055bc        0x4 /usr/lib/gcc/arm-none-eabi/15.2.0/thumb/v6-m/nofp/crtbegin.o
                0x000055c0                        PROVIDE (__init_array_end = .)

.fini_array     0x000055c0        0x4
                0x000055c0                        PROVIDE (__fini_array_start = .)
 *(SORT_BY_NAME(.fini_array.*))
 *(.fini_array*)
 .fini_array    0x000055c0        0x4 /usr/lib/gcc/arm-none-eabi/15.2.0/thumb/v6-m/nofp/crtbegin.o
                0x000055c4                        PROVIDE (__fini_array_end = .)
                0x000055c4                        __etext = .
                0x000055c4                        __DATA_ROM = .

.data           0x10000000       0x60 load address 0x000055c4
                0x10000000                        . = ALIGN (0x4)
                0x10000000                        __DATA_RAM = .
                0x10000000                        __data_start__ = .
 *(.ramfunc*)
 *(.data)
 *(.data*)
 .data.RxBufferEmpty
                0x10000000        0x1 CMakeFiles/tp1.elf.dir/src/usart.c.obj
                0x10000000                RxBufferEmpty
 *fill*         0x10000001        0x3 
 .data.report_interval
                0x10000004        0x4 CMakeFiles/tp1.elf.dir/src/usart.c.obj
                0x10000004                report_interval
 .data.SystemCoreClock
                0x10000008        0x4 CMakeFiles/tp1.elf.dir/home/hernan/SDK_25_06_00_LPC845BREAKOUT/devices/LPC845/system_LPC845.c.obj
                0x10000008                SystemCoreClock
 .data._impure_ptr
                0x1000000c        0x4 /usr/lib/gcc/arm-none-eabi/15.2.0/../../../../arm-none-eabi/lib/thumb/v6-m/nofp/libc_nano.a(libc_a-impure.o)
                0x1000000c                _impure_ptr
 .data._impure_data
                0x10000010       0x4c /usr/lib/gcc/arm-none-eabi/15.2.0/../../../../arm-none-eabi/lib/thumb/v6-m/nofp/libc_nano.a(libc_a-impure.o)
                0x10000010                _impure_data
 .data.__atexit_recursive_mutex
                0x1000005c        0x4 /usr/lib/gcc/arm-none-eabi/15.2.0/../../../../arm-none-eabi/lib/thumb/v6-m/nofp/libc_nano.a(libc_a-__call_atexit.o)
                0x1000005c                __atexit_recursive_mutex
 *(.jcr*)
                0x10000060                        . = ALIGN (0x4)
                0x10000060                        __data_end__ = .
                0x00005624                        __DATA_END = (__DATA_ROM + (__data_end__ - __data_start__))
                0x00010000                        text_end = (ORIGIN (m_text) + LENGTH (m_text))
                0x00000001                        ASSERT ((__DATA_END <= text_end), region m_text overflowed with text and data)

.tm_clone_table
                0x10000060        0x0 load address 0x00005624
 .tm_clone_table
                0x10000060        0x0 /usr/lib/gcc/arm-none-eabi/15.2.0/thumb/v6-m/nofp/crtbegin.o
 .tm_clone_table
                0x10000060        0x0 /usr/lib/gcc/arm-none-eabi/15.2.0/thumb/v6-m/nofp/crtend.o

.igot.plt       0x10000060        0x0 load address 0x00005624
 .igot.plt      0x10000060        0x0 /usr/lib/gcc/arm-none-eabi/15.2.0/thumb/v6-m/nofp/crtbegin.o

.bss            0x10000060      0x29c load address 0x00005624
                0x10000060                        . = ALIGN (0x4)
                0x10000060                        __START_BSS = .
                0x10000060                        __bss_start__ = .
 *(.bss)
 .bss           0x10000060       0x1c /usr/lib/gcc/arm-none-eabi/15.2.0/thumb/v6-m/nofp/crtbegin.o
 *(.bss*)
 .bss.conversionResults
                0x1000007c       0x10 CMakeFiles/tp1.elf.dir/src/adc.c.obj
 .bss.conversionReady
                0x1000008c        0x1 CMakeFiles/tp1.elf.dir/src/adc.c.obj
                0x1000008c                conversionReady
 .bss.buttonReady
                0x1000008d        0x1 CMakeFiles/tp1.elf.dir/src/button.c.obj
                0x1000008d                buttonReady
 .bss.currentFormat
                0x1000008e        0x1 CMakeFiles/tp1.elf.dir/src/button.c.obj
                0x1000008e                currentFormat
 *fill*         0x1000008f        0x1 
 .bss.msTicks   0x10000090        0x4 CMakeFiles/tp1.elf.dir/src/timer.c.obj
 .bss.usart_handle
                0x10000094       0x30 CMakeFiles/tp1.elf.dir/src/usart.c.obj
                0x10000094                usart_handle
 .bss.rcv       0x100000c4        0x8 CMakeFiles/tp1.elf.dir/src/usart.c.obj
                0x100000c4                rcv
 .bss.RxOngoing
                0x100000cc        0x1 CMakeFiles/tp1.elf.dir/src/usart.c.obj
                0x100000cc                RxOngoing
 .bss.RxData    0x100000cd        0x1 CMakeFiles/tp1.elf.dir/src/usart.c.obj
                0x100000cd                RxData
 *fill*         0x100000ce        0x2 
 .bss.CommandBuffer
                0x100000d0       0x10 CMakeFiles/tp1.elf.dir/src/usart.c.obj
                0x100000d0                CommandBuffer
 .bss.command_idx.0
                0x100000e0        0x1 CMakeFiles/tp1.elf.dir/src/usart.c.obj
 *fill*         0x100000e1        0x3 
 .bss.g_Ext_Clk_Freq
                0x100000e4        0x4 CMakeFiles/tp1.elf.dir/home/hernan/SDK_25_06_00_LPC845BREAKOUT/devices/LPC845/drivers/fsl_clock.c.obj
                0x100000e4                g_Ext_Clk_Freq
 .bss.g_Wdt_Osc_Freq
                0x100000e8        0x4 CMakeFiles/tp1.elf.dir/home/hernan/SDK_25_06_00_LPC845BREAKOUT/devices/LPC845/drivers/fsl_clock.c.obj
                0x100000e8                g_Wdt_Osc_Freq
 .bss.s_usartHandle
                0x100000ec       0x14 CMakeFiles/tp1.elf.dir/home/hernan/SDK_25_06_00_LPC845BREAKOUT/devices/LPC845/drivers/fsl_usart.c.obj
 .bss.s_usartIsr
                0x10000100        0x4 CMakeFiles/tp1.elf.dir/home/hernan/SDK_25_06_00_LPC845BREAKOUT/devices/LPC845/drivers/fsl_usart.c.obj
 .bss.s_pintCallback
                0x10000104        0x4 CMakeFiles/tp1.elf.dir/home/hernan/SDK_25_06_00_LPC845BREAKOUT/devices/LPC845/drivers/fsl_pint.c.obj
 .bss.heap_end.0
                0x10000108        0x4 CMakeFiles/tp1.elf.dir/home/hernan/SDK_25_06_00_LPC845BREAKOUT/devices/LPC845/utilities/fsl_sbrk.c.obj
 .bss.s_debugConsole
                0x1000010c       0x14 CMakeFiles/tp1.elf.dir/home/hernan/SDK_25_06_00_LPC845BREAKOUT/devices/LPC845/utilities/debug_console_lite/fsl_debug_console.c.obj
 .bss.__malloc_sbrk_start
                0x10000120        0x4 /usr/lib/gcc/arm-none-eabi/15.2.0/../../../../arm-none-eabi/lib/thumb/v6-m/nofp/libc_nano.a(libc_a-mallocr.o)
                0x10000120                __malloc_sbrk_start
 .bss.__malloc_free_list
                0x10000124        0x4 /usr/lib/gcc/arm-none-eabi/15.2.0/../../../../arm-none-eabi/lib/thumb/v6-m/nofp/libc_nano.a(libc_a-mallocr.o)
                0x10000124                __malloc_free_list
 .bss.__sf      0x10000128      0x138 /usr/lib/gcc/arm-none-eabi/15.2.0/../../../../arm-none-eabi/lib/thumb/v6-m/nofp/libc_nano.a(libc_a-findfp.o)
                0x10000128                __sf
 .bss.__stdio_exit_handler
                0x10000260        0x4 /usr/lib/gcc/arm-none-eabi/15.2.0/../../../../arm-none-eabi/lib/thumb/v6-m/nofp/libc_nano.a(libc_a-findfp.o)
                0x10000260                __stdio_exit_handler
 .bss.errno     0x10000264        0x4 /usr/lib/gcc/arm-none-eabi/15.2.0/../../../../arm-none-eabi/lib/thumb/v6-m/nofp/libc_nano.a(libc_a-reent.o)
                0x10000264                errno
 .bss.__lock___malloc_recursive_mutex
                0x10000268        0x1 /usr/lib/gcc/arm-none-eabi/15.2.0/../../../../arm-none-eabi/lib/thumb/v6-m/nofp/libc_nano.a(libc_a-lock.o)
                0x10000268                __lock___malloc_recursive_mutex
 .bss.__lock___atexit_recursive_mutex
                0x10000269        0x1 /usr/lib/gcc/arm-none-eabi/15.2.0/../../../../arm-none-eabi/lib/thumb/v6-m/nofp/libc_nano.a(libc_a-lock.o)
                0x10000269                __lock___atexit_recursive_mutex
 *fill*         0x1000026a        0x2 
 .bss.__atexit0
                0x1000026c       0x8c /usr/lib/gcc/arm-none-eabi/15.2.0/../../../../arm-none-eabi/lib/thumb/v6-m/nofp/libc_nano.a(libc_a-__atexit.o)
                0x1000026c                __atexit0
 .bss.__atexit  0x100002f8        0x4 /usr/lib/gcc/arm-none-eabi/15.2.0/../../../../arm-none-eabi/lib/thumb/v6-m/nofp/libc_nano.a(libc_a-__call_atexit.o)
                0x100002f8                __atexit
 *(COMMON)
                0x100002fc                        . = ALIGN (0x4)
                0x100002fc                        __bss_end__ = .
                0x100002fc                        __END_BSS = .

.heap           0x100002fc      0x404 load address 0x000058c0
                0x10000300                        . = ALIGN (0x8)
 *fill*         0x100002fc        0x4 
                0x10000300                        __end__ = .
                0x10000300                        PROVIDE (end = .)
                0x10000300                        __HeapBase = .
                0x10000700                        . = (. + HEAP_SIZE)
 *fill*         0x10000300      0x400 
                0x10000700                        __HeapLimit = .
                0x10000700                        __heap_limit = .

.stack          0x10000700      0x800 load address 0x00005cc4
                0x10000700                        . = ALIGN (0x8)
                0x10000f00                        . = (. + STACK_SIZE)
 *fill*         0x10000700      0x800 
                0x10003fe0                        __StackTop = (ORIGIN (m_data) + LENGTH (m_data))
                0x100037e0                        __StackLimit = (__StackTop - STACK_SIZE)
                0x10003fe0                        PROVIDE (__stack = __StackTop)

.ARM.attributes
                0x00000000       0x28
 *(.ARM.attributes)
 .ARM.attributes
                0x00000000       0x1e /usr/lib/gcc/arm-none-eabi/15.2.0/thumb/v6-m/nofp/crti.o
 .ARM.attributes
                0x0000001e       0x2c /usr/lib/gcc/arm-none-eabi/15.2.0/thumb/v6-m/nofp/crtbegin.o
 .ARM.attributes
                0x0000004a       0x1b /usr/lib/gcc/arm-none-eabi/15.2.0/../../../../arm-none-eabi/lib/thumb/v6-m/nofp/crt0.o
 .ARM.attributes
                0x00000065       0x2c CMakeFiles/tp1.elf.dir/clock_config.c.obj
 .ARM.attributes
                0x00000091       0x2c CMakeFiles/tp1.elf.dir/pin_mux.c.obj
 .ARM.attributes
                0x000000bd       0x2c CMakeFiles/tp1.elf.dir/src/adc.c.obj
 .ARM.attributes
                0x000000e9       0x2c CMakeFiles/tp1.elf.dir/src/button.c.obj
 .ARM.attributes
                0x00000115       0x2c CMakeFiles/tp1.elf.dir/src/led.c.obj
 .ARM.attributes
                0x00000141       0x2c CMakeFiles/tp1.elf.dir/src/timer.c.obj
 .ARM.attributes
                0x0000016d       0x2c CMakeFiles/tp1.elf.dir/src/usart.c.obj
 .ARM.attributes
                0x00000199       0x2c CMakeFiles/tp1.elf.dir/main.c.obj
 .ARM.attributes
                0x000001c5       0x1b CMakeFiles/tp1.elf.dir/home/hernan/SDK_25_06_00_LPC845BREAKOUT/devices/LPC845/gcc/startup_LPC845.S.obj
 .ARM.attributes
                0x000001e0       0x2c CMakeFiles/tp1.elf.dir/home/hernan/SDK_25_06_00_LPC845BREAKOUT/devices/LPC845/system_LPC845.c.obj
 .ARM.attributes
                0x0000020c       0x2c CMakeFiles/tp1.elf.dir/home/hernan/SDK_25_06_00_LPC845BREAKOUT/devices/LPC845/drivers/fsl_clock.c.obj
 .ARM.attributes
                0x00000238       0x2c CMakeFiles/tp1.elf.dir/home/hernan/SDK_25_06_00_LPC845BREAKOUT/devices/LPC845/drivers/fsl_adc.c.obj
 .ARM.attributes
                0x00000264       0x2c CMakeFiles/tp1.elf.dir/home/hernan/SDK_25_06_00_LPC845BREAKOUT/devices/LPC845/drivers/fsl_gpio.c.obj
 .ARM.attributes
                0x00000290       0x2c CMakeFiles/tp1.elf.dir/home/hernan/SDK_25_06_00_LPC845BREAKOUT/devices/LPC845/drivers/fsl_usart.c.obj
 .ARM.attributes
                0x000002bc       0x2c CMakeFiles/tp1.elf.dir/home/hernan/SDK_25_06_00_LPC845BREAKOUT/devices/LPC845/drivers/fsl_pint.c.obj
 .ARM.attributes
                0x000002e8       0x2c CMakeFiles/tp1.elf.dir/home/hernan/SDK_25_06_00_LPC845BREAKOUT/devices/LPC845/drivers/fsl_reset.c.obj
 .ARM.attributes
                0x00000314       0x2c CMakeFiles/tp1.elf.dir/home/hernan/SDK_25_06_00_LPC845BREAKOUT/devices/LPC845/drivers/fsl_swm.c.obj
 .ARM.attributes
                0x00000340       0x2c CMakeFiles/tp1.elf.dir/home/hernan/SDK_25_06_00_LPC845BREAKOUT/devices/LPC845/drivers/fsl_syscon.c.obj
 .ARM.attributes
                0x0000036c       0x2c CMakeFiles/tp1.elf.dir/home/hernan/SDK_25_06_00_LPC845BREAKOUT/devices/LPC845/utilities/fsl_sbrk.c.obj
 .ARM.attributes
                0x00000398       0x2c CMakeFiles/tp1.elf.dir/home/hernan/SDK_25_06_00_LPC845BREAKOUT/devices/LPC845/utilities/debug_console_lite/fsl_assert.c.obj
 .ARM.attributes
                0x000003c4       0x2c CMakeFiles/tp1.elf.dir/home/hernan/SDK_25_06_00_LPC845BREAKOUT/devices/LPC845/utilities/debug_console_lite/fsl_debug_console.c.obj
 .ARM.attributes
                0x000003f0       0x2c /usr/lib/gcc/arm-none-eabi/15.2.0/../../../../arm-none-eabi/lib/thumb/v6-m/nofp/libc_nano.a(libc_a-atexit.o)
 .ARM.attributes
                0x0000041c       0x2c /usr/lib/gcc/arm-none-eabi/15.2.0/../../../../arm-none-eabi/lib/thumb/v6-m/nofp/libc_nano.a(libc_a-exit.o)
 .ARM.attributes
                0x00000448       0x2c /usr/lib/gcc/arm-none-eabi/15.2.0/../../../../arm-none-eabi/lib/thumb/v6-m/nofp/libc_nano.a(libc_a-malloc.o)
 .ARM.attributes
                0x00000474       0x2c /usr/lib/gcc/arm-none-eabi/15.2.0/../../../../arm-none-eabi/lib/thumb/v6-m/nofp/libc_nano.a(libc_a-mallocr.o)
 .ARM.attributes
                0x000004a0       0x2c /usr/lib/gcc/arm-none-eabi/15.2.0/../../../../arm-none-eabi/lib/thumb/v6-m/nofp/libc_nano.a(libc_a-mlock.o)
 .ARM.attributes
                0x000004cc       0x2c /usr/lib/gcc/arm-none-eabi/15.2.0/../../../../arm-none-eabi/lib/thumb/v6-m/nofp/libc_nano.a(libc_a-findfp.o)
 .ARM.attributes
                0x000004f8       0x2c /usr/lib/gcc/arm-none-eabi/15.2.0/../../../../arm-none-eabi/lib/thumb/v6-m/nofp/libc_nano.a(libc_a-snprintf.o)
 .ARM.attributes
                0x00000524       0x2c /usr/lib/gcc/arm-none-eabi/15.2.0/../../../../arm-none-eabi/lib/thumb/v6-m/nofp/libc_nano.a(libc_a-memset.o)
 .ARM.attributes
                0x00000550       0x2c /usr/lib/gcc/arm-none-eabi/15.2.0/../../../../arm-none-eabi/lib/thumb/v6-m/nofp/libc_nano.a(libc_a-reent.o)
 .ARM.attributes
                0x0000057c       0x2c /usr/lib/gcc/arm-none-eabi/15.2.0/../../../../arm-none-eabi/lib/thumb/v6-m/nofp/libc_nano.a(libc_a-impure.o)
 .ARM.attributes
                0x000005a8       0x2c /usr/lib/gcc/arm-none-eabi/15.2.0/../../../../arm-none-eabi/lib/thumb/v6-m/nofp/libc_nano.a(libc_a-sbrkr.o)
 .ARM.attributes
                0x000005d4       0x2c /usr/lib/gcc/arm-none-eabi/15.2.0/../../../../arm-none-eabi/lib/thumb/v6-m/nofp/libc_nano.a(libc_a-errno.o)
 .ARM.attributes
                0x00000600       0x2c /usr/lib/gcc/arm-none-eabi/15.2.0/../../../../arm-none-eabi/lib/thumb/v6-m/nofp/libc_nano.a(libc_a-init.o)
 .ARM.attributes
                0x0000062c       0x2c /usr/lib/gcc/arm-none-eabi/15.2.0/../../../../arm-none-eabi/lib/thumb/v6-m/nofp/libc_nano.a(libc_a-fini.o)
 .ARM.attributes
                0x00000658       0x2c /usr/lib/gcc/arm-none-eabi/15.2.0/../../../../arm-none-eabi/lib/thumb/v6-m/nofp/libc_nano.a(libc_a-lock.o)
 .ARM.attributes
                0x00000684       0x1c /usr/lib/gcc/arm-none-eabi/15.2.0/../../../../arm-none-eabi/lib/thumb/v6-m/nofp/libc_nano.a(libc_a-strcmp.o)
 .ARM.attributes
                0x000006a0       0x2c /usr/lib/gcc/arm-none-eabi/15.2.0/../../../../arm-none-eabi/lib/thumb/v6-m/nofp/libc_nano.a(libc_a-memcpy-stub.o)
 .ARM.attributes
                0x000006cc       0x1c /usr/lib/gcc/arm-none-eabi/15.2.0/../../../../arm-none-eabi/lib/thumb/v6-m/nofp/libc_nano.a(libc_a-strlen.o)
 .ARM.attributes
                0x000006e8       0x2c /usr/lib/gcc/arm-none-eabi/15.2.0/../../../../arm-none-eabi/lib/thumb/v6-m/nofp/libc_nano.a(libc_a-__atexit.o)
 .ARM.attributes
                0x00000714       0x2c /usr/lib/gcc/arm-none-eabi/15.2.0/../../../../arm-none-eabi/lib/thumb/v6-m/nofp/libc_nano.a(libc_a-__call_atexit.o)
 .ARM.attributes
                0x00000740       0x2c /usr/lib/gcc/arm-none-eabi/15.2.0/../../../../arm-none-eabi/lib/thumb/v6-m/nofp/libc_nano.a(libc_a-freer.o)
 .ARM.attributes
                0x0000076c       0x2c /usr/lib/gcc/arm-none-eabi/15.2.0/../../../../arm-none-eabi/lib/thumb/v6-m/nofp/libc_nano.a(libc_a-nano-svfprintf.o)
 .ARM.attributes
                0x00000798       0x2c /usr/lib/gcc/arm-none-eabi/15.2.0/../../../../arm-none-eabi/lib/thumb/v6-m/nofp/libc_nano.a(libc_a-nano-vfprintf_i.o)
 .ARM.attributes
                0x000007c4       0x2c /usr/lib/gcc/arm-none-eabi/15.2.0/../../../../arm-none-eabi/lib/thumb/v6-m/nofp/libc_nano.a(libc_a-memmove.o)
 .ARM.attributes
                0x000007f0       0x2c /usr/lib/gcc/arm-none-eabi/15.2.0/../../../../arm-none-eabi/lib/thumb/v6-m/nofp/libc_nano.a(libc_a-memchr-stub.o)
 .ARM.attributes
                0x0000081c       0x2c /usr/lib/gcc/arm-none-eabi/15.2.0/../../../../arm-none-eabi/lib/thumb/v6-m/nofp/libc_nano.a(libc_a-reallocr.o)
 .ARM.attributes
                0x00000848       0x2c /usr/lib/gcc/arm-none-eabi/15.2.0/../../../../arm-none-eabi/lib/thumb/v6-m/nofp/libc_nano.a(libc_a-msizer.o)
 .ARM.attributes
                0x00000874       0x1e /usr/lib/gcc/arm-none-eabi/15.2.0/thumb/v6-m/nofp/libgcc.a(_thumb1_case_shi.o)
 .ARM.attributes
                0x00000892       0x1e /usr/lib/gcc/arm-none-eabi/15.2.0/thumb/v6-m/nofp/libgcc.a(_udivsi3.o)
 .ARM.attributes
                0x000008b0       0x1e /usr/lib/gcc/arm-none-eabi/15.2.0/thumb/v6-m/nofp/libgcc.a(_dvmd_tls.o)
 .ARM.attributes
                0x000008ce       0x1e /usr/lib/gcc/arm-none-eabi/15.2.0/thumb/v6-m/nofp/libgcc.a(_arm_cmpsf2.o)
 .ARM.attributes
                0x000008ec       0x1e /usr/lib/gcc/arm-none-eabi/15.2.0/thumb/v6-m/nofp/libgcc.a(_aeabi_uldivmod.o)
 .ARM.attributes
                0x0000090a       0x2c /usr/lib/gcc/arm-none-eabi/15.2.0/thumb/v6-m/nofp/libgcc.a(_udivmoddi4.o)
 .ARM.attributes
                0x00000936       0x2c /usr/lib/gcc/arm-none-eabi/15.2.0/thumb/v6-m/nofp/libgcc.a(divsf3.o)
 .ARM.attributes
                0x00000962       0x2c /usr/lib/gcc/arm-none-eabi/15.2.0/thumb/v6-m/nofp/libgcc.a(eqsf2.o)
 .ARM.attributes
                0x0000098e       0x2c /usr/lib/gcc/arm-none-eabi/15.2.0/thumb/v6-m/nofp/libgcc.a(gesf2.o)
 .ARM.attributes
                0x000009ba       0x2c /usr/lib/gcc/arm-none-eabi/15.2.0/thumb/v6-m/nofp/libgcc.a(lesf2.o)
 .ARM.attributes
                0x000009e6       0x2c /usr/lib/gcc/arm-none-eabi/15.2.0/thumb/v6-m/nofp/libgcc.a(mulsf3.o)
 .ARM.attributes
                0x00000a12       0x2c /usr/lib/gcc/arm-none-eabi/15.2.0/thumb/v6-m/nofp/libgcc.a(floatunsisf.o)
 .ARM.attributes
                0x00000a3e       0x2c /usr/lib/gcc/arm-none-eabi/15.2.0/thumb/v6-m/nofp/libgcc.a(extendsfdf2.o)
 .ARM.attributes
                0x00000a6a       0x1e /usr/lib/gcc/arm-none-eabi/15.2.0/thumb/v6-m/nofp/libgcc.a(_clzsi2.o)
 .ARM.attributes
                0x00000a88       0x1e /usr/lib/gcc/arm-none-eabi/15.2.0/thumb/v6-m/nofp/libgcc.a(_clzdi2.o)
 .ARM.attributes
                0x00000aa6       0x2c /usr/lib/gcc/arm-none-eabi/15.2.0/../../../../arm-none-eabi/lib/thumb/v6-m/nofp/libnosys.a(_exit.o)
 .ARM.attributes
                0x00000ad2       0x2c /usr/lib/gcc/arm-none-eabi/15.2.0/thumb/v6-m/nofp/crtend.o
 .ARM.attributes
                0x00000afe       0x1e /usr/lib/gcc/arm-none-eabi/15.2.0/thumb/v6-m/nofp/crtn.o
                0x00000001                        ASSERT ((__StackLimit >= __HeapLimit), region m_data overflowed with stack and heap)
OUTPUT(debug/tp1.elf elf32-littlearm)
LOAD linker stubs

.comment        0x00000000       0x46
 .comment       0x00000000       0x46 /usr/lib/gcc/arm-none-eabi/15.2.0/thumb/v6-m/nofp/crtbegin.o
                                 0x24 (size before relaxing)
 .comment       0x00000046        0x0 CMakeFiles/tp1.elf.dir/clock_config.c.obj
                                 0x24 (size before relaxing)
 .comment       0x00000046        0x0 CMakeFiles/tp1.elf.dir/pin_mux.c.obj
                                 0x24 (size before relaxing)
 .comment       0x00000046        0x0 CMakeFiles/tp1.elf.dir/src/adc.c.obj
                                 0x24 (size before relaxing)
 .comment       0x00000046        0x0 CMakeFiles/tp1.elf.dir/src/button.c.obj
                                 0x24 (size before relaxing)
 .comment       0x00000046        0x0 CMakeFiles/tp1.elf.dir/src/led.c.obj
                                 0x24 (size before relaxing)
 .comment       0x00000046        0x0 CMakeFiles/tp1.elf.dir/src/timer.c.obj
                                 0x24 (size before relaxing)
 .comment       0x00000046        0x0 CMakeFiles/tp1.elf.dir/src/usart.c.obj
                                 0x24 (size before relaxing)
 .comment       0x00000046        0x0 CMakeFiles/tp1.elf.dir/main.c.obj
                                 0x24 (size before relaxing)
 .comment       0x00000046        0x0 CMakeFiles/tp1.elf.dir/home/hernan/SDK_25_06_00_LPC845BREAKOUT/devices/LPC845/system_LPC845.c.obj
                                 0x24 (size before relaxing)
 .comment       0x00000046        0x0 CMakeFiles/tp1.elf.dir/home/hernan/SDK_25_06_00_LPC845BREAKOUT/devices/LPC845/drivers/fsl_clock.c.obj
                                 0x24 (size before relaxing)
 .comment       0x00000046        0x0 CMakeFiles/tp1.elf.dir/home/hernan/SDK_25_06_00_LPC845BREAKOUT/devices/LPC845/drivers/fsl_adc.c.obj
                                 0x24 (size before relaxing)
 .comment       0x00000046        0x0 CMakeFiles/tp1.elf.dir/home/hernan/SDK_25_06_00_LPC845BREAKOUT/devices/LPC845/drivers/fsl_gpio.c.obj
                                 0x24 (size before relaxing)
 .comment       0x00000046        0x0 CMakeFiles/tp1.elf.dir/home/hernan/SDK_25_06_00_LPC845BREAKOUT/devices/LPC845/drivers/fsl_usart.c.obj
                                 0x24 (size before relaxing)
 .comment       0x00000046        0x0 CMakeFiles/tp1.elf.dir/home/hernan/SDK_25_06_00_LPC845BREAKOUT/devices/LPC845/drivers/fsl_pint.c.obj
                                 0x24 (size before relaxing)
 .comment       0x00000046        0x0 CMakeFiles/tp1.elf.dir/home/hernan/SDK_25_06_00_LPC845BREAKOUT/devices/LPC845/drivers/fsl_reset.c.obj
                                 0x24 (size before relaxing)
 .comment       0x00000046        0x0 CMakeFiles/tp1.elf.dir/home/hernan/SDK_25_06_00_LPC845BREAKOUT/devices/LPC845/drivers/fsl_swm.c.obj
                                 0x24 (size before relaxing)
 .comment       0x00000046        0x0 CMakeFiles/tp1.elf.dir/home/hernan/SDK_25_06_00_LPC845BREAKOUT/devices/LPC845/drivers/fsl_syscon.c.obj
                                 0x24 (size before relaxing)
 .comment       0x00000046        0x0 CMakeFiles/tp1.elf.dir/home/hernan/SDK_25_06_00_LPC845BREAKOUT/devices/LPC845/utilities/fsl_sbrk.c.obj
                                 0x24 (size before relaxing)
 .comment       0x00000046        0x0 CMakeFiles/tp1.elf.dir/home/hernan/SDK_25_06_00_LPC845BREAKOUT/devices/LPC845/utilities/debug_console_lite/fsl_assert.c.obj
                                 0x24 (size before relaxing)
 .comment       0x00000046        0x0 CMakeFiles/tp1.elf.dir/home/hernan/SDK_25_06_00_LPC845BREAKOUT/devices/LPC845/utilities/debug_console_lite/fsl_debug_console.c.obj
                                 0x24 (size before relaxing)
 .comment       0x00000046        0x0 /usr/lib/gcc/arm-none-eabi/15.2.0/../../../../arm-none-eabi/lib/thumb/v6-m/nofp/libc_nano.a(libc_a-atexit.o)
                                 0x24 (size before relaxing)
 .comment       0x00000046        0x0 /usr/lib/gcc/arm-none-eabi/15.2.0/../../../../arm-none-eabi/lib/thumb/v6-m/nofp/libc_nano.a(libc_a-exit.o)
                                 0x24 (size before relaxing)
 .comment       0x00000046        0x0 /usr/lib/gcc/arm-none-eabi/15.2.0/../../../../arm-none-eabi/lib/thumb/v6-m/nofp/libc_nano.a(libc_a-malloc.o)
                                 0x24 (size before relaxing)
 .comment       0x00000046        0x0 /usr/lib/gcc/arm-none-eabi/15.2.0/../../../../arm-none-eabi/lib/thumb/v6-m/nofp/libc_nano.a(libc_a-mallocr.o)
                                 0x24 (size before relaxing)
 .comment       0x00000046        0x0 /usr/lib/gcc/arm-none-eabi/15.2.0/../../../../arm-none-eabi/lib/thumb/v6-m/nofp/libc_nano.a(libc_a-mlock.o)
                                 0x24 (size before relaxing)
 .comment       0x00000046        0x0 /usr/lib/gcc/arm-none-eabi/15.2.0/../../../../arm-none-eabi/lib/thumb/v6-m/nofp/libc_nano.a(libc_a-findfp.o)
                                 0x24 (size before relaxing)
 .comment       0x00000046        0x0 /usr/lib/gcc/arm-none-eabi/15.2.0/../../../../arm-none-eabi/lib/thumb/v6-m/nofp/libc_nano.a(libc_a-snprintf.o)
                                 0x24 (size before relaxing)
 .comment       0x00000046        0x0 /usr/lib/gcc/arm-none-eabi/15.2.0/../../../../arm-none-eabi/lib/thumb/v6-m/nofp/libc_nano.a(libc_a-memset.o)
                                 0x24 (size before relaxing)
 .comment       0x00000046        0x0 /usr/lib/gcc/arm-none-eabi/15.2.0/../../../../arm-none-eabi/lib/thumb/v6-m/nofp/libc_nano.a(libc_a-reent.o)
                                 0x24 (size before relaxing)
 .comment       0x00000046        0x0 /usr/lib/gcc/arm-none-eabi/15.2.0/../../../../arm-none-eabi/lib/thumb/v6-m/nofp/libc_nano.a(libc_a-impure.o)
                                 0x24 (size before relaxing)
 .comment       0x00000046        0x0 /usr/lib/gcc/arm-none-eabi/15.2.0/../../../../arm-none-eabi/lib/thumb/v6-m/nofp/libc_nano.a(libc_a-sbrkr.o)
                                 0x24 (size before relaxing)
 .comment       0x00000046        0x0 /usr/lib/gcc/arm-none-eabi/15.2.0/../../../../arm-none-eabi/lib/thumb/v6-m/nofp/libc_nano.a(libc_a-errno.o)
                                 0x24 (size before relaxing)
 .comment       0x00000046        0x0 /usr/lib/gcc/arm-none-eabi/15.2.0/../../../../arm-none-eabi/lib/thumb/v6-m/nofp/libc_nano.a(libc_a-init.o)
                                 0x24 (size before relaxing)
 .comment       0x00000046        0x0 /usr/lib/gcc/arm-none-eabi/15.2.0/../../../../arm-none-eabi/lib/thumb/v6-m/nofp/libc_nano.a(libc_a-fini.o)
                                 0x24 (size before relaxing)
 .comment       0x00000046        0x0 /usr/lib/gcc/arm-none-eabi/15.2.0/../../../../arm-none-eabi/lib/thumb/v6-m/nofp/libc_nano.a(libc_a-lock.o)
                                 0x24 (size before relaxing)
 .comment       0x00000046        0x0 /usr/lib/gcc/arm-none-eabi/15.2.0/../../../../arm-none-eabi/lib/thumb/v6-m/nofp/libc_nano.a(libc_a-memcpy-stub.o)
                                 0x24 (size before relaxing)
 .comment       0x00000046        0x0 /usr/lib/gcc/arm-none-eabi/15.2.0/../../../../arm-none-eabi/lib/thumb/v6-m/nofp/libc_nano.a(libc_a-__atexit.o)
                                 0x24 (size before relaxing)
 .comment       0x00000046        0x0 /usr/lib/gcc/arm-none-eabi/15.2.0/../../../../arm-none-eabi/lib/thumb/v6-m/nofp/libc_nano.a(libc_a-__call_atexit.o)
                                 0x24 (size before relaxing)
 .comment       0x00000046        0x0 /usr/lib/gcc/arm-none-eabi/15.2.0/../../../../arm-none-eabi/lib/thumb/v6-m/nofp/libc_nano.a(libc_a-freer.o)
                                 0x24 (size before relaxing)
 .comment       0x00000046        0x0 /usr/lib/gcc/arm-none-eabi/15.2.0/../../../../arm-none-eabi/lib/thumb/v6-m/nofp/libc_nano.a(libc_a-nano-svfprintf.o)
                                 0x24 (size before relaxing)
 .comment       0x00000046        0x0 /usr/lib/gcc/arm-none-eabi/15.2.0/../../../../arm-none-eabi/lib/thumb/v6-m/nofp/libc_nano.a(libc_a-nano-vfprintf_i.o)
                                 0x24 (size before relaxing)
 .comment       0x00000046        0x0 /usr/lib/gcc/arm-none-eabi/15.2.0/../../../../arm-none-eabi/lib/thumb/v6-m/nofp/libc_nano.a(libc_a-memmove.o)
                                 0x24 (size before relaxing)
 .comment       0x00000046        0x0 /usr/lib/gcc/arm-none-eabi/15.2.0/../../../../arm-none-eabi/lib/thumb/v6-m/nofp/libc_nano.a(libc_a-memchr-stub.o)
                                 0x24 (size before relaxing)
 .comment       0x00000046        0x0 /usr/lib/gcc/arm-none-eabi/15.2.0/../../../../arm-none-eabi/lib/thumb/v6-m/nofp/libc_nano.a(libc_a-reallocr.o)
                                 0x24 (size before relaxing)
 .comment       0x00000046        0x0 /usr/lib/gcc/arm-none-eabi/15.2.0/../../../../arm-none-eabi/lib/thumb/v6-m/nofp/libc_nano.a(libc_a-msizer.o)
                                 0x24 (size before relaxing)
 .comment       0x00000046        0x0 /usr/lib/gcc/arm-none-eabi/15.2.0/thumb/v6-m/nofp/libgcc.a(_udivmoddi4.o)
                                 0x24 (size before relaxing)
 .comment       0x00000046        0x0 /usr/lib/gcc/arm-none-eabi/15.2.0/thumb/v6-m/nofp/libgcc.a(divsf3.o)
                                 0x24 (size before relaxing)
 .comment       0x00000046        0x0 /usr/lib/gcc/arm-none-eabi/15.2.0/thumb/v6-m/nofp/libgcc.a(eqsf2.o)
                                 0x24 (size before relaxing)
 .comment       0x00000046        0x0 /usr/lib/gcc/arm-none-eabi/15.2.0/thumb/v6-m/nofp/libgcc.a(gesf2.o)
                                 0x24 (size before relaxing)
 .comment       0x00000046        0x0 /usr/lib/gcc/arm-none-eabi/15.2.0/thumb/v6-m/nofp/libgcc.a(lesf2.o)
                                 0x24 (size before relaxing)
 .comment       0x00000046        0x0 /usr/lib/gcc/arm-none-eabi/15.2.0/thumb/v6-m/nofp/libgcc.a(mulsf3.o)
                                 0x24 (size before relaxing)
 .comment       0x00000046        0x0 /usr/lib/gcc/arm-none-eabi/15.2.0/thumb/v6-m/nofp/libgcc.a(floatunsisf.o)
                                 0x24 (size before relaxing)
 .comment       0x00000046        0x0 /usr/lib/gcc/arm-none-eabi/15.2.0/thumb/v6-m/nofp/libgcc.a(extendsfdf2.o)
                                 0x24 (size before relaxing)
 .comment       0x00000046        0x0 /usr/lib/gcc/arm-none-eabi/15.2.0/../../../../arm-none-eabi/lib/thumb/v6-m/nofp/libnosys.a(_exit.o)
                                 0x24 (size before relaxing)
 .comment       0x00000046        0x0 /usr/lib/gcc/arm-none-eabi/15.2.0/thumb/v6-m/nofp/crtend.o
                                 0x24 (size before relaxing)

.debug_line     0x00000000     0xa884
 .debug_line    0x00000000       0x7a /usr/lib/gcc/arm-none-eabi/15.2.0/../../../../arm-none-eabi/lib/thumb/v6-m/nofp/crt0.o
 .debug_line    0x0000007a      0x331 CMakeFiles/tp1.elf.dir/clock_config.c.obj
 .debug_line    0x000003ab      0x382 CMakeFiles/tp1.elf.dir/pin_mux.c.obj
 .debug_line    0x0000072d      0x237 CMakeFiles/tp1.elf.dir/src/adc.c.obj
 .debug_line    0x00000964      0x211 CMakeFiles/tp1.elf.dir/src/button.c.obj
 .debug_line    0x00000b75      0x201 CMakeFiles/tp1.elf.dir/src/led.c.obj
 .debug_line    0x00000d76      0x15b CMakeFiles/tp1.elf.dir/src/timer.c.obj
 .debug_line    0x00000ed1      0x345 CMakeFiles/tp1.elf.dir/src/usart.c.obj
 .debug_line    0x00001216      0x432 CMakeFiles/tp1.elf.dir/main.c.obj
 .debug_line    0x00001648      0x136 CMakeFiles/tp1.elf.dir/home/hernan/SDK_25_06_00_LPC845BREAKOUT/devices/LPC845/gcc/startup_LPC845.S.obj
 .debug_line    0x0000177e      0x360 CMakeFiles/tp1.elf.dir/home/hernan/SDK_25_06_00_LPC845BREAKOUT/devices/LPC845/system_LPC845.c.obj
 .debug_line    0x00001ade      0x94d CMakeFiles/tp1.elf.dir/home/hernan/SDK_25_06_00_LPC845BREAKOUT/devices/LPC845/drivers/fsl_clock.c.obj
 .debug_line    0x0000242b      0x54f CMakeFiles/tp1.elf.dir/home/hernan/SDK_25_06_00_LPC845BREAKOUT/devices/LPC845/drivers/fsl_adc.c.obj
 .debug_line    0x0000297a      0x244 CMakeFiles/tp1.elf.dir/home/hernan/SDK_25_06_00_LPC845BREAKOUT/devices/LPC845/drivers/fsl_gpio.c.obj
 .debug_line    0x00002bbe      0xc68 CMakeFiles/tp1.elf.dir/home/hernan/SDK_25_06_00_LPC845BREAKOUT/devices/LPC845/drivers/fsl_usart.c.obj
 .debug_line    0x00003826      0xa90 CMakeFiles/tp1.elf.dir/home/hernan/SDK_25_06_00_LPC845BREAKOUT/devices/LPC845/drivers/fsl_pint.c.obj
 .debug_line    0x000042b6      0x1e5 CMakeFiles/tp1.elf.dir/home/hernan/SDK_25_06_00_LPC845BREAKOUT/devices/LPC845/drivers/fsl_reset.c.obj
 .debug_line    0x0000449b      0x20f CMakeFiles/tp1.elf.dir/home/hernan/SDK_25_06_00_LPC845BREAKOUT/devices/LPC845/drivers/fsl_swm.c.obj
 .debug_line    0x000046aa      0x164 CMakeFiles/tp1.elf.dir/home/hernan/SDK_25_06_00_LPC845BREAKOUT/devices/LPC845/drivers/fsl_syscon.c.obj
 .debug_line    0x0000480e      0x159 CMakeFiles/tp1.elf.dir/home/hernan/SDK_25_06_00_LPC845BREAKOUT/devices/LPC845/utilities/fsl_sbrk.c.obj
 .debug_line    0x00004967       0xf3 CMakeFiles/tp1.elf.dir/home/hernan/SDK_25_06_00_LPC845BREAKOUT/devices/LPC845/utilities/debug_console_lite/fsl_assert.c.obj
 .debug_line    0x00004a5a      0x6db CMakeFiles/tp1.elf.dir/home/hernan/SDK_25_06_00_LPC845BREAKOUT/devices/LPC845/utilities/debug_console_lite/fsl_debug_console.c.obj
 .debug_line    0x00005135       0xf4 /usr/lib/gcc/arm-none-eabi/15.2.0/../../../../arm-none-eabi/lib/thumb/v6-m/nofp/libc_nano.a(libc_a-atexit.o)
 .debug_line    0x00005229      0x181 /usr/lib/gcc/arm-none-eabi/15.2.0/../../../../arm-none-eabi/lib/thumb/v6-m/nofp/libc_nano.a(libc_a-exit.o)
 .debug_line    0x000053aa      0x1d7 /usr/lib/gcc/arm-none-eabi/15.2.0/../../../../arm-none-eabi/lib/thumb/v6-m/nofp/libc_nano.a(libc_a-malloc.o)
 .debug_line    0x00005581      0x4e4 /usr/lib/gcc/arm-none-eabi/15.2.0/../../../../arm-none-eabi/lib/thumb/v6-m/nofp/libc_nano.a(libc_a-mallocr.o)
 .debug_line    0x00005a65      0x1c6 /usr/lib/gcc/arm-none-eabi/15.2.0/../../../../arm-none-eabi/lib/thumb/v6-m/nofp/libc_nano.a(libc_a-mlock.o)
 .debug_line    0x00005c2b      0x600 /usr/lib/gcc/arm-none-eabi/15.2.0/../../../../arm-none-eabi/lib/thumb/v6-m/nofp/libc_nano.a(libc_a-findfp.o)
 .debug_line    0x0000622b      0x309 /usr/lib/gcc/arm-none-eabi/15.2.0/../../../../arm-none-eabi/lib/thumb/v6-m/nofp/libc_nano.a(libc_a-snprintf.o)
 .debug_line    0x00006534      0x127 /usr/lib/gcc/arm-none-eabi/15.2.0/../../../../arm-none-eabi/lib/thumb/v6-m/nofp/libc_nano.a(libc_a-memset.o)
 .debug_line    0x0000665b      0x2b6 /usr/lib/gcc/arm-none-eabi/15.2.0/../../../../arm-none-eabi/lib/thumb/v6-m/nofp/libc_nano.a(libc_a-reent.o)
 .debug_line    0x00006911      0x112 /usr/lib/gcc/arm-none-eabi/15.2.0/../../../../arm-none-eabi/lib/thumb/v6-m/nofp/libc_nano.a(libc_a-impure.o)
 .debug_line    0x00006a23      0x1e9 /usr/lib/gcc/arm-none-eabi/15.2.0/../../../../arm-none-eabi/lib/thumb/v6-m/nofp/libc_nano.a(libc_a-sbrkr.o)
 .debug_line    0x00006c0c      0x141 /usr/lib/gcc/arm-none-eabi/15.2.0/../../../../arm-none-eabi/lib/thumb/v6-m/nofp/libc_nano.a(libc_a-errno.o)
 .debug_line    0x00006d4d      0x103 /usr/lib/gcc/arm-none-eabi/15.2.0/../../../../arm-none-eabi/lib/thumb/v6-m/nofp/libc_nano.a(libc_a-init.o)
 .debug_line    0x00006e50       0xcb /usr/lib/gcc/arm-none-eabi/15.2.0/../../../../arm-none-eabi/lib/thumb/v6-m/nofp/libc_nano.a(libc_a-fini.o)
 .debug_line    0x00006f1b      0x187 /usr/lib/gcc/arm-none-eabi/15.2.0/../../../../arm-none-eabi/lib/thumb/v6-m/nofp/libc_nano.a(libc_a-lock.o)
 .debug_line    0x000070a2       0x52 /usr/lib/gcc/arm-none-eabi/15.2.0/../../../../arm-none-eabi/lib/thumb/v6-m/nofp/libc_nano.a(libc_a-strcmp.o)
 .debug_line    0x000070f4      0x184 /usr/lib/gcc/arm-none-eabi/15.2.0/../../../../arm-none-eabi/lib/thumb/v6-m/nofp/libc_nano.a(libc_a-memcpy-stub.o)
 .debug_line    0x00007278       0x4f /usr/lib/gcc/arm-none-eabi/15.2.0/../../../../arm-none-eabi/lib/thumb/v6-m/nofp/libc_nano.a(libc_a-strlen.o)
 .debug_line    0x000072c7      0x254 /usr/lib/gcc/arm-none-eabi/15.2.0/../../../../arm-none-eabi/lib/thumb/v6-m/nofp/libc_nano.a(libc_a-__atexit.o)
 .debug_line    0x0000751b      0x22d /usr/lib/gcc/arm-none-eabi/15.2.0/../../../../arm-none-eabi/lib/thumb/v6-m/nofp/libc_nano.a(libc_a-__call_atexit.o)
 .debug_line    0x00007748      0x2da /usr/lib/gcc/arm-none-eabi/15.2.0/../../../../arm-none-eabi/lib/thumb/v6-m/nofp/libc_nano.a(libc_a-freer.o)
 .debug_line    0x00007a22      0x8ae /usr/lib/gcc/arm-none-eabi/15.2.0/../../../../arm-none-eabi/lib/thumb/v6-m/nofp/libc_nano.a(libc_a-nano-svfprintf.o)
 .debug_line    0x000082d0      0x65f /usr/lib/gcc/arm-none-eabi/15.2.0/../../../../arm-none-eabi/lib/thumb/v6-m/nofp/libc_nano.a(libc_a-nano-vfprintf_i.o)
 .debug_line    0x0000892f      0x156 /usr/lib/gcc/arm-none-eabi/15.2.0/../../../../arm-none-eabi/lib/thumb/v6-m/nofp/libc_nano.a(libc_a-memmove.o)
 .debug_line    0x00008a85      0x185 /usr/lib/gcc/arm-none-eabi/15.2.0/../../../../arm-none-eabi/lib/thumb/v6-m/nofp/libc_nano.a(libc_a-memchr-stub.o)
 .debug_line    0x00008c0a      0x245 /usr/lib/gcc/arm-none-eabi/15.2.0/../../../../arm-none-eabi/lib/thumb/v6-m/nofp/libc_nano.a(libc_a-reallocr.o)
 .debug_line    0x00008e4f      0x1cd /usr/lib/gcc/arm-none-eabi/15.2.0/../../../../arm-none-eabi/lib/thumb/v6-m/nofp/libc_nano.a(libc_a-msizer.o)
 .debug_line    0x0000901c       0x53 /usr/lib/gcc/arm-none-eabi/15.2.0/thumb/v6-m/nofp/libgcc.a(_thumb1_case_shi.o)
 .debug_line    0x0000906f       0x56 /usr/lib/gcc/arm-none-eabi/15.2.0/thumb/v6-m/nofp/libgcc.a(_udivsi3.o)
 .debug_line    0x000090c5       0x4a /usr/lib/gcc/arm-none-eabi/15.2.0/thumb/v6-m/nofp/libgcc.a(_dvmd_tls.o)
 .debug_line    0x0000910f       0x5f /usr/lib/gcc/arm-none-eabi/15.2.0/thumb/v6-m/nofp/libgcc.a(_arm_cmpsf2.o)
 .debug_line    0x0000916e       0x55 /usr/lib/gcc/arm-none-eabi/15.2.0/thumb/v6-m/nofp/libgcc.a(_aeabi_uldivmod.o)
 .debug_line    0x000091c3      0x1c1 /usr/lib/gcc/arm-none-eabi/15.2.0/thumb/v6-m/nofp/libgcc.a(_udivmoddi4.o)
 .debug_line    0x00009384      0x503 /usr/lib/gcc/arm-none-eabi/15.2.0/thumb/v6-m/nofp/libgcc.a(divsf3.o)
 .debug_line    0x00009887      0x18a /usr/lib/gcc/arm-none-eabi/15.2.0/thumb/v6-m/nofp/libgcc.a(eqsf2.o)
 .debug_line    0x00009a11      0x252 /usr/lib/gcc/arm-none-eabi/15.2.0/thumb/v6-m/nofp/libgcc.a(gesf2.o)
 .debug_line    0x00009c63      0x24d /usr/lib/gcc/arm-none-eabi/15.2.0/thumb/v6-m/nofp/libgcc.a(lesf2.o)
 .debug_line    0x00009eb0      0x50c /usr/lib/gcc/arm-none-eabi/15.2.0/thumb/v6-m/nofp/libgcc.a(mulsf3.o)
 .debug_line    0x0000a3bc      0x1dc /usr/lib/gcc/arm-none-eabi/15.2.0/thumb/v6-m/nofp/libgcc.a(floatunsisf.o)
 .debug_line    0x0000a598      0x1da /usr/lib/gcc/arm-none-eabi/15.2.0/thumb/v6-m/nofp/libgcc.a(extendsfdf2.o)
 .debug_line    0x0000a772       0x5e /usr/lib/gcc/arm-none-eabi/15.2.0/thumb/v6-m/nofp/libgcc.a(_clzsi2.o)
 .debug_line    0x0000a7d0       0x54 /usr/lib/gcc/arm-none-eabi/15.2.0/thumb/v6-m/nofp/libgcc.a(_clzdi2.o)
 .debug_line    0x0000a824       0x60 /usr/lib/gcc/arm-none-eabi/15.2.0/../../../../arm-none-eabi/lib/thumb/v6-m/nofp/libnosys.a(_exit.o)

.debug_line_str
                0x00000000      0x2e0
 .debug_line_str
                0x00000000      0x2e0 /usr/lib/gcc/arm-none-eabi/15.2.0/../../../../arm-none-eabi/lib/thumb/v6-m/nofp/crt0.o
                                 0xb0 (size before relaxing)
 .debug_line_str
                0x000002e0        0x0 CMakeFiles/tp1.elf.dir/home/hernan/SDK_25_06_00_LPC845BREAKOUT/devices/LPC845/gcc/startup_LPC845.S.obj
                                 0x8b (size before relaxing)
 .debug_line_str
                0x000002e0        0x0 /usr/lib/gcc/arm-none-eabi/15.2.0/../../../../arm-none-eabi/lib/thumb/v6-m/nofp/libc_nano.a(libc_a-strcmp.o)
                                 0xc0 (size before relaxing)
 .debug_line_str
                0x000002e0        0x0 /usr/lib/gcc/arm-none-eabi/15.2.0/../../../../arm-none-eabi/lib/thumb/v6-m/nofp/libc_nano.a(libc_a-strlen.o)
                                 0xc3 (size before relaxing)
 .debug_line_str
                0x000002e0        0x0 /usr/lib/gcc/arm-none-eabi/15.2.0/thumb/v6-m/nofp/libgcc.a(_thumb1_case_shi.o)
                                 0xc6 (size before relaxing)
 .debug_line_str
                0x000002e0        0x0 /usr/lib/gcc/arm-none-eabi/15.2.0/thumb/v6-m/nofp/libgcc.a(_udivsi3.o)
                                 0xc6 (size before relaxing)
 .debug_line_str
                0x000002e0        0x0 /usr/lib/gcc/arm-none-eabi/15.2.0/thumb/v6-m/nofp/libgcc.a(_dvmd_tls.o)
                                 0xc6 (size before relaxing)
 .debug_line_str
                0x000002e0        0x0 /usr/lib/gcc/arm-none-eabi/15.2.0/thumb/v6-m/nofp/libgcc.a(_arm_cmpsf2.o)
                                 0xc6 (size before relaxing)
 .debug_line_str
                0x000002e0        0x0 /usr/lib/gcc/arm-none-eabi/15.2.0/thumb/v6-m/nofp/libgcc.a(_aeabi_uldivmod.o)