Archive member included to satisfy reference by file (symbol)

/usr/lib/gcc/arm-none-eabi/15.2.0/../../../../arm-none-eabi/lib/thumb/v6-m/nofp/libc_nano.a(libc_a-atexit.o)
                              /usr/lib/gcc/arm-none-eabi/15.2.0/../../../../arm-none-eabi/lib/thumb/v6-m/nofp/crt0.o (atexit)
/usr/lib/gcc/arm-none-eabi/15.2.0/../../../../arm-none-eabi/lib/thumb/v6-m/nofp/libc_nano.a(libc_a-exit.o)
                              /usr/lib/gcc/arm-none-eabi/15.2.0/../../../../arm-none-eabi/lib/thumb/v6-m/nofp/crt0.o (exit)
/usr/lib/gcc/arm-none-eabi/15.2.0/../../../../arm-none-eabi/lib/thumb/v6-m/nofp/libc_nano.a(libc_a-malloc.o)
                              CMakeFiles/tp1.elf.dir/home/hernan/SDK_25_06_00_LPC845BREAKOUT/devices/LPC845/drivers/fsl_common.c.obj (malloc)
/usr/lib/gcc/arm-none-eabi/15.2.0/../../../../arm-none-eabi/lib/thumb/v6-m/nofp/libc_nano.a(libc_a-mallocr.o)
                              /usr/lib/gcc/arm-none-eabi/15.2.0/../../../../arm-none-eabi/lib/thumb/v6-m/nofp/libc_nano.a(libc_a-malloc.o) (_malloc_r)
/usr/lib/gcc/arm-none-eabi/15.2.0/../../../../arm-none-eabi/lib/thumb/v6-m/nofp/libc_nano.a(libc_a-mlock.o)
                              /usr/lib/gcc/arm-none-eabi/15.2.0/../../../../arm-none-eabi/lib/thumb/v6-m/nofp/libc_nano.a(libc_a-mallocr.o) (__malloc_lock)
/usr/lib/gcc/arm-none-eabi/15.2.0/../../../../arm-none-eabi/lib/thumb/v6-m/nofp/libc_nano.a(libc_a-strtoul.o)
                              CMakeFiles/tp1.elf.dir/home/hernan/SDK_25_06_00_LPC845BREAKOUT/devices/LPC845/utilities/str/fsl_str.c.obj (strtoul)
/usr/lib/gcc/arm-none-eabi/15.2.0/../../../../arm-none-eabi/lib/thumb/v6-m/nofp/libc_nano.a(libc_a-ctype_.o)
                              /usr/lib/gcc/arm-none-eabi/15.2.0/../../../../arm-none-eabi/lib/thumb/v6-m/nofp/libc_nano.a(libc_a-strtoul.o) (_ctype_)
/usr/lib/gcc/arm-none-eabi/15.2.0/../../../../arm-none-eabi/lib/thumb/v6-m/nofp/libc_nano.a(libc_a-findfp.o)
                              /usr/lib/gcc/arm-none-eabi/15.2.0/../../../../arm-none-eabi/lib/thumb/v6-m/nofp/libc_nano.a(libc_a-exit.o) (__stdio_exit_handler)
/usr/lib/gcc/arm-none-eabi/15.2.0/../../../../arm-none-eabi/lib/thumb/v6-m/nofp/libc_nano.a(libc_a-fwalk.o)
                              /usr/lib/gcc/arm-none-eabi/15.2.0/../../../../arm-none-eabi/lib/thumb/v6-m/nofp/libc_nano.a(libc_a-findfp.o) (_fwalk_sglue)
/usr/lib/gcc/arm-none-eabi/15.2.0/../../../../arm-none-eabi/lib/thumb/v6-m/nofp/libc_nano.a(libc_a-snprintf.o)
                              CMakeFiles/tp1.elf.dir/src/usart.c.obj (snprintf)
/usr/lib/gcc/arm-none-eabi/15.2.0/../../../../arm-none-eabi/lib/thumb/v6-m/nofp/libc_nano.a(libc_a-stdio.o)
                              /usr/lib/gcc/arm-none-eabi/15.2.0/../../../../arm-none-eabi/lib/thumb/v6-m/nofp/libc_nano.a(libc_a-findfp.o) (__sread)
/usr/lib/gcc/arm-none-eabi/15.2.0/../../../../arm-none-eabi/lib/thumb/v6-m/nofp/libc_nano.a(libc_a-memset.o)
                              /usr/lib/gcc/arm-none-eabi/15.2.0/../../../../arm-none-eabi/lib/thumb/v6-m/nofp/crt0.o (memset)
/usr/lib/gcc/arm-none-eabi/15.2.0/../../../../arm-none-eabi/lib/thumb/v6-m/nofp/libc_nano.a(libc_a-closer.o)
                              /usr/lib/gcc/arm-none-eabi/15.2.0/../../../../arm-none-eabi/lib/thumb/v6-m/nofp/libc_nano.a(libc_a-stdio.o) (_close_r)
/usr/lib/gcc/arm-none-eabi/15.2.0/../../../../arm-none-eabi/lib/thumb/v6-m/nofp/libc_nano.a(libc_a-reent.o)
                              /usr/lib/gcc/arm-none-eabi/15.2.0/../../../../arm-none-eabi/lib/thumb/v6-m/nofp/libc_nano.a(libc_a-closer.o) (errno)
/usr/lib/gcc/arm-none-eabi/15.2.0/../../../../arm-none-eabi/lib/thumb/v6-m/nofp/libc_nano.a(libc_a-impure.o)
                              /usr/lib/gcc/arm-none-eabi/15.2.0/../../../../arm-none-eabi/lib/thumb/v6-m/nofp/libc_nano.a(libc_a-malloc.o) (_impure_ptr)
/usr/lib/gcc/arm-none-eabi/15.2.0/../../../../arm-none-eabi/lib/thumb/v6-m/nofp/libc_nano.a(libc_a-lseekr.o)
                              /usr/lib/gcc/arm-none-eabi/15.2.0/../../../../arm-none-eabi/lib/thumb/v6-m/nofp/libc_nano.a(libc_a-stdio.o) (_lseek_r)
/usr/lib/gcc/arm-none-eabi/15.2.0/../../../../arm-none-eabi/lib/thumb/v6-m/nofp/libc_nano.a(libc_a-readr.o)
                              /usr/lib/gcc/arm-none-eabi/15.2.0/../../../../arm-none-eabi/lib/thumb/v6-m/nofp/libc_nano.a(libc_a-stdio.o) (_read_r)
/usr/lib/gcc/arm-none-eabi/15.2.0/../../../../arm-none-eabi/lib/thumb/v6-m/nofp/libc_nano.a(libc_a-sbrkr.o)
                              /usr/lib/gcc/arm-none-eabi/15.2.0/../../../../arm-none-eabi/lib/thumb/v6-m/nofp/libc_nano.a(libc_a-mallocr.o) (_sbrk_r)
/usr/lib/gcc/arm-none-eabi/15.2.0/../../../../arm-none-eabi/lib/thumb/v6-m/nofp/libc_nano.a(libc_a-writer.o)
                              /usr/lib/gcc/arm-none-eabi/15.2.0/../../../../arm-none-eabi/lib/thumb/v6-m/nofp/libc_nano.a(libc_a-stdio.o) (_write_r)
/usr/lib/gcc/arm-none-eabi/15.2.0/../../../../arm-none-eabi/lib/thumb/v6-m/nofp/libc_nano.a(libc_a-errno.o)
[...]
Memory Configuration

Name             Origin             Length             Attributes
m_interrupts     0x00000000         0x00000200         xr
m_crp            0x000002fc         0x00000004         xr
m_text           0x00000300         0x0000fd00         xr
m_data           0x10000000         0x00003fe0         rw
*default*        0x00000000         0xffffffff

Linker script and memory map

LOAD /usr/lib/gcc/arm-none-eabi/15.2.0/thumb/v6-m/nofp/crti.o
LOAD /usr/lib/gcc/arm-none-eabi/15.2.0/thumb/v6-m/nofp/crtbegin.o
LOAD /usr/lib/gcc/arm-none-eabi/15.2.0/../../../../arm-none-eabi/lib/thumb/v6-m/nofp/crt0.o
LOAD CMakeFiles/tp1.elf.dir/board.c.obj
LOAD CMakeFiles/tp1.elf.dir/clock_config.c.obj
LOAD CMakeFiles/tp1.elf.dir/peripherals.c.obj
LOAD CMakeFiles/tp1.elf.dir/pin_mux.c.obj
LOAD CMakeFiles/tp1.elf.dir/src/adc.c.obj
LOAD CMakeFiles/tp1.elf.dir/src/button.c.obj
LOAD CMakeFiles/tp1.elf.dir/src/led.c.obj
LOAD CMakeFiles/tp1.elf.dir/src/timer.c.obj
LOAD CMakeFiles/tp1.elf.dir/src/usart.c.obj
LOAD CMakeFiles/tp1.elf.dir/main.c.obj
LOAD CMakeFiles/tp1.elf.dir/home/hernan/SDK_25_06_00_LPC845BREAKOUT/components/uart/fsl_adapter_miniusart.c.obj
LOAD CMakeFiles/tp1.elf.dir/home/hernan/SDK_25_06_00_LPC845BREAKOUT/devices/LPC845/gcc/startup_LPC845.S.obj
LOAD CMakeFiles/tp1.elf.dir/home/hernan/SDK_25_06_00_LPC845BREAKOUT/devices/LPC845/system_LPC845.c.obj
LOAD CMakeFiles/tp1.elf.dir/home/hernan/SDK_25_06_00_LPC845BREAKOUT/devices/LPC845/drivers/fsl_clock.c.obj
LOAD CMakeFiles/tp1.elf.dir/home/hernan/SDK_25_06_00_LPC845BREAKOUT/devices/LPC845/drivers/fsl_common.c.obj
LOAD CMakeFiles/tp1.elf.dir/home/hernan/SDK_25_06_00_LPC845BREAKOUT/devices/LPC845/drivers/fsl_common_arm.c.obj
LOAD CMakeFiles/tp1.elf.dir/home/hernan/SDK_25_06_00_LPC845BREAKOUT/devices/LPC845/drivers/fsl_inputmux.c.obj
LOAD CMakeFiles/tp1.elf.dir/home/hernan/SDK_25_06_00_LPC845BREAKOUT/devices/LPC845/drivers/fsl_adc.c.obj
LOAD CMakeFiles/tp1.elf.dir/home/hernan/SDK_25_06_00_LPC845BREAKOUT/devices/LPC845/drivers/fsl_gpio.c.obj
LOAD CMakeFiles/tp1.elf.dir/home/hernan/SDK_25_06_00_LPC845BREAKOUT/devices/LPC845/drivers/fsl_usart.c.obj
LOAD CMakeFiles/tp1.elf.dir/home/hernan/SDK_25_06_00_LPC845BREAKOUT/devices/LPC845/drivers/fsl_pint.c.obj
LOAD CMakeFiles/tp1.elf.dir/home/hernan/SDK_25_06_00_LPC845BREAKOUT/devices/LPC845/drivers/fsl_power.c.obj
LOAD CMakeFiles/tp1.elf.dir/home/hernan/SDK_25_06_00_LPC845BREAKOUT/devices/LPC845/drivers/fsl_reset.c.obj
LOAD CMakeFiles/tp1.elf.dir/home/hernan/SDK_25_06_00_LPC845BREAKOUT/devices/LPC845/drivers/fsl_swm.c.obj
LOAD CMakeFiles/tp1.elf.dir/home/hernan/SDK_25_06_00_LPC845BREAKOUT/devices/LPC845/drivers/fsl_syscon.c.obj
LOAD CMakeFiles/tp1.elf.dir/home/hernan/SDK_25_06_00_LPC845BREAKOUT/devices/LPC845/utilities/fsl_syscall_stub.c.obj
LOAD CMakeFiles/tp1.elf.dir/home/hernan/SDK_25_06_00_LPC845BREAKOUT/devices/LPC845/utilities/fsl_sbrk.c.obj
LOAD CMakeFiles/tp1.elf.dir/home/hernan/SDK_25_06_00_LPC845BREAKOUT/devices/LPC845/utilities/debug_console_lite/fsl_assert.c.obj
LOAD CMakeFiles/tp1.elf.dir/home/hernan/SDK_25_06_00_LPC845BREAKOUT/devices/LPC845/utilities/debug_console_lite/fsl_debug_console.c.obj
LOAD CMakeFiles/tp1.elf.dir/home/hernan/SDK_25_06_00_LPC845BREAKOUT/devices/LPC845/utilities/str/fsl_str.c.obj
START GROUP
LOAD /usr/lib/gcc/arm-none-eabi/15.2.0/../../../../arm-none-eabi/lib/thumb/v6-m/nofp/libm.a
LOAD /usr/lib/gcc/arm-none-eabi/15.2.0/../../../../arm-none-eabi/lib/thumb/v6-m/nofp/libc_nano.a
LOAD /usr/lib/gcc/arm-none-eabi/15.2.0/thumb/v6-m/nofp/libgcc.a
LOAD /usr/lib/gcc/arm-none-eabi/15.2.0/../../../../arm-none-eabi/lib/thumb/v6-m/nofp/libnosys.a
END GROUP
START GROUP
LOAD /usr/lib/gcc/arm-none-eabi/15.2.0/thumb/v6-m/nofp/libgcc.a
LOAD /usr/lib/gcc/arm-none-eabi/15.2.0/../../../../arm-none-eabi/lib/thumb/v6-m/nofp/libg_nano.a
LOAD /usr/lib/gcc/arm-none-eabi/15.2.0/../../../../arm-none-eabi/lib/thumb/v6-m/nofp/libc_nano.a
END GROUP
START GROUP
LOAD /usr/lib/gcc/arm-none-eabi/15.2.0/thumb/v6-m/nofp/libgcc.a
LOAD /usr/lib/gcc/arm-none-eabi/15.2.0/../../../../arm-none-eabi/lib/thumb/v6-m/nofp/libc_nano.a
LOAD /usr/lib/gcc/arm-none-eabi/15.2.0/../../../../arm-none-eabi/lib/thumb/v6-m/nofp/libnosys.a
END GROUP
START GROUP
LOAD /usr/lib/gcc/arm-none-eabi/15.2.0/thumb/v6-m/nofp/libgcc.a
LOAD /usr/lib/gcc/arm-none-eabi/15.2.0/../../../../arm-none-eabi/lib/thumb/v6-m/nofp/libc_nano.a
LOAD /usr/lib/gcc/arm-none-eabi/15.2.0/../../../../arm-none-eabi/lib/thumb/v6-m/nofp/libnosys.a
END GROUP
LOAD /usr/lib/gcc/arm-none-eabi/15.2.0/thumb/v6-m/nofp/crtend.o
LOAD /usr/lib/gcc/arm-none-eabi/15.2.0/thumb/v6-m/nofp/crtn.o
                0x00000400                        HEAP_SIZE = DEFINED (__heap_size__)?__heap_size__:0x400
                0x00000800                        STACK_SIZE = DEFINED (__stack_size__)?__stack_size__:0x800
                0xefffb355                        __valid_user_code_checksum = (0x0 - ((((__StackTop + Reset_Handler) + NMI_Handler) + HardFault_Handler) + 0x3))

.interrupts     0x00000000       0xc0
                0x00000000                        . = ALIGN (0x4)
 *(.isr_vector)
 .isr_vector    0x00000000       0xc0 CMakeFiles/tp1.elf.dir/home/hernan/SDK_25_06_00_LPC845BREAKOUT/devices/LPC845/gcc/startup_LPC845.S.obj
                0x00000000                __Vectors
                0x000000c0                        . = ALIGN (0x4)

.crp            0x000002fc        0x4
                0x000002fc                        . = ALIGN (0x4)
 *(.crp)
 .crp           0x000002fc        0x4 CMakeFiles/tp1.elf.dir/home/hernan/SDK_25_06_00_LPC845BREAKOUT/devices/LPC845/gcc/startup_LPC845.S.obj
                0x00000300                        . = ALIGN (0x4)

.text           0x00000300     0x4e90
                0x00000300                        . = ALIGN (0x4)
 *(.text)
 .text          0x00000300       0x98 /usr/lib/gcc/arm-none-eabi/15.2.0/thumb/v6-m/nofp/crtbegin.o
 .text          0x00000398       0x74 /usr/lib/gcc/arm-none-eabi/15.2.0/../../../../arm-none-eabi/lib/thumb/v6-m/nofp/crt0.o
                0x00000398                _stack_init
                0x000003a4                _mainCRTStartup
                0x000003a4                _start
 .text          0x0000040c      0x17c CMakeFiles/tp1.elf.dir/home/hernan/SDK_25_06_00_LPC845BREAKOUT/devices/LPC845/gcc/startup_LPC845.S.obj
                0x0000040c                Reset_Handler
                0x00000458                ADC0_OVR_DriverIRQHandler
                0x00000458                DMA0_DriverIRQHandler
                0x00000458                SPI1_DriverIRQHandler
                0x00000458                I2C3_DriverIRQHandler
                0x00000458                PIN_INT5_DAC1_DriverIRQHandler
                0x00000458                I2C2_DriverIRQHandler
                0x00000458                DefaultISR
                0x00000458                WKT_DriverIRQHandler
                0x00000458                DAC0_DriverIRQHandler
                0x00000458                MRT0_DriverIRQHandler
                0x00000458                CMP_CAPT_DriverIRQHandler
                0x00000458                ADC0_THCMP_DriverIRQHandler
                0x00000458                Reserved22_DriverIRQHandler
                0x00000458                FLASH_DriverIRQHandler
                0x00000458                ADC0_SEQB_DriverIRQHandler
                0x00000458                CTIMER0_DriverIRQHandler
                0x00000458                WDT_DriverIRQHandler
                0x00000458                BOD_DriverIRQHandler
                0x00000458                I2C1_DriverIRQHandler
                0x00000458                ADC0_SEQA_DriverIRQHandler
                0x00000458                SPI0_DriverIRQHandler
                0x00000458                I2C0_DriverIRQHandler
                0x00000458                SCT0_DriverIRQHandler
                0x0000045c                NMI_Handler
                0x00000460                HardFault_Handler
                0x00000464                SVC_Handler
                0x00000468                PendSV_Handler
                0x00000470                SPI0_IRQHandler
                0x00000474                SPI1_IRQHandler
                0x00000478                DAC0_IRQHandler
                0x0000047c                USART0_IRQHandler
                0x00000480                USART1_IRQHandler
                0x00000484                USART2_IRQHandler
                0x00000488                Reserved22_IRQHandler
                0x0000048c                I2C1_IRQHandler
                0x00000490                I2C0_IRQHandler
                0x00000494                SCT0_IRQHandler
                0x00000498                MRT0_IRQHandler
                0x0000049c                CMP_CAPT_IRQHandler
                0x000004a0                WDT_IRQHandler
                0x000004a4                BOD_IRQHandler
                0x000004a8                FLASH_IRQHandler
                0x000004ac                WKT_IRQHandler
                0x000004b4                ADC0_SEQB_IRQHandler
                0x000004b8                ADC0_THCMP_IRQHandler
                0x000004bc                ADC0_OVR_IRQHandler
                0x000004c0                DMA0_IRQHandler
                0x000004c4                I2C2_IRQHandler
                0x000004c8                I2C3_IRQHandler
                0x000004cc                CTIMER0_IRQHandler
                0x000004d0                PIN_INT0_IRQHandler
                0x000004d4                PIN_INT1_IRQHandler
                0x000004d8                PIN_INT2_IRQHandler
                0x000004dc                PIN_INT3_IRQHandler
                0x000004e0                PIN_INT4_IRQHandler
 .text          0x00000588       0x14 /usr/lib/gcc/arm-none-eabi/15.2.0/../../../../arm-none-eabi/lib/thumb/v6-m/nofp/libc_nano.a(libc_a-strcmp.o)
                0x00000588                strcmp
 .text          0x0000059c        0xe /usr/lib/gcc/arm-none-eabi/15.2.0/../../../../arm-none-eabi/lib/thumb/v6-m/nofp/libc_nano.a(libc_a-strlen.o)
                0x0000059c                strlen
 *fill*         0x000005aa        0x2 
 .text          0x000005ac       0x14 /usr/lib/gcc/arm-none-eabi/15.2.0/thumb/v6-m/nofp/libgcc.a(_thumb1_case_shi.o)
                0x000005ac                __gnu_thumb1_case_shi
 .text          0x000005c0      0x114 /usr/lib/gcc/arm-none-eabi/15.2.0/thumb/v6-m/nofp/libgcc.a(_udivsi3.o)
                0x000005c0                __udivsi3
                0x000005c0                __aeabi_uidiv
                0x000006cc                __aeabi_uidivmod
 .text          0x000006d4        0x4 /usr/lib/gcc/arm-none-eabi/15.2.0/thumb/v6-m/nofp/libgcc.a(_dvmd_tls.o)
                0x000006d4                __aeabi_ldiv0
                0x000006d4                __aeabi_idiv0
 .text          0x000006d8       0x40 /usr/lib/gcc/arm-none-eabi/15.2.0/thumb/v6-m/nofp/libgcc.a(_aeabi_uldivmod.o)
                0x000006d8                __aeabi_uldivmod
 .text          0x00000718      0x190 /usr/lib/gcc/arm-none-eabi/15.2.0/thumb/v6-m/nofp/libgcc.a(_udivmoddi4.o)
                0x00000718                __udivmoddi4
 .text          0x000008a8       0x18 /usr/lib/gcc/arm-none-eabi/15.2.0/thumb/v6-m/nofp/libgcc.a(_clzdi2.o)
                0x000008a8                __clzdi2
 .text          0x000008c0       0x3c /usr/lib/gcc/arm-none-eabi/15.2.0/thumb/v6-m/nofp/libgcc.a(_clzsi2.o)
                0x000008c0                __clzsi2
 *(.text*)
 .text.CLOCK_Select
                0x000008fc       0x38 CMakeFiles/tp1.elf.dir/clock_config.c.obj
 .text.CLOCK_SetCoreSysClkDiv
                0x00000934       0x4c CMakeFiles/tp1.elf.dir/clock_config.c.obj
 .text.CLOCK_SetFroOscFreq
                0x00000980       0x24 CMakeFiles/tp1.elf.dir/clock_config.c.obj
 .text.POWER_DisablePD
                0x000009a4       0x2c CMakeFiles/tp1.elf.dir/clock_config.c.obj
 .text.BOARD_BootClockFRO30M
                0x000009d0       0x58 CMakeFiles/tp1.elf.dir/clock_config.c.obj
                0x000009d0                BOARD_BootClockFRO30M
 .text.CLOCK_EnableClock
                0x00000a28       0x54 CMakeFiles/tp1.elf.dir/pin_mux.c.obj
 .text.CLOCK_DisableClock
                0x00000a7c       0x58 CMakeFiles/tp1.elf.dir/pin_mux.c.obj
 .text.IOCON_PinMuxSet
                0x00000ad4       0x26 CMakeFiles/tp1.elf.dir/pin_mux.c.obj
 .text.BOARD_InitBootPins
                0x00000afa       0x22 CMakeFiles/tp1.elf.dir/pin_mux.c.obj
                0x00000afa                BOARD_InitBootPins
 .text.BOARD_InitPins
                0x00000b1c       0x48 CMakeFiles/tp1.elf.dir/pin_mux.c.obj
                0x00000b1c                BOARD_InitPins
 .text.BOARD_InitLEDsPins
                0x00000b64       0x98 CMakeFiles/tp1.elf.dir/pin_mux.c.obj
                0x00000b64                BOARD_InitLEDsPins
 .text.BOARD_InitDEBUG_UARTPins
                0x00000bfc       0x60 CMakeFiles/tp1.elf.dir/pin_mux.c.obj
                0x00000bfc                BOARD_InitDEBUG_UARTPins
 .text.BOARD_InitSWD_DEBUGPins
                0x00000c5c       0x80 CMakeFiles/tp1.elf.dir/pin_mux.c.obj
                0x00000c5c                BOARD_InitSWD_DEBUGPins
 .text.BOARD_InitBUTTONsPins
                0x00000cdc       0x50 CMakeFiles/tp1.elf.dir/pin_mux.c.obj
                0x00000cdc                BOARD_InitBUTTONsPins
 .text.BOARD_InitCAPTPins
                0x00000d2c       0xa4 CMakeFiles/tp1.elf.dir/pin_mux.c.obj
                0x00000d2c                BOARD_InitCAPTPins
 .text.CLOCK_Select
                0x00000dd0       0x38 CMakeFiles/tp1.elf.dir/src/adc.c.obj
 .text.CLOCK_SetClkDivider
                0x00000e08       0x30 CMakeFiles/tp1.elf.dir/src/adc.c.obj
 .text.ADC_EnableConvSeqA
                0x00000e38       0x3a CMakeFiles/tp1.elf.dir/src/adc.c.obj
 .text.ADC_EnableInterrupts
                0x00000e72       0x22 CMakeFiles/tp1.elf.dir/src/adc.c.obj
 .text.ADC_GetStatusFlags
                0x00000e94       0x14 CMakeFiles/tp1.elf.dir/src/adc.c.obj
 .text.ADC_ClearStatusFlags
                0x00000ea8       0x18 CMakeFiles/tp1.elf.dir/src/adc.c.obj
 .text.POWER_DisablePD
                0x00000ec0       0x2c CMakeFiles/tp1.elf.dir/src/adc.c.obj
 .text.adc_config
                0x00000eec       0x74 CMakeFiles/tp1.elf.dir/src/adc.c.obj
                0x00000eec                adc_config
 .text.ADC0_SEQA_IRQHandler
                0x00000f60       0x48 CMakeFiles/tp1.elf.dir/src/adc.c.obj
                0x00000f60                ADC0_SEQA_IRQHandler
 .text.adc_volts_to_amps
                0x00000fa8       0x58 CMakeFiles/tp1.elf.dir/src/adc.c.obj
                0x00000fa8                adc_volts_to_amps
 .text.button_callback
                0x00001000       0x20 CMakeFiles/tp1.elf.dir/src/button.c.obj
                0x00001000                button_callback
 .text.Pint_Initialize
                0x00001020       0x50 CMakeFiles/tp1.elf.dir/src/button.c.obj
                0x00001020                Pint_Initialize
 .text.Change_Format
                0x00001070       0x20 CMakeFiles/tp1.elf.dir/src/button.c.obj
                0x00001070                Change_Format
 .text.GPIO_PinWrite
                0x00001090       0x2c CMakeFiles/tp1.elf.dir/src/led.c.obj
 .text.leds_initialize
                0x000010bc       0x50 CMakeFiles/tp1.elf.dir/src/led.c.obj
                0x000010bc                leds_initialize
 .text.leds_on_off
                0x0000110c       0xd8 CMakeFiles/tp1.elf.dir/src/led.c.obj
 .text.select_led_on
                0x000011e4       0xe4 CMakeFiles/tp1.elf.dir/src/led.c.obj
                0x000011e4                select_led_on
 .text.SysTick_Handler
                0x000012c8       0x20 CMakeFiles/tp1.elf.dir/src/timer.c.obj
                0x000012c8                SysTick_Handler
 .text.SysDelay
                0x000012e8       0x28 CMakeFiles/tp1.elf.dir/src/timer.c.obj
                0x000012e8                SysDelay
 .text.usart_callback_func
                0x00001310       0x38 CMakeFiles/tp1.elf.dir/src/usart.c.obj
 .text.USART_Inititalization
                0x00001348       0x74 CMakeFiles/tp1.elf.dir/src/usart.c.obj
                0x00001348                USART_Inititalization
 .text.Rcv_Command
                0x000013bc      0x118 CMakeFiles/tp1.elf.dir/src/usart.c.obj
                0x000013bc                Rcv_Command
 .text.Send_Output
                0x000014d4      0x150 CMakeFiles/tp1.elf.dir/src/usart.c.obj
                0x000014d4                Send_Output
 .text.__NVIC_EnableIRQ
                0x00001624       0x34 CMakeFiles/tp1.elf.dir/main.c.obj
 .text.__NVIC_SetPriority
                0x00001658       0xdc CMakeFiles/tp1.elf.dir/main.c.obj
 .text.SysTick_Config
                0x00001734       0x48 CMakeFiles/tp1.elf.dir/main.c.obj
 .text.CLOCK_Select
                0x0000177c       0x38 CMakeFiles/tp1.elf.dir/main.c.obj
 .text.ADC_DoSoftwareTriggerConvSeqA
                0x000017b4       0x1e CMakeFiles/tp1.elf.dir/main.c.obj
 *fill*         0x000017d2        0x2 
 .text.BOARD_InitHardware
                0x000017d4       0x20 CMakeFiles/tp1.elf.dir/main.c.obj
                0x000017d4                BOARD_InitHardware
 .text.main     0x000017f4       0xd8 CMakeFiles/tp1.elf.dir/main.c.obj
                0x000017f4                main
 .text.SystemInit
                0x000018cc       0x2c CMakeFiles/tp1.elf.dir/home/hernan/SDK_25_06_00_LPC845BREAKOUT/devices/LPC845/system_LPC845.c.obj
                0x000018cc                SystemInit
 .text.SystemInitHook
                0x000018f8        0xa CMakeFiles/tp1.elf.dir/home/hernan/SDK_25_06_00_LPC845BREAKOUT/devices/LPC845/system_LPC845.c.obj
                0x000018f8                SystemInitHook
 *fill*         0x00001902        0x2 
 .text.CLOCK_GetCoreSysClkFreq
                0x00001904       0x24 CMakeFiles/tp1.elf.dir/home/hernan/SDK_25_06_00_LPC845BREAKOUT/devices/LPC845/drivers/fsl_clock.c.obj
 .text.CLOCK_GetSystemPLLFreq
                0x00001928       0x20 CMakeFiles/tp1.elf.dir/home/hernan/SDK_25_06_00_LPC845BREAKOUT/devices/LPC845/drivers/fsl_clock.c.obj
 .text.CLOCK_GetWdtOscFreq
                0x00001948       0x14 CMakeFiles/tp1.elf.dir/home/hernan/SDK_25_06_00_LPC845BREAKOUT/devices/LPC845/drivers/fsl_clock.c.obj
 .text.CLOCK_GetExtClkFreq
                0x0000195c       0x14 CMakeFiles/tp1.elf.dir/home/hernan/SDK_25_06_00_LPC845BREAKOUT/devices/LPC845/drivers/fsl_clock.c.obj
 .text.CLOCK_GetFRGInputClkFreq
                0x00001970       0x3e CMakeFiles/tp1.elf.dir/home/hernan/SDK_25_06_00_LPC845BREAKOUT/devices/LPC845/drivers/fsl_clock.c.obj
 *fill*         0x000019ae        0x2 
 .text.CLOCK_UpdateClkSrc
                0x000019b0       0x58 CMakeFiles/tp1.elf.dir/home/hernan/SDK_25_06_00_LPC845BREAKOUT/devices/LPC845/drivers/fsl_clock.c.obj
 .text.CLOCK_GetFRG0ClkFreq
                0x00001a08       0x64 CMakeFiles/tp1.elf.dir/home/hernan/SDK_25_06_00_LPC845BREAKOUT/devices/LPC845/drivers/fsl_clock.c.obj
                0x00001a08                CLOCK_GetFRG0ClkFreq
 .text.CLOCK_GetFRG1ClkFreq
                0x00001a6c       0x64 CMakeFiles/tp1.elf.dir/home/hernan/SDK_25_06_00_LPC845BREAKOUT/devices/LPC845/drivers/fsl_clock.c.obj
                0x00001a6c                CLOCK_GetFRG1ClkFreq
 .text.CLOCK_GetMainClkFreq
                0x00001ad0       0x78 CMakeFiles/tp1.elf.dir/home/hernan/SDK_25_06_00_LPC845BREAKOUT/devices/LPC845/drivers/fsl_clock.c.obj
                0x00001ad0                CLOCK_GetMainClkFreq
 .text.CLOCK_GetFroFreq
                0x00001b48       0x78 CMakeFiles/tp1.elf.dir/home/hernan/SDK_25_06_00_LPC845BREAKOUT/devices/LPC845/drivers/fsl_clock.c.obj
                0x00001b48                CLOCK_GetFroFreq
 .text.CLOCK_GetFreq
                0x00001bc0       0xb0 CMakeFiles/tp1.elf.dir/home/hernan/SDK_25_06_00_LPC845BREAKOUT/devices/LPC845/drivers/fsl_clock.c.obj
                0x00001bc0                CLOCK_GetFreq
 .text.CLOCK_GetSystemPLLInClockRate
                0x00001c70       0x64 CMakeFiles/tp1.elf.dir/home/hernan/SDK_25_06_00_LPC845BREAKOUT/devices/LPC845/drivers/fsl_clock.c.obj
                0x00001c70                CLOCK_GetSystemPLLInClockRate
 .text.CLOCK_SetMainClkSrc
                0x00001cd4       0x9c CMakeFiles/tp1.elf.dir/home/hernan/SDK_25_06_00_LPC845BREAKOUT/devices/LPC845/drivers/fsl_clock.c.obj
                0x00001cd4                CLOCK_SetMainClkSrc
 .text.CLOCK_SetFroOutClkSrc
                0x00001d70       0x48 CMakeFiles/tp1.elf.dir/home/hernan/SDK_25_06_00_LPC845BREAKOUT/devices/LPC845/drivers/fsl_clock.c.obj
                0x00001d70                CLOCK_SetFroOutClkSrc
 .text.CLOCK_EnableClock
                0x00001db8       0x54 CMakeFiles/tp1.elf.dir/home/hernan/SDK_25_06_00_LPC845BREAKOUT/devices/LPC845/drivers/fsl_adc.c.obj
 .text.RESET_ReleasePeripheralReset
                0x00001e0c       0x18 CMakeFiles/tp1.elf.dir/home/hernan/SDK_25_06_00_LPC845BREAKOUT/devices/LPC845/drivers/fsl_adc.c.obj
 .text.ADC_GetInstance
                0x00001e24       0x54 CMakeFiles/tp1.elf.dir/home/hernan/SDK_25_06_00_LPC845BREAKOUT/devices/LPC845/drivers/fsl_adc.c.obj
 .text.ADC_Init
                0x00001e78       0xb4 CMakeFiles/tp1.elf.dir/home/hernan/SDK_25_06_00_LPC845BREAKOUT/devices/LPC845/drivers/fsl_adc.c.obj
                0x00001e78                ADC_Init
 .text.ADC_GetDefaultConfig
                0x00001f2c       0x34 CMakeFiles/tp1.elf.dir/home/hernan/SDK_25_06_00_LPC845BREAKOUT/devices/LPC845/drivers/fsl_adc.c.obj
                0x00001f2c                ADC_GetDefaultConfig
 .text.ADC_SetConvSeqAConfig
                0x00001f60       0xa0 CMakeFiles/tp1.elf.dir/home/hernan/SDK_25_06_00_LPC845BREAKOUT/devices/LPC845/drivers/fsl_adc.c.obj
                0x00001f60                ADC_SetConvSeqAConfig
 .text.ADC_GetChannelConversionResult
                0x00002000       0xbc CMakeFiles/tp1.elf.dir/home/hernan/SDK_25_06_00_LPC845BREAKOUT/devices/LPC845/drivers/fsl_adc.c.obj
                0x00002000                ADC_GetChannelConversionResult
 .text.CLOCK_EnableClock
                0x000020bc       0x54 CMakeFiles/tp1.elf.dir/home/hernan/SDK_25_06_00_LPC845BREAKOUT/devices/LPC845/drivers/fsl_gpio.c.obj
 .text.GPIO_EnablePortClock
                0x00002110       0x44 CMakeFiles/tp1.elf.dir/home/hernan/SDK_25_06_00_LPC845BREAKOUT/devices/LPC845/drivers/fsl_gpio.c.obj
 .text.GPIO_PortInit
                0x00002154       0x30 CMakeFiles/tp1.elf.dir/home/hernan/SDK_25_06_00_LPC845BREAKOUT/devices/LPC845/drivers/fsl_gpio.c.obj
                0x00002154                GPIO_PortInit
 .text.GPIO_PinInit
                0x00002184       0xc0 CMakeFiles/tp1.elf.dir/home/hernan/SDK_25_06_00_LPC845BREAKOUT/devices/LPC845/drivers/fsl_gpio.c.obj
                0x00002184                GPIO_PinInit
 .text.__NVIC_EnableIRQ
                0x00002244       0x34 CMakeFiles/tp1.elf.dir/home/hernan/SDK_25_06_00_LPC845BREAKOUT/devices/LPC845/drivers/fsl_usart.c.obj
 .text.CLOCK_EnableClock
                0x00002278       0x54 CMakeFiles/tp1.elf.dir/home/hernan/SDK_25_06_00_LPC845BREAKOUT/devices/LPC845/drivers/fsl_usart.c.obj
 .text.EnableIRQ
                0x000022cc       0x36 CMakeFiles/tp1.elf.dir/home/hernan/SDK_25_06_00_LPC845BREAKOUT/devices/LPC845/drivers/fsl_usart.c.obj
 .text.USART_GetStatusFlags
                0x00002302       0x14 CMakeFiles/tp1.elf.dir/home/hernan/SDK_25_06_00_LPC845BREAKOUT/devices/LPC845/drivers/fsl_usart.c.obj
 .text.USART_EnableInterrupts
                0x00002316       0x1c CMakeFiles/tp1.elf.dir/home/hernan/SDK_25_06_00_LPC845BREAKOUT/devices/LPC845/drivers/fsl_usart.c.obj
 .text.USART_DisableInterrupts
                0x00002332       0x1c CMakeFiles/tp1.elf.dir/home/hernan/SDK_25_06_00_LPC845BREAKOUT/devices/LPC845/drivers/fsl_usart.c.obj
 *fill*         0x0000234e        0x2 
 .text.USART_EnableContinuousSCLK
                0x00002350       0x40 CMakeFiles/tp1.elf.dir/home/hernan/SDK_25_06_00_LPC845BREAKOUT/devices/LPC845/drivers/fsl_usart.c.obj
 .text.USART_EnableTx
                0x00002390       0x46 CMakeFiles/tp1.elf.dir/home/hernan/SDK_25_06_00_LPC845BREAKOUT/devices/LPC845/drivers/fsl_usart.c.obj
 .text.USART_EnableRx
                0x000023d6       0x44 CMakeFiles/tp1.elf.dir/home/hernan/SDK_25_06_00_LPC845BREAKOUT/devices/LPC845/drivers/fsl_usart.c.obj
 *fill*         0x0000241a        0x2 
 .text.USART_GetInstance
                0x0000241c       0x58 CMakeFiles/tp1.elf.dir/home/hernan/SDK_25_06_00_LPC845BREAKOUT/devices/LPC845/drivers/fsl_usart.c.obj
                0x0000241c                USART_GetInstance
 .text.USART_TransferGetRxRingBufferLength
                0x00002474       0x78 CMakeFiles/tp1.elf.dir/home/hernan/SDK_25_06_00_LPC845BREAKOUT/devices/LPC845/drivers/fsl_usart.c.obj
                0x00002474                USART_TransferGetRxRingBufferLength
 .text.USART_TransferIsRxRingBufferFull
                0x000024ec       0x64 CMakeFiles/tp1.elf.dir/home/hernan/SDK_25_06_00_LPC845BREAKOUT/devices/LPC845/drivers/fsl_usart.c.obj
 .text.USART_Init
                0x00002550      0x144 CMakeFiles/tp1.elf.dir/home/hernan/SDK_25_06_00_LPC845BREAKOUT/devices/LPC845/drivers/fsl_usart.c.obj
                0x00002550                USART_Init
 .text.USART_SetBaudRate
                0x00002694      0x15c CMakeFiles/tp1.elf.dir/home/hernan/SDK_25_06_00_LPC845BREAKOUT/devices/LPC845/drivers/fsl_usart.c.obj
                0x00002694                USART_SetBaudRate
 .text.USART_WriteBlocking
                0x000027f0       0x70 CMakeFiles/tp1.elf.dir/home/hernan/SDK_25_06_00_LPC845BREAKOUT/devices/LPC845/drivers/fsl_usart.c.obj
                0x000027f0                USART_WriteBlocking
 .text.USART_TransferCreateHandle
                0x00002860       0xa8 CMakeFiles/tp1.elf.dir/home/hernan/SDK_25_06_00_LPC845BREAKOUT/devices/LPC845/drivers/fsl_usart.c.obj
                0x00002860                USART_TransferCreateHandle
 .text.USART_TransferReceiveNonBlocking
                0x00002908      0x1b0 CMakeFiles/tp1.elf.dir/home/hernan/SDK_25_06_00_LPC845BREAKOUT/devices/LPC845/drivers/fsl_usart.c.obj
                0x00002908                USART_TransferReceiveNonBlocking
 .text.USART_TransferHandleIRQ
                0x00002ab8      0x240 CMakeFiles/tp1.elf.dir/home/hernan/SDK_25_06_00_LPC845BREAKOUT/devices/LPC845/drivers/fsl_usart.c.obj
                0x00002ab8                USART_TransferHandleIRQ
 .text.USART0_DriverIRQHandler
                0x00002cf8       0x24 CMakeFiles/tp1.elf.dir/home/hernan/SDK_25_06_00_LPC845BREAKOUT/devices/LPC845/drivers/fsl_usart.c.obj
                0x00002cf8                USART0_DriverIRQHandler
 .text.USART1_DriverIRQHandler
                0x00002d1c       0x24 CMakeFiles/tp1.elf.dir/home/hernan/SDK_25_06_00_LPC845BREAKOUT/devices/LPC845/drivers/fsl_usart.c.obj
                0x00002d1c                USART1_DriverIRQHandler
 .text.USART2_DriverIRQHandler
                0x00002d40       0x24 CMakeFiles/tp1.elf.dir/home/hernan/SDK_25_06_00_LPC845BREAKOUT/devices/LPC845/drivers/fsl_usart.c.obj
                0x00002d40                USART2_DriverIRQHandler
 .text.PIN_INT6_USART3_DriverIRQHandler
                0x00002d64       0x24 CMakeFiles/tp1.elf.dir/home/hernan/SDK_25_06_00_LPC845BREAKOUT/devices/LPC845/drivers/fsl_usart.c.obj
                0x00002d64                PIN_INT6_USART3_DriverIRQHandler
 .text.PIN_INT7_USART4_DriverIRQHandler
                0x00002d88       0x24 CMakeFiles/tp1.elf.dir/home/hernan/SDK_25_06_00_LPC845BREAKOUT/devices/LPC845/drivers/fsl_usart.c.obj
                0x00002d88                PIN_INT7_USART4_DriverIRQHandler
 .text.__NVIC_EnableIRQ
                0x00002dac       0x34 CMakeFiles/tp1.elf.dir/home/hernan/SDK_25_06_00_LPC845BREAKOUT/devices/LPC845/drivers/fsl_pint.c.obj
 .text.__NVIC_ClearPendingIRQ
                0x00002de0       0x38 CMakeFiles/tp1.elf.dir/home/hernan/SDK_25_06_00_LPC845BREAKOUT/devices/LPC845/drivers/fsl_pint.c.obj
 .text.CLOCK_EnableClock
                0x00002e18       0x54 CMakeFiles/tp1.elf.dir/home/hernan/SDK_25_06_00_LPC845BREAKOUT/devices/LPC845/drivers/fsl_pint.c.obj
 .text.RESET_ReleasePeripheralReset
                0x00002e6c       0x18 CMakeFiles/tp1.elf.dir/home/hernan/SDK_25_06_00_LPC845BREAKOUT/devices/LPC845/drivers/fsl_pint.c.obj
 .text.EnableIRQ
                0x00002e84       0x36 CMakeFiles/tp1.elf.dir/home/hernan/SDK_25_06_00_LPC845BREAKOUT/devices/LPC845/drivers/fsl_pint.c.obj
 .text.PINT_PinInterruptGetStatus
                0x00002eba       0x26 CMakeFiles/tp1.elf.dir/home/hernan/SDK_25_06_00_LPC845BREAKOUT/devices/LPC845/drivers/fsl_pint.c.obj
 .text.PINT_PinInterruptClrFallFlag
                0x00002ee0       0x22 CMakeFiles/tp1.elf.dir/home/hernan/SDK_25_06_00_LPC845BREAKOUT/devices/LPC845/drivers/fsl_pint.c.obj
 .text.PINT_PinInterruptGetFallFlag
                0x00002f02       0x26 CMakeFiles/tp1.elf.dir/home/hernan/SDK_25_06_00_LPC845BREAKOUT/devices/LPC845/drivers/fsl_pint.c.obj
 .text.PINT_PinInterruptClrRiseFlag
                0x00002f28       0x22 CMakeFiles/tp1.elf.dir/home/hernan/SDK_25_06_00_LPC845BREAKOUT/devices/LPC845/drivers/fsl_pint.c.obj
 .text.PINT_PinInterruptGetRiseFlag
                0x00002f4a       0x26 CMakeFiles/tp1.elf.dir/home/hernan/SDK_25_06_00_LPC845BREAKOUT/devices/LPC845/drivers/fsl_pint.c.obj
 .text.PINT_GetInstance
                0x00002f70       0x54 CMakeFiles/tp1.elf.dir/home/hernan/SDK_25_06_00_LPC845BREAKOUT/devices/LPC845/drivers/fsl_pint.c.obj
 .text.PINT_Init
                0x00002fc4       0xa4 CMakeFiles/tp1.elf.dir/home/hernan/SDK_25_06_00_LPC845BREAKOUT/devices/LPC845/drivers/fsl_pint.c.obj
                0x00002fc4                PINT_Init
 .text.PINT_SetCallback
                0x00003068       0x2c CMakeFiles/tp1.elf.dir/home/hernan/SDK_25_06_00_LPC845BREAKOUT/devices/LPC845/drivers/fsl_pint.c.obj
                0x00003068                PINT_SetCallback
 .text.PINT_PinInterruptConfig
                0x00003094       0xd4 CMakeFiles/tp1.elf.dir/home/hernan/SDK_25_06_00_LPC845BREAKOUT/devices/LPC845/drivers/fsl_pint.c.obj
                0x00003094                PINT_PinInterruptConfig
 .text.PINT_PatternMatchResetDetectLogic
                0x00003168       0x30 CMakeFiles/tp1.elf.dir/home/hernan/SDK_25_06_00_LPC845BREAKOUT/devices/LPC845/drivers/fsl_pint.c.obj
                0x00003168                PINT_PatternMatchResetDetectLogic
 .text.PINT_PinInterruptClrStatus
                0x00003198       0x52 CMakeFiles/tp1.elf.dir/home/hernan/SDK_25_06_00_LPC845BREAKOUT/devices/LPC845/drivers/fsl_pint.c.obj
                0x00003198                PINT_PinInterruptClrStatus
 *fill*         0x000031ea        0x2 
 .text.PINT_EnableCallbackByIndex
                0x000031ec       0x68 CMakeFiles/tp1.elf.dir/home/hernan/SDK_25_06_00_LPC845BREAKOUT/devices/LPC845/drivers/fsl_pint.c.obj
                0x000031ec                PINT_EnableCallbackByIndex
 .text.PINT_CommonIRQHanlder
                0x00003254       0xdc CMakeFiles/tp1.elf.dir/home/hernan/SDK_25_06_00_LPC845BREAKOUT/devices/LPC845/drivers/fsl_pint.c.obj
 .text.PIN_INT0_DriverIRQHandler
                0x00003330       0x12 CMakeFiles/tp1.elf.dir/home/hernan/SDK_25_06_00_LPC845BREAKOUT/devices/LPC845/drivers/fsl_pint.c.obj
                0x00003330                PIN_INT0_DriverIRQHandler
 .text.PIN_INT1_DriverIRQHandler
                0x00003342       0x12 CMakeFiles/tp1.elf.dir/home/hernan/SDK_25_06_00_LPC845BREAKOUT/devices/LPC845/drivers/fsl_pint.c.obj
                0x00003342                PIN_INT1_DriverIRQHandler
 .text.PIN_INT2_DriverIRQHandler
                0x00003354       0x12 CMakeFiles/tp1.elf.dir/home/hernan/SDK_25_06_00_LPC845BREAKOUT/devices/LPC845/drivers/fsl_pint.c.obj
                0x00003354                PIN_INT2_DriverIRQHandler
 .text.PIN_INT3_DriverIRQHandler
                0x00003366       0x12 CMakeFiles/tp1.elf.dir/home/hernan/SDK_25_06_00_LPC845BREAKOUT/devices/LPC845/drivers/fsl_pint.c.obj
                0x00003366                PIN_INT3_DriverIRQHandler
 .text.PIN_INT4_DriverIRQHandler
                0x00003378       0x12 CMakeFiles/tp1.elf.dir/home/hernan/SDK_25_06_00_LPC845BREAKOUT/devices/LPC845/drivers/fsl_pint.c.obj
                0x00003378                PIN_INT4_DriverIRQHandler
 .text.PIN_INT5_DAC1_IRQHandler
                0x0000338a       0x12 CMakeFiles/tp1.elf.dir/home/hernan/SDK_25_06_00_LPC845BREAKOUT/devices/LPC845/drivers/fsl_pint.c.obj
                0x0000338a                PIN_INT5_DAC1_IRQHandler
 .text.PIN_INT6_USART3_IRQHandler
                0x0000339c       0x12 CMakeFiles/tp1.elf.dir/home/hernan/SDK_25_06_00_LPC845BREAKOUT/devices/LPC845/drivers/fsl_pint.c.obj
                0x0000339c                PIN_INT6_USART3_IRQHandler
 .text.PIN_INT7_USART4_IRQHandler
                0x000033ae       0x12 CMakeFiles/tp1.elf.dir/home/hernan/SDK_25_06_00_LPC845BREAKOUT/devices/LPC845/drivers/fsl_pint.c.obj
                0x000033ae                PIN_INT7_USART4_IRQHandler
 .text.RESET_SetPeripheralReset
                0x000033c0       0x7c CMakeFiles/tp1.elf.dir/home/hernan/SDK_25_06_00_LPC845BREAKOUT/devices/LPC845/drivers/fsl_reset.c.obj
                0x000033c0                RESET_SetPeripheralReset
 .text.RESET_ClearPeripheralReset
                0x0000343c       0x78 CMakeFiles/tp1.elf.dir/home/hernan/SDK_25_06_00_LPC845BREAKOUT/devices/LPC845/drivers/fsl_reset.c.obj
                0x0000343c                RESET_ClearPeripheralReset
 .text.RESET_PeripheralReset
                0x000034b4       0x20 CMakeFiles/tp1.elf.dir/home/hernan/SDK_25_06_00_LPC845BREAKOUT/devices/LPC845/drivers/fsl_reset.c.obj
                0x000034b4                RESET_PeripheralReset
 .text.SWM_SetMovablePinSelect
                0x000034d4       0xa8 CMakeFiles/tp1.elf.dir/home/hernan/SDK_25_06_00_LPC845BREAKOUT/devices/LPC845/drivers/fsl_swm.c.obj
                0x000034d4                SWM_SetMovablePinSelect
 .text.SWM_SetFixedPinSelect
                0x0000357c       0xac CMakeFiles/tp1.elf.dir/home/hernan/SDK_25_06_00_LPC845BREAKOUT/devices/LPC845/drivers/fsl_swm.c.obj
                0x0000357c                SWM_SetFixedPinSelect
 .text.SYSCON_AttachSignal
                0x00003628       0x32 CMakeFiles/tp1.elf.dir/home/hernan/SDK_25_06_00_LPC845BREAKOUT/devices/LPC845/drivers/fsl_syscon.c.obj
                0x00003628                SYSCON_AttachSignal
 *fill*         0x0000365a        0x2 
 .text._sbrk    0x0000365c       0x68 CMakeFiles/tp1.elf.dir/home/hernan/SDK_25_06_00_LPC845BREAKOUT/devices/LPC845/utilities/fsl_sbrk.c.obj
                0x0000365c                _sbrk
 .text.fsl_assert_hook
                0x000036c4       0x16 CMakeFiles/tp1.elf.dir/home/hernan/SDK_25_06_00_LPC845BREAKOUT/devices/LPC845/utilities/debug_console_lite/fsl_assert.c.obj
                0x000036c4                fsl_assert_hook
 *fill*         0x000036da        0x2 
 .text.__assert_func
                0x000036dc       0x34 CMakeFiles/tp1.elf.dir/home/hernan/SDK_25_06_00_LPC845BREAKOUT/devices/LPC845/utilities/debug_console_lite/fsl_assert.c.obj
                0x000036dc                __assert_func
 .text.DbgConsole_Printf
                0x00003710       0x32 CMakeFiles/tp1.elf.dir/home/hernan/SDK_25_06_00_LPC845BREAKOUT/devices/LPC845/utilities/debug_console_lite/fsl_debug_console.c.obj
                0x00003710                DbgConsole_Printf
 *fill*         0x00003742        0x2 
 .text.DbgConsole_Vprintf
                0x00003744       0x40 CMakeFiles/tp1.elf.dir/home/hernan/SDK_25_06_00_LPC845BREAKOUT/devices/LPC845/utilities/debug_console_lite/fsl_debug_console.c.obj
                0x00003744                DbgConsole_Vprintf
 .text.DbgConsole_Putchar
                0x00003784       0x30 CMakeFiles/tp1.elf.dir/home/hernan/SDK_25_06_00_LPC845BREAKOUT/devices/LPC845/utilities/debug_console_lite/fsl_debug_console.c.obj
                0x00003784                DbgConsole_Putchar
 .text.DbgConsole_PrintfPaddingCharacter
                0x000037b4       0x48 CMakeFiles/tp1.elf.dir/home/hernan/SDK_25_06_00_LPC845BREAKOUT/devices/LPC845/utilities/debug_console_lite/fsl_debug_console.c.obj
 .text.DbgConsole_ConvertRadixNumToString
                0x000037fc       0xc2 CMakeFiles/tp1.elf.dir/home/hernan/SDK_25_06_00_LPC845BREAKOUT/devices/LPC845/utilities/debug_console_lite/fsl_debug_console.c.obj
 .text.DbgConsole_PrintfFormattedData
                0x000038be      0x3da CMakeFiles/tp1.elf.dir/home/hernan/SDK_25_06_00_LPC845BREAKOUT/devices/LPC845/utilities/debug_console_lite/fsl_debug_console.c.obj
 .text.atexit   0x00003c98       0x10 /usr/lib/gcc/arm-none-eabi/15.2.0/../../../../arm-none-eabi/lib/thumb/v6-m/nofp/libc_nano.a(libc_a-atexit.o)
                0x00003c98                atexit
 .text.exit     0x00003ca8       0x28 /usr/lib/gcc/arm-none-eabi/15.2.0/../../../../arm-none-eabi/lib/thumb/v6-m/nofp/libc_nano.a(libc_a-exit.o)
                0x00003ca8                exit
 .text.malloc   0x00003cd0       0x14 /usr/lib/gcc/arm-none-eabi/15.2.0/../../../../arm-none-eabi/lib/thumb/v6-m/nofp/libc_nano.a(libc_a-malloc.o)
                0x00003cd0                malloc
 .text.sbrk_aligned
                0x00003ce4       0x44 /usr/lib/gcc/arm-none-eabi/15.2.0/../../../../arm-none-eabi/lib/thumb/v6-m/nofp/libc_nano.a(libc_a-mallocr.o)
 .text._malloc_r
                0x00003d28      0x100 /usr/lib/gcc/arm-none-eabi/15.2.0/../../../../arm-none-eabi/lib/thumb/v6-m/nofp/libc_nano.a(libc_a-mallocr.o)
                0x00003d28                _malloc_r
 .text.__malloc_lock
                0x00003e28       0x10 /usr/lib/gcc/arm-none-eabi/15.2.0/../../../../arm-none-eabi/lib/thumb/v6-m/nofp/libc_nano.a(libc_a-mlock.o)
                0x00003e28                __malloc_lock
 .text.__malloc_unlock
                0x00003e38       0x10 /usr/lib/gcc/arm-none-eabi/15.2.0/../../../../arm-none-eabi/lib/thumb/v6-m/nofp/libc_nano.a(libc_a-mlock.o)
                0x00003e38                __malloc_unlock
 .text.snprintf
                0x00003e48       0x64 /usr/lib/gcc/arm-none-eabi/15.2.0/../../../../arm-none-eabi/lib/thumb/v6-m/nofp/libc_nano.a(libc_a-snprintf.o)
                0x00003e48                snprintf
                0x00003e48                sniprintf
 .text.memset   0x00003eac       0x10 /usr/lib/gcc/arm-none-eabi/15.2.0/../../../../arm-none-eabi/lib/thumb/v6-m/nofp/libc_nano.a(libc_a-memset.o)
                0x00003eac                memset
 .text._sbrk_r  0x00003ebc       0x24 /usr/lib/gcc/arm-none-eabi/15.2.0/../../../../arm-none-eabi/lib/thumb/v6-m/nofp/libc_nano.a(libc_a-sbrkr.o)
                0x00003ebc                _sbrk_r
 .text.__errno  0x00003ee0        0xc /usr/lib/gcc/arm-none-eabi/15.2.0/../../../../arm-none-eabi/lib/thumb/v6-m/nofp/libc_nano.a(libc_a-errno.o)
                0x00003ee0                __errno
 .text.__libc_init_array
                0x00003eec       0x48 /usr/lib/gcc/arm-none-eabi/15.2.0/../../../../arm-none-eabi/lib/thumb/v6-m/nofp/libc_nano.a(libc_a-init.o)
                0x00003eec                __libc_init_array
 .text.__libc_fini_array
                0x00003f34       0x28 /usr/lib/gcc/arm-none-eabi/15.2.0/../../../../arm-none-eabi/lib/thumb/v6-m/nofp/libc_nano.a(libc_a-fini.o)
                0x00003f34                __libc_fini_array
 .text.__retarget_lock_acquire_recursive
                0x00003f5c        0x2 /usr/lib/gcc/arm-none-eabi/15.2.0/../../../../arm-none-eabi/lib/thumb/v6-m/nofp/libc_nano.a(libc_a-lock.o)
                0x00003f5c                __retarget_lock_acquire_recursive
 .text.__retarget_lock_release_recursive
                0x00003f5e        0x2 /usr/lib/gcc/arm-none-eabi/15.2.0/../../../../arm-none-eabi/lib/thumb/v6-m/nofp/libc_nano.a(libc_a-lock.o)
                0x00003f5e                __retarget_lock_release_recursive
 .text.memcpy   0x00003f60       0x12 /usr/lib/gcc/arm-none-eabi/15.2.0/../../../../arm-none-eabi/lib/thumb/v6-m/nofp/libc_nano.a(libc_a-memcpy-stub.o)
                0x00003f60                memcpy
 *fill*         0x00003f72        0x2 
 .text.__register_exitproc
                0x00003f74       0xc0 /usr/lib/gcc/arm-none-eabi/15.2.0/../../../../arm-none-eabi/lib/thumb/v6-m/nofp/libc_nano.a(libc_a-__atexit.o)
                0x00003f74                __register_exitproc
 .text.__call_exitprocs
                0x00004034       0xb4 /usr/lib/gcc/arm-none-eabi/15.2.0/../../../../arm-none-eabi/lib/thumb/v6-m/nofp/libc_nano.a(libc_a-__call_atexit.o)
                0x00004034                __call_exitprocs
 .text._free_r  0x000040e8       0x94 /usr/lib/gcc/arm-none-eabi/15.2.0/../../../../arm-none-eabi/lib/thumb/v6-m/nofp/libc_nano.a(libc_a-freer.o)
                0x000040e8                _free_r
 .text.__ssputs_r
                0x0000417c       0xc8 /usr/lib/gcc/arm-none-eabi/15.2.0/../../../../arm-none-eabi/lib/thumb/v6-m/nofp/libc_nano.a(libc_a-nano-svfprintf.o)
                0x0000417c                __ssputs_r
 .text._svfprintf_r
                0x00004244      0x1f8 /usr/lib/gcc/arm-none-eabi/15.2.0/../../../../arm-none-eabi/lib/thumb/v6-m/nofp/libc_nano.a(libc_a-nano-svfprintf.o)
                0x00004244                _svfprintf_r
                0x00004244                _svfiprintf_r
 .text._printf_common
                0x0000443c       0xde /usr/lib/gcc/arm-none-eabi/15.2.0/../../../../arm-none-eabi/lib/thumb/v6-m/nofp/libc_nano.a(libc_a-nano-vfprintf_i.o)
                0x0000443c                _printf_common
 *fill*         0x0000451a        0x2 
 .text._printf_i
                0x0000451c      0x214 /usr/lib/gcc/arm-none-eabi/15.2.0/../../../../arm-none-eabi/lib/thumb/v6-m/nofp/libc_nano.a(libc_a-nano-vfprintf_i.o)
                0x0000451c                _printf_i
 .text.memmove  0x00004730       0x26 /usr/lib/gcc/arm-none-eabi/15.2.0/../../../../arm-none-eabi/lib/thumb/v6-m/nofp/libc_nano.a(libc_a-memmove.o)
                0x00004730                memmove
 .text.memchr   0x00004756       0x16 /usr/lib/gcc/arm-none-eabi/15.2.0/../../../../arm-none-eabi/lib/thumb/v6-m/nofp/libc_nano.a(libc_a-memchr-stub.o)
                0x00004756                memchr
 .text._realloc_r
                0x0000476c       0x60 /usr/lib/gcc/arm-none-eabi/15.2.0/../../../../arm-none-eabi/lib/thumb/v6-m/nofp/libc_nano.a(libc_a-reallocr.o)
                0x0000476c                _realloc_r
 .text._malloc_usable_size_r
                0x000047cc       0x10 /usr/lib/gcc/arm-none-eabi/15.2.0/../../../../arm-none-eabi/lib/thumb/v6-m/nofp/libc_nano.a(libc_a-msizer.o)
                0x000047cc                _malloc_usable_size_r
 .text._exit    0x000047dc        0x4 /usr/lib/gcc/arm-none-eabi/15.2.0/../../../../arm-none-eabi/lib/thumb/v6-m/nofp/libnosys.a(_exit.o)
                0x000047dc                _exit
 *(.rodata)
 .rodata        0x000047e0       0x5a CMakeFiles/tp1.elf.dir/clock_config.c.obj
 *fill*         0x0000483a        0x2 
 .rodata        0x0000483c        0x2 CMakeFiles/tp1.elf.dir/pin_mux.c.obj
 *fill*         0x0000483e        0x2 
 .rodata        0x00004840        0xc CMakeFiles/tp1.elf.dir/src/adc.c.obj
 .rodata        0x0000484c        0x2 CMakeFiles/tp1.elf.dir/src/led.c.obj
 *fill*         0x0000484e        0x2 
 .rodata        0x00004850       0x6d CMakeFiles/tp1.elf.dir/src/usart.c.obj
 *fill*         0x000048bd        0x3 
 .rodata        0x000048c0       0xac CMakeFiles/tp1.elf.dir/home/hernan/SDK_25_06_00_LPC845BREAKOUT/devices/LPC845/drivers/fsl_clock.c.obj
 .rodata        0x0000496c       0xb8 CMakeFiles/tp1.elf.dir/home/hernan/SDK_25_06_00_LPC845BREAKOUT/devices/LPC845/drivers/fsl_adc.c.obj
 .rodata        0x00004a24       0x6f CMakeFiles/tp1.elf.dir/home/hernan/SDK_25_06_00_LPC845BREAKOUT/devices/LPC845/drivers/fsl_gpio.c.obj
 *fill*         0x00004a93        0x1 
 .rodata        0x00004a94      0x28b CMakeFiles/tp1.elf.dir/home/hernan/SDK_25_06_00_LPC845BREAKOUT/devices/LPC845/drivers/fsl_usart.c.obj
 *fill*         0x00004d1f        0x1 
 .rodata        0x00004d20       0x7d CMakeFiles/tp1.elf.dir/home/hernan/SDK_25_06_00_LPC845BREAKOUT/devices/LPC845/drivers/fsl_pint.c.obj
 *fill*         0x00004d9d        0x3 
 .rodata        0x00004da0       0x5c CMakeFiles/tp1.elf.dir/home/hernan/SDK_25_06_00_LPC845BREAKOUT/devices/LPC845/drivers/fsl_reset.c.obj
 .rodata        0x00004dfc       0x7a CMakeFiles/tp1.elf.dir/home/hernan/SDK_25_06_00_LPC845BREAKOUT/devices/LPC845/drivers/fsl_swm.c.obj
 *fill*         0x00004e76        0x2 
 .rodata        0x00004e78       0x3e CMakeFiles/tp1.elf.dir/home/hernan/SDK_25_06_00_LPC845BREAKOUT/devices/LPC845/utilities/debug_console_lite/fsl_assert.c.obj
 *(.rodata*)
 *fill*         0x00004eb6        0x2 
 .rodata.__func__.0
                0x00004eb8       0x17 CMakeFiles/tp1.elf.dir/clock_config.c.obj
 *fill*         0x00004ecf        0x1 
 .rodata.__func__.2
                0x00004ed0       0x13 CMakeFiles/tp1.elf.dir/home/hernan/SDK_25_06_00_LPC845BREAKOUT/devices/LPC845/drivers/fsl_clock.c.obj
 *fill*         0x00004ee3        0x1 
 .rodata.__func__.7
                0x00004ee4       0x10 CMakeFiles/tp1.elf.dir/home/hernan/SDK_25_06_00_LPC845BREAKOUT/devices/LPC845/drivers/fsl_adc.c.obj
 .rodata.__func__.6
                0x00004ef4        0x9 CMakeFiles/tp1.elf.dir/home/hernan/SDK_25_06_00_LPC845BREAKOUT/devices/LPC845/drivers/fsl_adc.c.obj
 *fill*         0x00004efd        0x3 
 .rodata.__func__.4
                0x00004f00       0x16 CMakeFiles/tp1.elf.dir/home/hernan/SDK_25_06_00_LPC845BREAKOUT/devices/LPC845/drivers/fsl_adc.c.obj
 *fill*         0x00004f16        0x2 
 .rodata.__func__.0
                0x00004f18       0x1f CMakeFiles/tp1.elf.dir/home/hernan/SDK_25_06_00_LPC845BREAKOUT/devices/LPC845/drivers/fsl_adc.c.obj
 *fill*         0x00004f37        0x1 
 .rodata.s_gpioClockName
                0x00004f38        0x4 CMakeFiles/tp1.elf.dir/home/hernan/SDK_25_06_00_LPC845BREAKOUT/devices/LPC845/drivers/fsl_gpio.c.obj
 .rodata.s_gpioResets
                0x00004f3c        0x8 CMakeFiles/tp1.elf.dir/home/hernan/SDK_25_06_00_LPC845BREAKOUT/devices/LPC845/drivers/fsl_gpio.c.obj
 .rodata.__func__.0
                0x00004f44       0x15 CMakeFiles/tp1.elf.dir/home/hernan/SDK_25_06_00_LPC845BREAKOUT/devices/LPC845/drivers/fsl_gpio.c.obj
 *fill*         0x00004f59        0x3 
 .rodata.s_usartIRQ
                0x00004f5c        0x5 CMakeFiles/tp1.elf.dir/home/hernan/SDK_25_06_00_LPC845BREAKOUT/devices/LPC845/drivers/fsl_usart.c.obj
 *fill*         0x00004f61        0x3 
 .rodata.s_usartBaseAddrs
                0x00004f64       0x14 CMakeFiles/tp1.elf.dir/home/hernan/SDK_25_06_00_LPC845BREAKOUT/devices/LPC845/drivers/fsl_usart.c.obj
 .rodata.s_usartClock
                0x00004f78        0xa CMakeFiles/tp1.elf.dir/home/hernan/SDK_25_06_00_LPC845BREAKOUT/devices/LPC845/drivers/fsl_usart.c.obj
 *fill*         0x00004f82        0x2 
 .rodata.s_usartRest
                0x00004f84       0x14 CMakeFiles/tp1.elf.dir/home/hernan/SDK_25_06_00_LPC845BREAKOUT/devices/LPC845/drivers/fsl_usart.c.obj
 .rodata.__func__.18
                0x00004f98       0x12 CMakeFiles/tp1.elf.dir/home/hernan/SDK_25_06_00_LPC845BREAKOUT/devices/LPC845/drivers/fsl_usart.c.obj
 *fill*         0x00004faa        0x2 
 .rodata.__func__.17
                0x00004fac       0x24 CMakeFiles/tp1.elf.dir/home/hernan/SDK_25_06_00_LPC845BREAKOUT/devices/LPC845/drivers/fsl_usart.c.obj
 .rodata.__func__.16
                0x00004fd0       0x21 CMakeFiles/tp1.elf.dir/home/hernan/SDK_25_06_00_LPC845BREAKOUT/devices/LPC845/drivers/fsl_usart.c.obj
 *fill*         0x00004ff1        0x3 
 .rodata.__func__.13
                0x00004ff4        0xb CMakeFiles/tp1.elf.dir/home/hernan/SDK_25_06_00_LPC845BREAKOUT/devices/LPC845/drivers/fsl_usart.c.obj
 *fill*         0x00004fff        0x1 
 .rodata.__func__.10
                0x00005000       0x12 CMakeFiles/tp1.elf.dir/home/hernan/SDK_25_06_00_LPC845BREAKOUT/devices/LPC845/drivers/fsl_usart.c.obj
 *fill*         0x00005012        0x2 
 .rodata.__func__.9
                0x00005014       0x14 CMakeFiles/tp1.elf.dir/home/hernan/SDK_25_06_00_LPC845BREAKOUT/devices/LPC845/drivers/fsl_usart.c.obj
 .rodata.__func__.7
                0x00005028       0x1b CMakeFiles/tp1.elf.dir/home/hernan/SDK_25_06_00_LPC845BREAKOUT/devices/LPC845/drivers/fsl_usart.c.obj
 *fill*         0x00005043        0x1 
 .rodata.__func__.3
                0x00005044       0x21 CMakeFiles/tp1.elf.dir/home/hernan/SDK_25_06_00_LPC845BREAKOUT/devices/LPC845/drivers/fsl_usart.c.obj
 *fill*         0x00005065        0x3 
 .rodata.__func__.0
                0x00005068       0x18 CMakeFiles/tp1.elf.dir/home/hernan/SDK_25_06_00_LPC845BREAKOUT/devices/LPC845/drivers/fsl_usart.c.obj
 .rodata.s_pintIRQ
                0x00005080        0x8 CMakeFiles/tp1.elf.dir/home/hernan/SDK_25_06_00_LPC845BREAKOUT/devices/LPC845/drivers/fsl_pint.c.obj
 .rodata.__func__.10
                0x00005088       0x11 CMakeFiles/tp1.elf.dir/home/hernan/SDK_25_06_00_LPC845BREAKOUT/devices/LPC845/drivers/fsl_pint.c.obj
 *fill*         0x00005099        0x3 
 .rodata.__func__.9
                0x0000509c        0xa CMakeFiles/tp1.elf.dir/home/hernan/SDK_25_06_00_LPC845BREAKOUT/devices/LPC845/drivers/fsl_pint.c.obj
 *fill*         0x000050a6        0x2 
 .rodata.__func__.8
                0x000050a8       0x18 CMakeFiles/tp1.elf.dir/home/hernan/SDK_25_06_00_LPC845BREAKOUT/devices/LPC845/drivers/fsl_pint.c.obj
 .rodata.__func__.3
                0x000050c0       0x1b CMakeFiles/tp1.elf.dir/home/hernan/SDK_25_06_00_LPC845BREAKOUT/devices/LPC845/drivers/fsl_pint.c.obj
 *fill*         0x000050db        0x1 
 .rodata.__func__.1
                0x000050dc       0x19 CMakeFiles/tp1.elf.dir/home/hernan/SDK_25_06_00_LPC845BREAKOUT/devices/LPC845/drivers/fsl_reset.c.obj
 *fill*         0x000050f5        0x3 
 .rodata.__func__.0
                0x000050f8       0x1b CMakeFiles/tp1.elf.dir/home/hernan/SDK_25_06_00_LPC845BREAKOUT/devices/LPC845/drivers/fsl_reset.c.obj
 *fill*         0x00005113        0x1 
 .rodata.__func__.1
                0x00005114       0x18 CMakeFiles/tp1.elf.dir/home/hernan/SDK_25_06_00_LPC845BREAKOUT/devices/LPC845/drivers/fsl_swm.c.obj
 .rodata.__func__.0
                0x0000512c       0x16 CMakeFiles/tp1.elf.dir/home/hernan/SDK_25_06_00_LPC845BREAKOUT/devices/LPC845/drivers/fsl_swm.c.obj
 .rodata._svfprintf_r.str1.1
                0x00005142       0x33 /usr/lib/gcc/arm-none-eabi/15.2.0/../../../../arm-none-eabi/lib/thumb/v6-m/nofp/libc_nano.a(libc_a-nano-svfprintf.o)
                                 0x11 (size before relaxing)
 .rodata._printf_i.str1.1
                0x00005175        0x0 /usr/lib/gcc/arm-none-eabi/15.2.0/../../../../arm-none-eabi/lib/thumb/v6-m/nofp/libc_nano.a(libc_a-nano-vfprintf_i.o)
                                 0x22 (size before relaxing)
 *(.glue_7)
 .glue_7        0x00005175        0x0 linker stubs
 *(.glue_7t)
 .glue_7t       0x00005175        0x0 linker stubs
 *(.eh_frame)
 *fill*         0x00005175        0x3 
 .eh_frame      0x00005178        0x0 /usr/lib/gcc/arm-none-eabi/15.2.0/thumb/v6-m/nofp/crtbegin.o
 *(.init)
 .init          0x00005178        0x4 /usr/lib/gcc/arm-none-eabi/15.2.0/thumb/v6-m/nofp/crti.o
                0x00005178                _init
 .init          0x0000517c        0x8 /usr/lib/gcc/arm-none-eabi/15.2.0/thumb/v6-m/nofp/crtn.o
 *(.fini)
 .fini          0x00005184        0x4 /usr/lib/gcc/arm-none-eabi/15.2.0/thumb/v6-m/nofp/crti.o
                0x00005184                _fini
 .fini          0x00005188        0x8 /usr/lib/gcc/arm-none-eabi/15.2.0/thumb/v6-m/nofp/crtn.o
                0x00005190                        . = ALIGN (0x4)

.vfp11_veneer   0x00005190        0x0
 .vfp11_veneer  0x00005190        0x0 linker stubs

.v4_bx          0x00005190        0x0
 .v4_bx         0x00005190        0x0 linker stubs

.iplt           0x00005190        0x0
 .iplt          0x00005190        0x0 /usr/lib/gcc/arm-none-eabi/15.2.0/thumb/v6-m/nofp/crtbegin.o

.ARM.extab
 *(.ARM.extab* .gnu.linkonce.armextab.*)

.ARM            0x00005190        0x8
                0x00005190                        __exidx_start = .
 *(.ARM.exidx*)
 .ARM.exidx     0x00005190        0x8 /usr/lib/gcc/arm-none-eabi/15.2.0/../../../../arm-none-eabi/lib/thumb/v6-m/nofp/crt0.o
                                 0x10 (size before relaxing)
 .ARM.exidx     0x00005198        0x0 /usr/lib/gcc/arm-none-eabi/15.2.0/thumb/v6-m/nofp/libgcc.a(_udivmoddi4.o)
                                  0x8 (size before relaxing)
                0x00005198                        __exidx_end = .

.rel.dyn        0x00005198        0x0
 .rel.iplt      0x00005198        0x0 /usr/lib/gcc/arm-none-eabi/15.2.0/thumb/v6-m/nofp/crtbegin.o

.ctors          0x00005198        0x0
                0x00005198                        __CTOR_LIST__ = .
 *crtbegin.o(.ctors)
 *crtbegin?.o(.ctors)
 *(EXCLUDE_FILE(*crtend.o *crtend?.o) .ctors)
 *(SORT_BY_NAME(.ctors.*))
 *(.ctors)
                0x00005198                        __CTOR_END__ = .

.dtors          0x00005198        0x0
                0x00005198                        __DTOR_LIST__ = .
 *crtbegin.o(.dtors)
 *crtbegin?.o(.dtors)
 *(EXCLUDE_FILE(*crtend.o *crtend?.o) .dtors)
 *(SORT_BY_NAME(.dtors.*))
 *(.dtors)
                0x00005198                        __DTOR_END__ = .

.preinit_array  0x00005198        0x0
                0x00005198                        PROVIDE (__preinit_array_start = .)
 *(.preinit_array*)
                0x00005198                        PROVIDE (__preinit_array_end = .)

.init_array     0x00005198        0x4
                0x00005198                        PROVIDE (__init_array_start = .)
 *(SORT_BY_NAME(.init_array.*))
 *(.init_array*)
 .init_array    0x00005198        0x4 /usr/lib/gcc/arm-none-eabi/15.2.0/thumb/v6-m/nofp/crtbegin.o
                0x0000519c                        PROVIDE (__init_array_end = .)

.fini_array     0x0000519c        0x4
                0x0000519c                        PROVIDE (__fini_array_start = .)
 *(SORT_BY_NAME(.fini_array.*))
 *(.fini_array*)
 .fini_array    0x0000519c        0x4 /usr/lib/gcc/arm-none-eabi/15.2.0/thumb/v6-m/nofp/crtbegin.o
                0x000051a0                        PROVIDE (__fini_array_end = .)
                0x000051a0                        __etext = .
                0x000051a0                        __DATA_ROM = .

.data           0x10000000       0x60 load address 0x000051a0
                0x10000000                        . = ALIGN (0x4)
                0x10000000                        __DATA_RAM = .
                0x10000000                        __data_start__ = .
 *(.ramfunc*)
 *(.data)
 *(.data*)
 .data.RxBufferEmpty
                0x10000000        0x1 CMakeFiles/tp1.elf.dir/src/usart.c.obj
                0x10000000                RxBufferEmpty
 *fill*         0x10000001        0x3 
 .data.report_interval
                0x10000004        0x4 CMakeFiles/tp1.elf.dir/src/usart.c.obj
                0x10000004                report_interval
 .data.SystemCoreClock
                0x10000008        0x4 CMakeFiles/tp1.elf.dir/home/hernan/SDK_25_06_00_LPC845BREAKOUT/devices/LPC845/system_LPC845.c.obj
                0x10000008                SystemCoreClock
 .data._impure_ptr
                0x1000000c        0x4 /usr/lib/gcc/arm-none-eabi/15.2.0/../../../../arm-none-eabi/lib/thumb/v6-m/nofp/libc_nano.a(libc_a-impure.o)
                0x1000000c                _impure_ptr
 .data._impure_data
                0x10000010       0x4c /usr/lib/gcc/arm-none-eabi/15.2.0/../../../../arm-none-eabi/lib/thumb/v6-m/nofp/libc_nano.a(libc_a-impure.o)
                0x10000010                _impure_data
 .data.__atexit_recursive_mutex
                0x1000005c        0x4 /usr/lib/gcc/arm-none-eabi/15.2.0/../../../../arm-none-eabi/lib/thumb/v6-m/nofp/libc_nano.a(libc_a-__call_atexit.o)
                0x1000005c                __atexit_recursive_mutex
 *(.jcr*)
                0x10000060                        . = ALIGN (0x4)
                0x10000060                        __data_end__ = .
                0x00005200                        __DATA_END = (__DATA_ROM + (__data_end__ - __data_start__))
                0x00010000                        text_end = (ORIGIN (m_text) + LENGTH (m_text))
                0x00000001                        ASSERT ((__DATA_END <= text_end), region m_text overflowed with text and data)

.tm_clone_table
                0x10000060        0x0 load address 0x00005200
 .tm_clone_table
                0x10000060        0x0 /usr/lib/gcc/arm-none-eabi/15.2.0/thumb/v6-m/nofp/crtbegin.o
 .tm_clone_table
                0x10000060        0x0 /usr/lib/gcc/arm-none-eabi/15.2.0/thumb/v6-m/nofp/crtend.o

.igot.plt       0x10000060        0x0 load address 0x00005200
 .igot.plt      0x10000060        0x0 /usr/lib/gcc/arm-none-eabi/15.2.0/thumb/v6-m/nofp/crtbegin.o

.bss            0x10000060      0x29c load address 0x00005200
                0x10000060                        . = ALIGN (0x4)
                0x10000060                        __START_BSS = .
                0x10000060                        __bss_start__ = .
 *(.bss)
 .bss           0x10000060       0x1c /usr/lib/gcc/arm-none-eabi/15.2.0/thumb/v6-m/nofp/crtbegin.o
 *(.bss*)
 .bss.conversionResults
                0x1000007c       0x10 CMakeFiles/tp1.elf.dir/src/adc.c.obj
 .bss.conversionReady
                0x1000008c        0x1 CMakeFiles/tp1.elf.dir/src/adc.c.obj
                0x1000008c                conversionReady
 .bss.buttonReady
                0x1000008d        0x1 CMakeFiles/tp1.elf.dir/src/button.c.obj
                0x1000008d                buttonReady
 .bss.currentFormat
                0x1000008e        0x1 CMakeFiles/tp1.elf.dir/src/button.c.obj
                0x1000008e                currentFormat
 *fill*         0x1000008f        0x1 
 .bss.msTicks   0x10000090        0x4 CMakeFiles/tp1.elf.dir/src/timer.c.obj
 .bss.usart_handle
                0x10000094       0x30 CMakeFiles/tp1.elf.dir/src/usart.c.obj
                0x10000094                usart_handle
 .bss.rcv       0x100000c4        0x8 CMakeFiles/tp1.elf.dir/src/usart.c.obj
                0x100000c4                rcv
 .bss.RxOngoing
                0x100000cc        0x1 CMakeFiles/tp1.elf.dir/src/usart.c.obj
                0x100000cc                RxOngoing
 .bss.RxData    0x100000cd        0x1 CMakeFiles/tp1.elf.dir/src/usart.c.obj
                0x100000cd                RxData
 *fill*         0x100000ce        0x2 
 .bss.CommandBuffer
                0x100000d0       0x10 CMakeFiles/tp1.elf.dir/src/usart.c.obj
                0x100000d0                CommandBuffer
 .bss.command_idx.0
                0x100000e0        0x1 CMakeFiles/tp1.elf.dir/src/usart.c.obj
 *fill*         0x100000e1        0x3 
 .bss.g_Ext_Clk_Freq
                0x100000e4        0x4 CMakeFiles/tp1.elf.dir/home/hernan/SDK_25_06_00_LPC845BREAKOUT/devices/LPC845/drivers/fsl_clock.c.obj
                0x100000e4                g_Ext_Clk_Freq
 .bss.g_Wdt_Osc_Freq
                0x100000e8        0x4 CMakeFiles/tp1.elf.dir/home/hernan/SDK_25_06_00_LPC845BREAKOUT/devices/LPC845/drivers/fsl_clock.c.obj
                0x100000e8                g_Wdt_Osc_Freq
 .bss.s_usartHandle
                0x100000ec       0x14 CMakeFiles/tp1.elf.dir/home/hernan/SDK_25_06_00_LPC845BREAKOUT/devices/LPC845/drivers/fsl_usart.c.obj
 .bss.s_usartIsr
                0x10000100        0x4 CMakeFiles/tp1.elf.dir/home/hernan/SDK_25_06_00_LPC845BREAKOUT/devices/LPC845/drivers/fsl_usart.c.obj
 .bss.s_pintCallback
                0x10000104        0x4 CMakeFiles/tp1.elf.dir/home/hernan/SDK_25_06_00_LPC845BREAKOUT/devices/LPC845/drivers/fsl_pint.c.obj
 .bss.heap_end.0
                0x10000108        0x4 CMakeFiles/tp1.elf.dir/home/hernan/SDK_25_06_00_LPC845BREAKOUT/devices/LPC845/utilities/fsl_sbrk.c.obj
 .bss.s_debugConsole
                0x1000010c       0x14 CMakeFiles/tp1.elf.dir/home/hernan/SDK_25_06_00_LPC845BREAKOUT/devices/LPC845/utilities/debug_console_lite/fsl_debug_console.c.obj
 .bss.__malloc_sbrk_start
                0x10000120        0x4 /usr/lib/gcc/arm-none-eabi/15.2.0/../../../../arm-none-eabi/lib/thumb/v6-m/nofp/libc_nano.a(libc_a-mallocr.o)
                0x10000120                __malloc_sbrk_start
 .bss.__malloc_free_list
                0x10000124        0x4 /usr/lib/gcc/arm-none-eabi/15.2.0/../../../../arm-none-eabi/lib/thumb/v6-m/nofp/libc_nano.a(libc_a-mallocr.o)
                0x10000124                __malloc_free_list
 .bss.__sf      0x10000128      0x138 /usr/lib/gcc/arm-none-eabi/15.2.0/../../../../arm-none-eabi/lib/thumb/v6-m/nofp/libc_nano.a(libc_a-findfp.o)
                0x10000128                __sf
 .bss.__stdio_exit_handler
                0x10000260        0x4 /usr/lib/gcc/arm-none-eabi/15.2.0/../../../../arm-none-eabi/lib/thumb/v6-m/nofp/libc_nano.a(libc_a-findfp.o)
                0x10000260                __stdio_exit_handler
 .bss.errno     0x10000264        0x4 /usr/lib/gcc/arm-none-eabi/15.2.0/../../../../arm-none-eabi/lib/thumb/v6-m/nofp/libc_nano.a(libc_a-reent.o)
                0x10000264                errno
 .bss.__lock___malloc_recursive_mutex
                0x10000268        0x1 /usr/lib/gcc/arm-none-eabi/15.2.0/../../../../arm-none-eabi/lib/thumb/v6-m/nofp/libc_nano.a(libc_a-lock.o)
                0x10000268                __lock___malloc_recursive_mutex
 .bss.__lock___atexit_recursive_mutex
                0x10000269        0x1 /usr/lib/gcc/arm-none-eabi/15.2.0/../../../../arm-none-eabi/lib/thumb/v6-m/nofp/libc_nano.a(libc_a-lock.o)
                0x10000269                __lock___atexit_recursive_mutex
 *fill*         0x1000026a        0x2 
 .bss.__atexit0
                0x1000026c       0x8c /usr/lib/gcc/arm-none-eabi/15.2.0/../../../../arm-none-eabi/lib/thumb/v6-m/nofp/libc_nano.a(libc_a-__atexit.o)
                0x1000026c                __atexit0
 .bss.__atexit  0x100002f8        0x4 /usr/lib/gcc/arm-none-eabi/15.2.0/../../../../arm-none-eabi/lib/thumb/v6-m/nofp/libc_nano.a(libc_a-__call_atexit.o)
                0x100002f8                __atexit
 *(COMMON)
                0x100002fc                        . = ALIGN (0x4)
                0x100002fc                        __bss_end__ = .
                0x100002fc                        __END_BSS = .

.heap           0x100002fc      0x404 load address 0x0000549c
                0x10000300                        . = ALIGN (0x8)
 *fill*         0x100002fc        0x4 
                0x10000300                        __end__ = .
                0x10000300                        PROVIDE (end = .)
                0x10000300                        __HeapBase = .
                0x10000700                        . = (. + HEAP_SIZE)
 *fill*         0x10000300      0x400 
                0x10000700                        __HeapLimit = .
                0x10000700                        __heap_limit = .

.stack          0x10000700      0x800 load address 0x000058a0
                0x10000700                        . = ALIGN (0x8)
                0x10000f00                        . = (. + STACK_SIZE)
 *fill*         0x10000700      0x800 
                0x10003fe0                        __StackTop = (ORIGIN (m_data) + LENGTH (m_data))
                0x100037e0                        __StackLimit = (__StackTop - STACK_SIZE)
                0x10003fe0                        PROVIDE (__stack = __StackTop)

.ARM.attributes
                0x00000000       0x28
 *(.ARM.attributes)
 .ARM.attributes
                0x00000000       0x1e /usr/lib/gcc/arm-none-eabi/15.2.0/thumb/v6-m/nofp/crti.o
 .ARM.attributes
                0x0000001e       0x2c /usr/lib/gcc/arm-none-eabi/15.2.0/thumb/v6-m/nofp/crtbegin.o
 .ARM.attributes
                0x0000004a       0x1b /usr/lib/gcc/arm-none-eabi/15.2.0/../../../../arm-none-eabi/lib/thumb/v6-m/nofp/crt0.o
 .ARM.attributes
                0x00000065       0x2c CMakeFiles/tp1.elf.dir/clock_config.c.obj
 .ARM.attributes
                0x00000091       0x2c CMakeFiles/tp1.elf.dir/pin_mux.c.obj
 .ARM.attributes
                0x000000bd       0x2c CMakeFiles/tp1.elf.dir/src/adc.c.obj
 .ARM.attributes
                0x000000e9       0x2c CMakeFiles/tp1.elf.dir/src/button.c.obj
 .ARM.attributes
                0x00000115       0x2c CMakeFiles/tp1.elf.dir/src/led.c.obj
 .ARM.attributes
                0x00000141       0x2c CMakeFiles/tp1.elf.dir/src/timer.c.obj
 .ARM.attributes
                0x0000016d       0x2c CMakeFiles/tp1.elf.dir/src/usart.c.obj
 .ARM.attributes
                0x00000199       0x2c CMakeFiles/tp1.elf.dir/main.c.obj
 .ARM.attributes
                0x000001c5       0x1b CMakeFiles/tp1.elf.dir/home/hernan/SDK_25_06_00_LPC845BREAKOUT/devices/LPC845/gcc/startup_LPC845.S.obj
 .ARM.attributes
                0x000001e0       0x2c CMakeFiles/tp1.elf.dir/home/hernan/SDK_25_06_00_LPC845BREAKOUT/devices/LPC845/system_LPC845.c.obj
 .ARM.attributes
                0x0000020c       0x2c CMakeFiles/tp1.elf.dir/home/hernan/SDK_25_06_00_LPC845BREAKOUT/devices/LPC845/drivers/fsl_clock.c.obj
 .ARM.attributes
                0x00000238       0x2c CMakeFiles/tp1.elf.dir/home/hernan/SDK_25_06_00_LPC845BREAKOUT/devices/LPC845/drivers/fsl_adc.c.obj
 .ARM.attributes
                0x00000264       0x2c CMakeFiles/tp1.elf.dir/home/hernan/SDK_25_06_00_LPC845BREAKOUT/devices/LPC845/drivers/fsl_gpio.c.obj
 .ARM.attributes
                0x00000290       0x2c CMakeFiles/tp1.elf.dir/home/hernan/SDK_25_06_00_LPC845BREAKOUT/devices/LPC845/drivers/fsl_usart.c.obj
 .ARM.attributes
                0x000002bc       0x2c CMakeFiles/tp1.elf.dir/home/hernan/SDK_25_06_00_LPC845BREAKOUT/devices/LPC845/drivers/fsl_pint.c.obj
 .ARM.attributes
                0x000002e8       0x2c CMakeFiles/tp1.elf.dir/home/hernan/SDK_25_06_00_LPC845BREAKOUT/devices/LPC845/drivers/fsl_reset.c.obj
 .ARM.attributes
                0x00000314       0x2c CMakeFiles/tp1.elf.dir/home/hernan/SDK_25_06_00_LPC845BREAKOUT/devices/LPC845/drivers/fsl_swm.c.obj
 .ARM.attributes
                0x00000340       0x2c CMakeFiles/tp1.elf.dir/home/hernan/SDK_25_06_00_LPC845BREAKOUT/devices/LPC845/drivers/fsl_syscon.c.obj
 .ARM.attributes
                0x0000036c       0x2c CMakeFiles/tp1.elf.dir/home/hernan/SDK_25_06_00_LPC845BREAKOUT/devices/LPC845/utilities/fsl_sbrk.c.obj
 .ARM.attributes
                0x00000398       0x2c CMakeFiles/tp1.elf.dir/home/hernan/SDK_25_06_00_LPC845BREAKOUT/devices/LPC845/utilities/debug_console_lite/fsl_assert.c.obj
 .ARM.attributes
                0x000003c4       0x2c CMakeFiles/tp1.elf.dir/home/hernan/SDK_25_06_00_LPC845BREAKOUT/devices/LPC845/utilities/debug_console_lite/fsl_debug_console.c.obj
 .ARM.attributes
                0x000003f0       0x2c /usr/lib/gcc/arm-none-eabi/15.2.0/../../../../arm-none-eabi/lib/thumb/v6-m/nofp/libc_nano.a(libc_a-atexit.o)
 .ARM.attributes
                0x0000041c       0x2c /usr/lib/gcc/arm-none-eabi/15.2.0/../../../../arm-none-eabi/lib/thumb/v6-m/nofp/libc_nano.a(libc_a-exit.o)
 .ARM.attributes
                0x00000448       0x2c /usr/lib/gcc/arm-none-eabi/15.2.0/../../../../arm-none-eabi/lib/thumb/v6-m/nofp/libc_nano.a(libc_a-malloc.o)
 .ARM.attributes
                0x00000474       0x2c /usr/lib/gcc/arm-none-eabi/15.2.0/../../../../arm-none-eabi/lib/thumb/v6-m/nofp/libc_nano.a(libc_a-mallocr.o)
 .ARM.attributes
                0x000004a0       0x2c /usr/lib/gcc/arm-none-eabi/15.2.0/../../../../arm-none-eabi/lib/thumb/v6-m/nofp/libc_nano.a(libc_a-mlock.o)
 .ARM.attributes
                0x000004cc       0x2c /usr/lib/gcc/arm-none-eabi/15.2.0/../../../../arm-none-eabi/lib/thumb/v6-m/nofp/libc_nano.a(libc_a-findfp.o)
 .ARM.attributes
                0x000004f8       0x2c /usr/lib/gcc/arm-none-eabi/15.2.0/../../../../arm-none-eabi/lib/thumb/v6-m/nofp/libc_nano.a(libc_a-snprintf.o)
 .ARM.attributes
                0x00000524       0x2c /usr/lib/gcc/arm-none-eabi/15.2.0/../../../../arm-none-eabi/lib/thumb/v6-m/nofp/libc_nano.a(libc_a-memset.o)
 .ARM.attributes
                0x00000550       0x2c /usr/lib/gcc/arm-none-eabi/15.2.0/../../../../arm-none-eabi/lib/thumb/v6-m/nofp/libc_nano.a(libc_a-reent.o)
 .ARM.attributes
                0x0000057c       0x2c /usr/lib/gcc/arm-none-eabi/15.2.0/../../../../arm-none-eabi/lib/thumb/v6-m/nofp/libc_nano.a(libc_a-impure.o)
 .ARM.attributes
                0x000005a8       0x2c /usr/lib/gcc/arm-none-eabi/15.2.0/../../../../arm-none-eabi/lib/thumb/v6-m/nofp/libc_nano.a(libc_a-sbrkr.o)
 .ARM.attributes
                0x000005d4       0x2c /usr/lib/gcc/arm-none-eabi/15.2.0/../../../../arm-none-eabi/lib/thumb/v6-m/nofp/libc_nano.a(libc_a-errno.o)
 .ARM.attributes
                0x00000600       0x2c /usr/lib/gcc/arm-none-eabi/15.2.0/../../../../arm-none-eabi/lib/thumb/v6-m/nofp/libc_nano.a(libc_a-init.o)
 .ARM.attributes
                0x0000062c       0x2c /usr/lib/gcc/arm-none-eabi/15.2.0/../../../../arm-none-eabi/lib/thumb/v6-m/nofp/libc_nano.a(libc_a-fini.o)
 .ARM.attributes
                0x00000658       0x2c /usr/lib/gcc/arm-none-eabi/15.2.0/../../../../arm-none-eabi/lib/thumb/v6-m/nofp/libc_nano.a(libc_a-lock.o)
 .ARM.attributes
                0x00000684       0x1c /usr/lib/gcc/arm-none-eabi/15.2.0/../../../../arm-none-eabi/lib/thumb/v6-m/nofp/libc_nano.a(libc_a-strcmp.o)
 .ARM.attributes
                0x000006a0       0x2c /usr/lib/gcc/arm-none-eabi/15.2.0/../../../../arm-none-eabi/lib/thumb/v6-m/nofp/libc_nano.a(libc_a-memcpy-stub.o)
 .ARM.attributes
                0x000006cc       0x1c /usr/lib/gcc/arm-none-eabi/15.2.0/../../../../arm-none-eabi/lib/thumb/v6-m/nofp/libc_nano.a(libc_a-strlen.o)
 .ARM.attributes
                0x000006e8       0x2c /usr/lib/gcc/arm-none-eabi/15.2.0/../../../../arm-none-eabi/lib/thumb/v6-m/nofp/libc_nano.a(libc_a-__atexit.o)
 .ARM.attributes
                0x00000714       0x2c /usr/lib/gcc/arm-none-eabi/15.2.0/../../../../arm-none-eabi/lib/thumb/v6-m/nofp/libc_nano.a(libc_a-__call_atexit.o)
 .ARM.attributes
                0x00000740       0x2c /usr/lib/gcc/arm-none-eabi/15.2.0/../../../../arm-none-eabi/lib/thumb/v6-m/nofp/libc_nano.a(libc_a-freer.o)
 .ARM.attributes
                0x0000076c       0x2c /usr/lib/gcc/arm-none-eabi/15.2.0/../../../../arm-none-eabi/lib/thumb/v6-m/nofp/libc_nano.a(libc_a-nano-svfprintf.o)
 .ARM.attributes
                0x00000798       0x2c /usr/lib/gcc/arm-none-eabi/15.2.0/../../../../arm-none-eabi/lib/thumb/v6-m/nofp/libc_nano.a(libc_a-nano-vfprintf_i.o)
 .ARM.attributes
                0x000007c4       0x2c /usr/lib/gcc/arm-none-eabi/15.2.0/../../../../arm-none-eabi/lib/thumb/v6-m/nofp/libc_nano.a(libc_a-memmove.o)
 .ARM.attributes
                0x000007f0       0x2c /usr/lib/gcc/arm-none-eabi/15.2.0/../../../../arm-none-eabi/lib/thumb/v6-m/nofp/libc_nano.a(libc_a-memchr-stub.o)
 .ARM.attributes
                0x0000081c       0x2c /usr/lib/gcc/arm-none-eabi/15.2.0/../../../../arm-none-eabi/lib/thumb/v6-m/nofp/libc_nano.a(libc_a-reallocr.o)
 .ARM.attributes
                0x00000848       0x2c /usr/lib/gcc/arm-none-eabi/15.2.0/../../../../arm-none-eabi/lib/thumb/v6-m/nofp/libc_nano.a(libc_a-msizer.o)
 .ARM.attributes
                0x00000874       0x1e /usr/lib/gcc/arm-none-eabi/15.2.0/thumb/v6-m/nofp/libgcc.a(_thumb1_case_shi.o)
 .ARM.attributes
                0x00000892       0x1e /usr/lib/gcc/arm-none-eabi/15.2.0/thumb/v6-m/nofp/libgcc.a(_udivsi3.o)
 .ARM.attributes
                0x000008b0       0x1e /usr/lib/gcc/arm-none-eabi/15.2.0/thumb/v6-m/nofp/libgcc.a(_dvmd_tls.o)
 .ARM.attributes
                0x000008ce       0x1e /usr/lib/gcc/arm-none-eabi/15.2.0/thumb/v6-m/nofp/libgcc.a(_aeabi_uldivmod.o)
 .ARM.attributes
                0x000008ec       0x2c /usr/lib/gcc/arm-none-eabi/15.2.0/thumb/v6-m/nofp/libgcc.a(_udivmoddi4.o)
 .ARM.attributes
                0x00000918       0x1e /usr/lib/gcc/arm-none-eabi/15.2.0/thumb/v6-m/nofp/libgcc.a(_clzdi2.o)
 .ARM.attributes
                0x00000936       0x1e /usr/lib/gcc/arm-none-eabi/15.2.0/thumb/v6-m/nofp/libgcc.a(_clzsi2.o)
 .ARM.attributes
                0x00000954       0x2c /usr/lib/gcc/arm-none-eabi/15.2.0/../../../../arm-none-eabi/lib/thumb/v6-m/nofp/libnosys.a(_exit.o)
 .ARM.attributes
                0x00000980       0x2c /usr/lib/gcc/arm-none-eabi/15.2.0/thumb/v6-m/nofp/crtend.o
 .ARM.attributes
                0x000009ac       0x1e /usr/lib/gcc/arm-none-eabi/15.2.0/thumb/v6-m/nofp/crtn.o
                0x00000001                        ASSERT ((__StackLimit >= __HeapLimit), region m_data overflowed with stack and heap)
OUTPUT(debug/tp1.elf elf32-littlearm)
LOAD linker stubs

.comment        0x00000000       0x46
 .comment       0x00000000       0x46 /usr/lib/gcc/arm-none-eabi/15.2.0/thumb/v6-m/nofp/crtbegin.o
                                 0x24 (size before relaxing)
 .comment       0x00000046        0x0 CMakeFiles/tp1.elf.dir/clock_config.c.obj
                                 0x24 (size before relaxing)
 .comment       0x00000046        0x0 CMakeFiles/tp1.elf.dir/pin_mux.c.obj
                                 0x24 (size before relaxing)
 .comment       0x00000046        0x0 CMakeFiles/tp1.elf.dir/src/adc.c.obj
                                 0x24 (size before relaxing)
 .comment       0x00000046        0x0 CMakeFiles/tp1.elf.dir/src/button.c.obj
                                 0x24 (size before relaxing)
 .comment       0x00000046        0x0 CMakeFiles/tp1.elf.dir/src/led.c.obj
                                 0x24 (size before relaxing)
 .comment       0x00000046        0x0 CMakeFiles/tp1.elf.dir/src/timer.c.obj
                                 0x24 (size before relaxing)
 .comment       0x00000046        0x0 CMakeFiles/tp1.elf.dir/src/usart.c.obj
                                 0x24 (size before relaxing)
 .comment       0x00000046        0x0 CMakeFiles/tp1.elf.dir/main.c.obj
                                 0x24 (size before relaxing)
 .comment       0x00000046        0x0 CMakeFiles/tp1.elf.dir/home/hernan/SDK_25_06_00_LPC845BREAKOUT/devices/LPC845/system_LPC845.c.obj
                                 0x24 (size before relaxing)
 .comment       0x00000046        0x0 CMakeFiles/tp1.elf.dir/home/hernan/SDK_25_06_00_LPC845BREAKOUT/devices/LPC845/drivers/fsl_clock.c.obj
                                 0x24 (size before relaxing)
 .comment       0x00000046        0x0 CMakeFiles/tp1.elf.dir/home/hernan/SDK_25_06_00_LPC845BREAKOUT/devices/LPC845/drivers/fsl_adc.c.obj
                                 0x24 (size before relaxing)
 .comment       0x00000046        0x0 CMakeFiles/tp1.elf.dir/home/hernan/SDK_25_06_00_LPC845BREAKOUT/devices/LPC845/drivers/fsl_gpio.c.obj
                                 0x24 (size before relaxing)
 .comment       0x00000046        0x0 CMakeFiles/tp1.elf.dir/home/hernan/SDK_25_06_00_LPC845BREAKOUT/devices/LPC845/drivers/fsl_usart.c.obj
                                 0x24 (size before relaxing)
 .comment       0x00000046        0x0 CMakeFiles/tp1.elf.dir/home/hernan/SDK_25_06_00_LPC845BREAKOUT/devices/LPC845/drivers/fsl_pint.c.obj
                                 0x24 (size before relaxing)
 .comment       0x00000046        0x0 CMakeFiles/tp1.elf.dir/home/hernan/SDK_25_06_00_LPC845BREAKOUT/devices/LPC845/drivers/fsl_reset.c.obj
                                 0x24 (size before relaxing)
 .comment       0x00000046        0x0 CMakeFiles/tp1.elf.dir/home/hernan/SDK_25_06_00_LPC845BREAKOUT/devices/LPC845/drivers/fsl_swm.c.obj
                                 0x24 (size before relaxing)
 .comment       0x00000046        0x0 CMakeFiles/tp1.elf.dir/home/hernan/SDK_25_06_00_LPC845BREAKOUT/devices/LPC845/drivers/fsl_syscon.c.obj
                                 0x24 (size before relaxing)
 .comment       0x00000046        0x0 CMakeFiles/tp1.elf.dir/home/hernan/SDK_25_06_00_LPC845BREAKOUT/devices/LPC845/utilities/fsl_sbrk.c.obj
                                 0x24 (size before relaxing)
 .comment       0x00000046        0x0 CMakeFiles/tp1.elf.dir/home/hernan/SDK_25_06_00_LPC845BREAKOUT/devices/LPC845/utilities/debug_console_lite/fsl_assert.c.obj
                                 0x24 (size before relaxing)
 .comment       0x00000046        0x0 CMakeFiles/tp1.elf.dir/home/hernan/SDK_25_06_00_LPC845BREAKOUT/devices/LPC845/utilities/debug_console_lite/fsl_debug_console.c.obj
                                 0x24 (size before relaxing)
 .comment       0x00000046        0x0 /usr/lib/gcc/arm-none-eabi/15.2.0/../../../../arm-none-eabi/lib/thumb/v6-m/nofp/libc_nano.a(libc_a-atexit.o)
                                 0x24 (size before relaxing)
 .comment       0x00000046        0x0 /usr/lib/gcc/arm-none-eabi/15.2.0/../../../../arm-none-eabi/lib/thumb/v6-m/nofp/libc_nano.a(libc_a-exit.o)
                                 0x24 (size before relaxing)
 .comment       0x00000046        0x0 /usr/lib/gcc/arm-none-eabi/15.2.0/../../../../arm-none-eabi/lib/thumb/v6-m/nofp/libc_nano.a(libc_a-malloc.o)
                                 0x24 (size before relaxing)
 .comment       0x00000046        0x0 /usr/lib/gcc/arm-none-eabi/15.2.0/../../../../arm-none-eabi/lib/thumb/v6-m/nofp/libc_nano.a(libc_a-mallocr.o)
                                 0x24 (size before relaxing)
 .comment       0x00000046        0x0 /usr/lib/gcc/arm-none-eabi/15.2.0/../../../../arm-none-eabi/lib/thumb/v6-m/nofp/libc_nano.a(libc_a-mlock.o)
                                 0x24 (size before relaxing)
 .comment       0x00000046        0x0 /usr/lib/gcc/arm-none-eabi/15.2.0/../../../../arm-none-eabi/lib/thumb/v6-m/nofp/libc_nano.a(libc_a-findfp.o)
                                 0x24 (size before relaxing)
 .comment       0x00000046        0x0 /usr/lib/gcc/arm-none-eabi/15.2.0/../../../../arm-none-eabi/lib/thumb/v6-m/nofp/libc_nano.a(libc_a-snprintf.o)
                                 0x24 (size before relaxing)
 .comment       0x00000046        0x0 /usr/lib/gcc/arm-none-eabi/15.2.0/../../../../arm-none-eabi/lib/thumb/v6-m/nofp/libc_nano.a(libc_a-memset.o)
                                 0x24 (size before relaxing)
 .comment       0x00000046        0x0 /usr/lib/gcc/arm-none-eabi/15.2.0/../../../../arm-none-eabi/lib/thumb/v6-m/nofp/libc_nano.a(libc_a-reent.o)
                                 0x24 (size before relaxing)
 .comment       0x00000046        0x0 /usr/lib/gcc/arm-none-eabi/15.2.0/../../../../arm-none-eabi/lib/thumb/v6-m/nofp/libc_nano.a(libc_a-impure.o)
                                 0x24 (size before relaxing)
 .comment       0x00000046        0x0 /usr/lib/gcc/arm-none-eabi/15.2.0/../../../../arm-none-eabi/lib/thumb/v6-m/nofp/libc_nano.a(libc_a-sbrkr.o)
                                 0x24 (size before relaxing)
 .comment       0x00000046        0x0 /usr/lib/gcc/arm-none-eabi/15.2.0/../../../../arm-none-eabi/lib/thumb/v6-m/nofp/libc_nano.a(libc_a-errno.o)
                                 0x24 (size before relaxing)
 .comment       0x00000046        0x0 /usr/lib/gcc/arm-none-eabi/15.2.0/../../../../arm-none-eabi/lib/thumb/v6-m/nofp/libc_nano.a(libc_a-init.o)
                                 0x24 (size before relaxing)
 .comment       0x00000046        0x0 /usr/lib/gcc/arm-none-eabi/15.2.0/../../../../arm-none-eabi/lib/thumb/v6-m/nofp/libc_nano.a(libc_a-fini.o)
                                 0x24 (size before relaxing)
 .comment       0x00000046        0x0 /usr/lib/gcc/arm-none-eabi/15.2.0/../../../../arm-none-eabi/lib/thumb/v6-m/nofp/libc_nano.a(libc_a-lock.o)
                                 0x24 (size before relaxing)
 .comment       0x00000046        0x0 /usr/lib/gcc/arm-none-eabi/15.2.0/../../../../arm-none-eabi/lib/thumb/v6-m/nofp/libc_nano.a(libc_a-memcpy-stub.o)
                                 0x24 (size before relaxing)
 .comment       0x00000046        0x0 /usr/lib/gcc/arm-none-eabi/15.2.0/../../../../arm-none-eabi/lib/thumb/v6-m/nofp/libc_nano.a(libc_a-__atexit.o)
                                 0x24 (size before relaxing)
 .comment       0x00000046        0x0 /usr/lib/gcc/arm-none-eabi/15.2.0/../../../../arm-none-eabi/lib/thumb/v6-m/nofp/libc_nano.a(libc_a-__call_atexit.o)
                                 0x24 (size before relaxing)
 .comment       0x00000046        0x0 /usr/lib/gcc/arm-none-eabi/15.2.0/../../../../arm-none-eabi/lib/thumb/v6-m/nofp/libc_nano.a(libc_a-freer.o)
                                 0x24 (size before relaxing)
 .comment       0x00000046        0x0 /usr/lib/gcc/arm-none-eabi/15.2.0/../../../../arm-none-eabi/lib/thumb/v6-m/nofp/libc_nano.a(libc_a-nano-svfprintf.o)
                                 0x24 (size before relaxing)
 .comment       0x00000046        0x0 /usr/lib/gcc/arm-none-eabi/15.2.0/../../../../arm-none-eabi/lib/thumb/v6-m/nofp/libc_nano.a(libc_a-nano-vfprintf_i.o)
                                 0x24 (size before relaxing)
 .comment       0x00000046        0x0 /usr/lib/gcc/arm-none-eabi/15.2.0/../../../../arm-none-eabi/lib/thumb/v6-m/nofp/libc_nano.a(libc_a-memmove.o)
                                 0x24 (size before relaxing)
 .comment       0x00000046        0x0 /usr/lib/gcc/arm-none-eabi/15.2.0/../../../../arm-none-eabi/lib/thumb/v6-m/nofp/libc_nano.a(libc_a-memchr-stub.o)
                                 0x24 (size before relaxing)
 .comment       0x00000046        0x0 /usr/lib/gcc/arm-none-eabi/15.2.0/../../../../arm-none-eabi/lib/thumb/v6-m/nofp/libc_nano.a(libc_a-reallocr.o)
                                 0x24 (size before relaxing)
 .comment       0x00000046        0x0 /usr/lib/gcc/arm-none-eabi/15.2.0/../../../../arm-none-eabi/lib/thumb/v6-m/nofp/libc_nano.a(libc_a-msizer.o)
                                 0x24 (size before relaxing)
 .comment       0x00000046        0x0 /usr/lib/gcc/arm-none-eabi/15.2.0/thumb/v6-m/nofp/libgcc.a(_udivmoddi4.o)
                                 0x24 (size before relaxing)
 .comment       0x00000046        0x0 /usr/lib/gcc/arm-none-eabi/15.2.0/../../../../arm-none-eabi/lib/thumb/v6-m/nofp/libnosys.a(_exit.o)
                                 0x24 (size before relaxing)
 .comment       0x00000046        0x0 /usr/lib/gcc/arm-none-eabi/15.2.0/thumb/v6-m/nofp/crtend.o
                                 0x24 (size before relaxing)

.debug_line     0x00000000     0x95c9
 .debug_line    0x00000000       0x7a /usr/lib/gcc/arm-none-eabi/15.2.0/../../../../arm-none-eabi/lib/thumb/v6-m/nofp/crt0.o
 .debug_line    0x0000007a      0x331 CMakeFiles/tp1.elf.dir/clock_config.c.obj
 .debug_line    0x000003ab      0x392 CMakeFiles/tp1.elf.dir/pin_mux.c.obj
 .debug_line    0x0000073d      0x316 CMakeFiles/tp1.elf.dir/src/adc.c.obj
 .debug_line    0x00000a53      0x212 CMakeFiles/tp1.elf.dir/src/button.c.obj
 .debug_line    0x00000c65      0x25d CMakeFiles/tp1.elf.dir/src/led.c.obj
 .debug_line    0x00000ec2      0x15b CMakeFiles/tp1.elf.dir/src/timer.c.obj
 .debug_line    0x0000101d      0x360 CMakeFiles/tp1.elf.dir/src/usart.c.obj
 .debug_line    0x0000137d      0x45d CMakeFiles/tp1.elf.dir/main.c.obj
 .debug_line    0x000017da      0x136 CMakeFiles/tp1.elf.dir/home/hernan/SDK_25_06_00_LPC845BREAKOUT/devices/LPC845/gcc/startup_LPC845.S.obj
 .debug_line    0x00001910      0x360 CMakeFiles/tp1.elf.dir/home/hernan/SDK_25_06_00_LPC845BREAKOUT/devices/LPC845/system_LPC845.c.obj
 .debug_line    0x00001c70      0x94d CMakeFiles/tp1.elf.dir/home/hernan/SDK_25_06_00_LPC845BREAKOUT/devices/LPC845/drivers/fsl_clock.c.obj
 .debug_line    0x000025bd      0x54f CMakeFiles/tp1.elf.dir/home/hernan/SDK_25_06_00_LPC845BREAKOUT/devices/LPC845/drivers/fsl_adc.c.obj
 .debug_line    0x00002b0c      0x244 CMakeFiles/tp1.elf.dir/home/hernan/SDK_25_06_00_LPC845BREAKOUT/devices/LPC845/drivers/fsl_gpio.c.obj
 .debug_line    0x00002d50      0xc68 CMakeFiles/tp1.elf.dir/home/hernan/SDK_25_06_00_LPC845BREAKOUT/devices/LPC845/drivers/fsl_usart.c.obj
 .debug_line    0x000039b8      0xa90 CMakeFiles/tp1.elf.dir/home/hernan/SDK_25_06_00_LPC845BREAKOUT/devices/LPC845/drivers/fsl_pint.c.obj
 .debug_line    0x00004448      0x1e5 CMakeFiles/tp1.elf.dir/home/hernan/SDK_25_06_00_LPC845BREAKOUT/devices/LPC845/drivers/fsl_reset.c.obj
 .debug_line    0x0000462d      0x20f CMakeFiles/tp1.elf.dir/home/hernan/SDK_25_06_00_LPC845BREAKOUT/devices/LPC845/drivers/fsl_swm.c.obj
 .debug_line    0x0000483c      0x164 CMakeFiles/tp1.elf.dir/home/hernan/SDK_25_06_00_LPC845BREAKOUT/devices/LPC845/drivers/fsl_syscon.c.obj
 .debug_line    0x000049a0      0x159 CMakeFiles/tp1.elf.dir/home/hernan/SDK_25_06_00_LPC845BREAKOUT/devices/LPC845/utilities/fsl_sbrk.c.obj
 .debug_line    0x00004af9       0xf3 CMakeFiles/tp1.elf.dir/home/hernan/SDK_25_06_00_LPC845BREAKOUT/devices/LPC845/utilities/debug_console_lite/fsl_assert.c.obj
 .debug_line    0x00004bec      0x6db CMakeFiles/tp1.elf.dir/home/hernan/SDK_25_06_00_LPC845BREAKOUT/devices/LPC845/utilities/debug_console_lite/fsl_debug_console.c.obj
 .debug_line    0x000052c7       0xf4 /usr/lib/gcc/arm-none-eabi/15.2.0/../../../../arm-none-eabi/lib/thumb/v6-m/nofp/libc_nano.a(libc_a-atexit.o)
 .debug_line    0x000053bb      0x181 /usr/lib/gcc/arm-none-eabi/15.2.0/../../../../arm-none-eabi/lib/thumb/v6-m/nofp/libc_nano.a(libc_a-exit.o)
 .debug_line    0x0000553c      0x1d7 /usr/lib/gcc/arm-none-eabi/15.2.0/../../../../arm-none-eabi/lib/thumb/v6-m/nofp/libc_nano.a(libc_a-malloc.o)
 .debug_line    0x00005713      0x4e4 /usr/lib/gcc/arm-none-eabi/15.2.0/../../../../arm-none-eabi/lib/thumb/v6-m/nofp/libc_nano.a(libc_a-mallocr.o)
 .debug_line    0x00005bf7      0x1c6 /usr/lib/gcc/arm-none-eabi/15.2.0/../../../../arm-none-eabi/lib/thumb/v6-m/nofp/libc_nano.a(libc_a-mlock.o)
 .debug_line    0x00005dbd      0x600 /usr/lib/gcc/arm-none-eabi/15.2.0/../../../../arm-none-eabi/lib/thumb/v6-m/nofp/libc_nano.a(libc_a-findfp.o)
 .debug_line    0x000063bd      0x309 /usr/lib/gcc/arm-none-eabi/15.2.0/../../../../arm-none-eabi/lib/thumb/v6-m/nofp/libc_nano.a(libc_a-snprintf.o)
 .debug_line    0x000066c6      0x127 /usr/lib/gcc/arm-none-eabi/15.2.0/../../../../arm-none-eabi/lib/thumb/v6-m/nofp/libc_nano.a(libc_a-memset.o)
 .debug_line    0x000067ed      0x2b6 /usr/lib/gcc/arm-none-eabi/15.2.0/../../../../arm-none-eabi/lib/thumb/v6-m/nofp/libc_nano.a(libc_a-reent.o)
 .debug_line    0x00006aa3      0x112 /usr/lib/gcc/arm-none-eabi/15.2.0/../../../../arm-none-eabi/lib/thumb/v6-m/nofp/libc_nano.a(libc_a-impure.o)
 .debug_line    0x00006bb5      0x1e9 /usr/lib/gcc/arm-none-eabi/15.2.0/../../../../arm-none-eabi/lib/thumb/v6-m/nofp/libc_nano.a(libc_a-sbrkr.o)
 .debug_line    0x00006d9e      0x141 /usr/lib/gcc/arm-none-eabi/15.2.0/../../../../arm-none-eabi/lib/thumb/v6-m/nofp/libc_nano.a(libc_a-errno.o)
 .debug_line    0x00006edf      0x103 /usr/lib/gcc/arm-none-eabi/15.2.0/../../../../arm-none-eabi/lib/thumb/v6-m/nofp/libc_nano.a(libc_a-init.o)
 .debug_line    0x00006fe2       0xcb /usr/lib/gcc/arm-none-eabi/15.2.0/../../../../arm-none-eabi/lib/thumb/v6-m/nofp/libc_nano.a(libc_a-fini.o)
 .debug_line    0x000070ad      0x187 /usr/lib/gcc/arm-none-eabi/15.2.0/../../../../arm-none-eabi/lib/thumb/v6-m/nofp/libc_nano.a(libc_a-lock.o)
 .debug_line    0x00007234       0x52 /usr/lib/gcc/arm-none-eabi/15.2.0/../../../../arm-none-eabi/lib/thumb/v6-m/nofp/libc_nano.a(libc_a-strcmp.o)
 .debug_line    0x00007286      0x184 /usr/lib/gcc/arm-none-eabi/15.2.0/../../../../arm-none-eabi/lib/thumb/v6-m/nofp/libc_nano.a(libc_a-memcpy-stub.o)
 .debug_line    0x0000740a       0x4f /usr/lib/gcc/arm-none-eabi/15.2.0/../../../../arm-none-eabi/lib/thumb/v6-m/nofp/libc_nano.a(libc_a-strlen.o)
 .debug_line    0x00007459      0x254 /usr/lib/gcc/arm-none-eabi/15.2.0/../../../../arm-none-eabi/lib/thumb/v6-m/nofp/libc_nano.a(libc_a-__atexit.o)
 .debug_line    0x000076ad      0x22d /usr/lib/gcc/arm-none-eabi/15.2.0/../../../../arm-none-eabi/lib/thumb/v6-m/nofp/libc_nano.a(libc_a-__call_atexit.o)
 .debug_line    0x000078da      0x2da /usr/lib/gcc/arm-none-eabi/15.2.0/../../../../arm-none-eabi/lib/thumb/v6-m/nofp/libc_nano.a(libc_a-freer.o)
 .debug_line    0x00007bb4      0x8ae /usr/lib/gcc/arm-none-eabi/15.2.0/../../../../arm-none-eabi/lib/thumb/v6-m/nofp/libc_nano.a(libc_a-nano-svfprintf.o)
 .debug_line    0x00008462      0x65f /usr/lib/gcc/arm-none-eabi/15.2.0/../../../../arm-none-eabi/lib/thumb/v6-m/nofp/libc_nano.a(libc_a-nano-vfprintf_i.o)
 .debug_line    0x00008ac1      0x156 /usr/lib/gcc/arm-none-eabi/15.2.0/../../../../arm-none-eabi/lib/thumb/v6-m/nofp/libc_nano.a(libc_a-memmove.o)
 .debug_line    0x00008c17      0x185 /usr/lib/gcc/arm-none-eabi/15.2.0/../../../../arm-none-eabi/lib/thumb/v6-m/nofp/libc_nano.a(libc_a-memchr-stub.o)
 .debug_line    0x00008d9c      0x245 /usr/lib/gcc/arm-none-eabi/15.2.0/../../../../arm-none-eabi/lib/thumb/v6-m/nofp/libc_nano.a(libc_a-reallocr.o)
 .debug_line    0x00008fe1      0x1cd /usr/lib/gcc/arm-none-eabi/15.2.0/../../../../arm-none-eabi/lib/thumb/v6-m/nofp/libc_nano.a(libc_a-msizer.o)
 .debug_line    0x000091ae       0x53 /usr/lib/gcc/arm-none-eabi/15.2.0/thumb/v6-m/nofp/libgcc.a(_thumb1_case_shi.o)
 .debug_line    0x00009201       0x56 /usr/lib/gcc/arm-none-eabi/15.2.0/thumb/v6-m/nofp/libgcc.a(_udivsi3.o)
 .debug_line    0x00009257       0x4a /usr/lib/gcc/arm-none-eabi/15.2.0/thumb/v6-m/nofp/libgcc.a(_dvmd_tls.o)
 .debug_line    0x000092a1       0x55 /usr/lib/gcc/arm-none-eabi/15.2.0/thumb/v6-m/nofp/libgcc.a(_aeabi_uldivmod.o)
 .debug_line    0x000092f6      0x1c1 /usr/lib/gcc/arm-none-eabi/15.2.0/thumb/v6-m/nofp/libgcc.a(_udivmoddi4.o)
 .debug_line    0x000094b7       0x54 /usr/lib/gcc/arm-none-eabi/15.2.0/thumb/v6-m/nofp/libgcc.a(_clzdi2.o)
 .debug_line    0x0000950b       0x5e /usr/lib/gcc/arm-none-eabi/15.2.0/thumb/v6-m/nofp/libgcc.a(_clzsi2.o)
 .debug_line    0x00009569       0x60 /usr/lib/gcc/arm-none-eabi/15.2.0/../../../../arm-none-eabi/lib/thumb/v6-m/nofp/libnosys.a(_exit.o)

.debug_line_str
                0x00000000      0x2e0
 .debug_line_str
                0x00000000      0x2e0 /usr/lib/gcc/arm-none-eabi/15.2.0/../../../../arm-none-eabi/lib/thumb/v6-m/nofp/crt0.o
                                 0xb0 (size before relaxing)
 .debug_line_str
                0x000002e0        0x0 CMakeFiles/tp1.elf.dir/home/hernan/SDK_25_06_00_LPC845BREAKOUT/devices/LPC845/gcc/startup_LPC845.S.obj
                                 0x8b (size before relaxing)
 .debug_line_str
                0x000002e0        0x0 /usr/lib/gcc/arm-none-eabi/15.2.0/../../../../arm-none-eabi/lib/thumb/v6-m/nofp/libc_nano.a(libc_a-strcmp.o)
                                 0xc0 (size before relaxing)
 .debug_line_str
                0x000002e0        0x0 /usr/lib/gcc/arm-none-eabi/15.2.0/../../../../arm-none-eabi/lib/thumb/v6-m/nofp/libc_nano.a(libc_a-strlen.o)
                                 0xc3 (size before relaxing)
 .debug_line_str
                0x000002e0        0x0 /usr/lib/gcc/arm-none-eabi/15.2.0/thumb/v6-m/nofp/libgcc.a(_thumb1_case_shi.o)
                                 0xc6 (size before relaxing)
 .debug_line_str
                0x000002e0        0x0 /usr/lib/gcc/arm-none-eabi/15.2.0/thumb/v6-m/nofp/libgcc.a(_udivsi3.o)
                                 0xc6 (size before relaxing)
 .debug_line_str
                0x000002e0        0x0 /usr/lib/gcc/arm-none-eabi/15.2.0/thumb/v6-m/nofp/libgcc.a(_dvmd_tls.o)
                                 0xc6 (size before relaxing)
 .debug_line_str
                0x000002e0        0x0 /usr/lib/gcc/arm-none-eabi/15.2.0/thumb/v6-m/nofp/libgcc.a(_aeabi_uldivmod.o)
                                 0xc6 (size before relaxing)
 .debug_line_str
                0x000002e0        0x0 /usr/lib/gcc/arm-none-eabi/15.2.0/thumb/v6-m/nofp/libgcc.a(_clzdi2.o)
                                 0xc6 (size before relaxing)
 .debug_line_str
                0x000002e0        0x0 /usr/lib/gcc/arm-none-eabi/15.2.0/thumb/v6-m/nofp/libgcc.a(_clzsi2.o)
                                 0xc6 (size before relaxing)

.debug_info     0x00000000    0x193b8
 .debug_info    0x00000000       0x24 /usr/lib/gcc/arm-none-eabi/15.2.0/../../../../arm-none-eabi/lib/thumb/v6-m/nofp/crt0.o
 .debug_info    0x00000024      0xa3e CMakeFiles/tp1.elf.dir/clock_config.c.obj
 .debug_info    0x00000a62     0x10c8 CMakeFiles/tp1.elf.dir/pin_mux.c.obj
 .debug_info    0x00001b2a     0x121c CMakeFiles/tp1.elf.dir/src/adc.c.obj
 .debug_info    0x00002d46      0xdb6 CMakeFiles/tp1.elf.dir/src/button.c.obj
 .debug_info    0x00003afc      0x3cb CMakeFiles/tp1.elf.dir/src/led.c.obj
 .debug_info    0x00003ec7      0x413 CMakeFiles/tp1.elf.dir/src/timer.c.obj
 .debug_info    0x000042da      0xbd6 CMakeFiles/tp1.elf.dir/src/usart.c.obj
 .debug_info    0x00004eb0      0xd63 CMakeFiles/tp1.elf.dir/main.c.obj
 .debug_info    0x00005c13      0x37b CMakeFiles/tp1.elf.dir/home/hernan/SDK_25_06_00_LPC845BREAKOUT/devices/LPC845/gcc/startup_LPC845.S.obj
 .debug_info    0x00005f8e      0x60e CMakeFiles/tp1.elf.dir/home/hernan/SDK_25_06_00_LPC845BREAKOUT/devices/LPC845/system_LPC845.c.obj
 .debug_info    0x0000659c     0x130b CMakeFiles/tp1.elf.dir/home/hernan/SDK_25_06_00_LPC845BREAKOUT/devices/LPC845/drivers/fsl_clock.c.obj
 .debug_info    0x000078a7     0x124a CMakeFiles/tp1.elf.dir/home/hernan/SDK_25_06_00_LPC845BREAKOUT/devices/LPC845/drivers/fsl_adc.c.obj
 .debug_info    0x00008af1      0xdfa CMakeFiles/tp1.elf.dir/home/hernan/SDK_25_06_00_LPC845BREAKOUT/devices/LPC845/drivers/fsl_gpio.c.obj
 .debug_info    0x000098eb     0x1de0 CMakeFiles/tp1.elf.dir/home/hernan/SDK_25_06_00_LPC845BREAKOUT/devices/LPC845/drivers/fsl_usart.c.obj
 .debug_info    0x0000b6cb     0x1a95 CMakeFiles/tp1.elf.dir/home/hernan/SDK_25_06_00_LPC845BREAKOUT/devices/LPC845/drivers/fsl_pint.c.obj
 .debug_info    0x0000d160      0x719 CMakeFiles/tp1.elf.dir/home/hernan/SDK_25_06_00_LPC845BREAKOUT/devices/LPC845/drivers/fsl_reset.c.obj
 .debug_info    0x0000d879      0x76a CMakeFiles/tp1.elf.dir/home/hernan/SDK_25_06_00_LPC845BREAKOUT/devices/LPC845/drivers/fsl_swm.c.obj
 .debug_info    0x0000dfe3      0x7bb CMakeFiles/tp1.elf.dir/home/hernan/SDK_25_06_00_LPC845BREAKOUT/devices/LPC845/drivers/fsl_syscon.c.obj
 .debug_info    0x0000e79e      0x124 CMakeFiles/tp1.elf.dir/home/hernan/SDK_25_06_00_LPC845BREAKOUT/devices/LPC845/utilities/fsl_sbrk.c.obj
 .debug_info    0x0000e8c2      0x126 CMakeFiles/tp1.elf.dir/home/hernan/SDK_25_06_00_LPC845BREAKOUT/devices/LPC845/utilities/debug_console_lite/fsl_assert.c.obj
 .debug_info    0x0000e9e8      0xce5 CMakeFiles/tp1.elf.dir/home/hernan/SDK_25_06_00_LPC845BREAKOUT/devices/LPC845/utilities/debug_console_lite/fsl_debug_console.c.obj
 .debug_info    0x0000f6cd      0x123 /usr/lib/gcc/arm-none-eabi/15.2.0/../../../../arm-none-eabi/lib/thumb/v6-m/nofp/libc_nano.a(libc_a-atexit.o)
 .debug_info    0x0000f7f0      0x120 /usr/lib/gcc/arm-none-eabi/15.2.0/../../../../arm-none-eabi/lib/thumb/v6-m/nofp/libc_nano.a(libc_a-exit.o)